Microchip MPLAB XC8 Compiler V1.45 ()

Linker command line:

-W-3 --edf=C:\Program Files (x86)\Microchip\xc8\v1.45\dat\en_msgs.txt -cs \
  -h+dist/default/production\PIC_Tx.production.sym \
  --cmf=dist/default/production\PIC_Tx.production.cmf -z -Q16F886 \
  -oC:\Users\Kosuke\AppData\Local\Temp\sas.2 \
  -Mdist/default/production/PIC_Tx.production.map -E1 -ver=XC8 \
  -ASTACK=0110h-016fh -pstack=STACK -ACODE=00h-07FFhx4 -ASTRCODE=00h-01FFFh \
  -ASTRING=00h-0FFhx32 -ACONST=00h-0FFhx32 -AENTRY=00h-0FFhx32 \
  -ACOMMON=070h-07Fh -ABANK0=020h-06Fh -ABANK1=0A0h-0EFh \
  -ABANK2=0110h-016Fh -ABANK3=0190h-01EFh \
  -ARAM=020h-06Fh,0A0h-0EFh,0110h-016Fh,0190h-01EFh \
  -AABS1=020h-07Fh,0A0h-0EFh,0110h-016Fh,0190h-01EFh -ASFR0=00h-01Fh \
  -ASFR1=080h-09Fh -ASFR2=0100h-010Fh -ASFR3=0180h-018Fh \
  -preset_vec=00h,intentry=04h,init,end_init -ppowerup=CODE -pcinit=CODE \
  -pfunctab=ENTRY -ACONFIG=02007h-02008h -pconfig=CONFIG -DCONFIG=2 \
  -AIDLOC=02000h-02003h -pidloc=IDLOC -DIDLOC=2 -AEEDATA=00h-0FFh/02100h \
  -peeprom_data=EEDATA -DEEDATA=2 -DCODE=2 -DSTRCODE=2 -DSTRING=2 -DCONST=2 \
  -DENTRY=2 -k C:\Users\Kosuke\AppData\Local\Temp\sas.obj \
  dist/default/production\PIC_Tx.production.obj 

Object code version is 3.11

Machine type is 16F886



                Name                               Link     Load   Length Selector   Space Scale
C:\Users\Kosuke\AppData\Local\Temp\sas.obj
                end_init                             12       12        3        8       0
                reset_vec                             0        0        3        0       0
                config                             2007     2007        2     400E       0
dist/default/production\PIC_Tx.production.obj
                cinit                                15       15       37        8       0
                intentry                              4        4        E        8       0
                text18                              594      594        9      AC4       0
                text17                              4BB      4BB       26        8       0
                text16                              5BB      5BB        7      AC4       0
                text15                              5B4      5B4        7      AC4       0
                text14                              5AD      5AD        7      AC4       0
                text13                              5A5      5A5        8      AC4       0
                text12                               4C       4C       DD        8       0
                text11                              2BA      2BA       AE        8       0
                text10                              534      534       1A        8       0
                text9                               562      562       12      AC4       0
                text8                               431      431       58        8       0
                text7                               202      202       B8        8       0
                text6                               585      585        F      AC4       0
                text5                               129      129       D9        8       0
                text4                               3D1      3D1       60        8       0
                text3                               489      489       32        8       0
                text2                               51A      51A       1A        8       0
                text1                               4FF      4FF       1B        8       0
                maintext                            368      368       69        8       0
                cstackBANK0                          20       20       3D       20       1
                cstackCOMMON                         70       70        E       70       1
                cstackBANK1                          BE       BE       19       A0       1
                clrtext                             59D      59D        8      AC4       0
                inittext                            574      574       11      AC4       0
                bssBANK3                            190      190       32      190       1
                dataBANK1                            A0       A0       1E       A0       1
                bssBANK1                             D7       D7       10       A0       1
                dataBANK0                            67       67        6       20       1
                bssBANK0                             5D       5D        A       20       1
                strings                             54E      54E       14      A9C       0
                idataBANK1                          4E1      4E1       1E        8       0
                idataBANK0                          5C2      5C2        6      AC4       0

TOTAL           Name                               Link     Load   Length     Space
        CLASS   STACK          

        CLASS   CODE           
                end_init                             12       12        3         0
                cinit                                15       15       37         0
                intentry                              4        4        E         0
                reset_vec                             0        0        3         0
                text18                              594      594        9         0
                text17                              4BB      4BB       26         0
                text16                              5BB      5BB        7         0
                text15                              5B4      5B4        7         0
                text14                              5AD      5AD        7         0
                text13                              5A5      5A5        8         0
                text12                               4C       4C       DD         0
                text11                              2BA      2BA       AE         0
                text10                              534      534       1A         0
                text9                               562      562       12         0
                text8                               431      431       58         0
                text7                               202      202       B8         0
                text6                               585      585        F         0
                text5                               129      129       D9         0
                text4                               3D1      3D1       60         0
                text3                               489      489       32         0
                text2                               51A      51A       1A         0
                text1                               4FF      4FF       1B         0
                maintext                            368      368       69         0
                clrtext                             59D      59D        8         0
                inittext                            574      574       11         0
                idataBANK1                          4E1      4E1       1E         0
                idataBANK0                          5C2      5C2        6         0

        CLASS   STRCODE        

        CLASS   STRING         
                strings                             54E      54E       14         0

        CLASS   CONST          

        CLASS   ENTRY          

        CLASS   COMMON         
                cstackCOMMON                         70       70        E         1

        CLASS   BANK0          
                cstackBANK0                          20       20       3D         1
                dataBANK0                            67       67        6         1
                bssBANK0                             5D       5D        A         1

        CLASS   BANK1          
                cstackBANK1                          BE       BE       19         1
                dataBANK1                            A0       A0       1E         1
                bssBANK1                             D7       D7       10         1

        CLASS   BANK2          

        CLASS   BANK3          
                bssBANK3                            190      190       32         1

        CLASS   RAM            

        CLASS   ABS1           
                abs_s1                               7E       7E        2         1

        CLASS   SFR0           

        CLASS   SFR1           

        CLASS   SFR2           

        CLASS   SFR3           

        CLASS   CONFIG         
                config                             2007     2007        2         0

        CLASS   IDLOC          

        CLASS   EEDATA         



SEGMENTS        Name                           Load    Length   Top    Selector   Space  Class     Delta

                reset_vec                      000000  000003  000003         0       0  CODE        2
                intentry                       000004  00054A  00054E         8       0  CODE        2
                cstackBANK0                    000020  00004D  00006D        20       1  BANK0       1
                cstackCOMMON                   000070  00000E  00007E        70       1  COMMON      1
                dataBANK1                      0000A0  000047  0000E7        A0       1  BANK1       1
                bssBANK3                       000190  000032  0001C2       190       1  BANK3       1
                strings                        00054E  000014  000562       A9C       0  STRING      2
                text9                          000562  000066  0005C8       AC4       0  CODE        2
                config                         002007  000002  002009      400E       0  CONFIG      2


UNUSED ADDRESS RANGES

        Name                Unused          Largest block    Delta
        BANK0            006D-006F              3           1
        BANK1            00E7-00EF              9           1
        BANK2            0110-016F             60           1
        BANK3            01C2-01EF             2E           1
        CODE             0003-0003              1           2
                         05C8-1FFF            800
        CONST            0003-0003              1           2
                         05C8-1FFF            100
        EEDATA           2100-21FF            100           2
        ENTRY            0003-0003              1           2
                         05C8-1FFF            100
        IDLOC            2000-2003              4           2
        RAM              006D-006F              3           1
                         00E7-00EF              9
                         0110-016F             60
                         01C2-01EF             2E
        SFR0             0000-001F             20           1
        SFR1             0080-009F             20           1
        SFR2             0100-010F             10           1
        SFR3             0180-018F             10           1
        STACK            0110-016F             60           1
        STRCODE          0003-0003              1           2
                         05C8-1FFF           1A38
        STRING           0003-0003              1           2
                         05C8-1FFF            100

                                  Symbol Table

?_Packetmaker                      cstackCOMMON 0070
?___lldiv                          cstackBANK1  00BE
EEPROM_Read@Address                cstackBANK0  0024
EEPROM_Read@EEPROMDataLength       cstackCOMMON 0077
EEPROM_Read@EEPROM_address         cstackBANK0  0020
EEPROM_Read@ReadAddress            cstackBANK0  0021
EEPROM_Read@ReadData               cstackCOMMON 0075
EEPROM_Read@high_address           cstackCOMMON 0073
EEPROM_Read@i                      cstackBANK0  0022
EEPROM_Read@low_address            cstackCOMMON 0074
I2C_Master_Read@a                  cstackCOMMON 0071
I2C_Master_Read@temp               cstackCOMMON 0072
I2C_Master_Write@d                 cstackCOMMON 0070
Init_I2C_M@c                       cstackBANK1  00CC
InterReceiver@EEPROMCmdData        cstackBANK0  0034
InterReceiver@EEPROMCmdDataLength  cstackBANK0  0054
InterReceiver@EEPROMTestData       cstackBANK0  0056
InterReceiver@RXDATA               cstackBANK0  0034
InterReceiver@i                    cstackBANK0  005B
Packetmaker@Datanum                cstackCOMMON 0077
Packetmaker@eDataField             cstackCOMMON 0070
Packetmaker@i                      cstackCOMMON 0079
Packetmaker@i_133                  cstackCOMMON 007B
Packetmaker@i_136                  cstackCOMMON 0075
SendByte@bt                        cstackCOMMON 0078
SendByte@byte                      cstackCOMMON 0077
SendByte@i                         cstackCOMMON 0075
SendPacket@Packetnum               cstackBANK0  0025
SendPacket@eDataField              cstackBANK0  0020
SendPacket@i                       cstackBANK0  0027
SendPacket@i_142                   cstackBANK0  0029
SendPacket@i_143                   cstackBANK0  002B
_ACKDT                             (abs)        048D
_ACKEN                             (abs)        048C
_ANSEL                             (abs)        0188
_ANSELH                            (abs)        0189
_BRGH                              (abs)        04C2
_CREN                              (abs)        00C4
_EEPROM_Read                       text12       004C
_FERR                              (abs)        00C2
_GIE                               (abs)        005F
_I2C_Master_Read                   text17       04BB
_I2C_Master_RepeatedStart          text16       05BB
_I2C_Master_Start                  text15       05B4
_I2C_Master_Stop                   text14       05AD
_I2C_Master_Wait                   text18       0594
_I2C_Master_Write                  text13       05A5
_Init_I2C_M                        text3        0489
_Init_MPU                          text2        051A
_Init_SERIAL                       text1        04FF
_InterReceiver                     text5        0129
_OERR                              (abs)        00C1
_PEIE                              (abs)        005E
_PEN                               (abs)        048A
_PORTA                             (abs)        0005
_PORTB                             (abs)        0006
_PORTC                             (abs)        0007
_PORTE                             (abs)        0009
_Packetmaker                       text11       02BA
_RB1                               (abs)        0031
_RB3                               (abs)        0033
_RC0                               (abs)        0038
_RC2                               (abs)        003A
_RC5                               (abs)        003D
_RCEN                              (abs)        048B
_RCIE                              (abs)        0465
_RCIF                              (abs)        0065
_RCREG                             (abs)        001A
_RSEN                              (abs)        0489
_RX9                               (abs)        00C6
_SEN                               (abs)        0488
_SPBRG                             (abs)        0099
_SPEN                              (abs)        00C7
_SREN                              (abs)        00C5
_SSPADD                            (abs)        0093
_SSPBUF                            (abs)        0013
_SSPCON                            (abs)        0014
_SSPCON2                           (abs)        0091
_SSPSTAT                           (abs)        0094
_STATUS                            (abs)        0003
_SYNC                              (abs)        04C4
_SendByte                          text8        0431
_SendPacket                        text7        0202
_TRISA                             (abs)        0085
_TRISB                             (abs)        0086
_TRISC                             (abs)        0087
_TRISE                             (abs)        0089
_TX9                               (abs)        04C6
_TXEN                              (abs)        04C5
_TXIE                              (abs)        0464
_TXIF                              (abs)        0064
_TXREG                             (abs)        0019
__CFG_BOR4V$BOR40V                 (abs)        0000
__CFG_BOREN$OFF                    (abs)        0000
__CFG_CP$OFF                       (abs)        0000
__CFG_CPD$OFF                      (abs)        0000
__CFG_FCMEN$OFF                    (abs)        0000
__CFG_FOSC$HS                      (abs)        0000
__CFG_IESO$OFF                     (abs)        0000
__CFG_LVP$OFF                      (abs)        0000
__CFG_MCLRE$ON                     (abs)        0000
__CFG_PWRTE$ON                     (abs)        0000
__CFG_WDTE$OFF                     (abs)        0000
__CFG_WRT$OFF                      (abs)        0000
__Habs1                            abs1         0000
__Hbank0                           bank0        0000
__Hbank1                           bank1        0000
__Hbank2                           bank2        0000
__Hbank3                           bank3        0000
__HbssBANK0                        bssBANK0     0000
__HbssBANK1                        bssBANK1     0000
__HbssBANK3                        bssBANK3     0000
__Hcinit                           cinit        004C
__Hclrtext                         clrtext      0000
__Hcode                            code         0000
__Hcommon                          common       0000
__Hconfig                          config       2009
__HcstackBANK0                     cstackBANK0  0000
__HcstackBANK1                     cstackBANK1  0000
__HcstackCOMMON                    cstackCOMMON 0000
__HdataBANK0                       dataBANK0    0000
__HdataBANK1                       dataBANK1    0000
__Heeprom_data                     eeprom_data  0000
__Hend_init                        end_init     0015
__Hfunctab                         functab      0000
__HidataBANK0                      idataBANK0   0000
__HidataBANK1                      idataBANK1   0000
__Hidloc                           idloc        0000
__Hinit                            init         0012
__Hinittext                        inittext     0000
__Hintentry                        intentry     0012
__Hmaintext                        maintext     0000
__Hpowerup                         powerup      0000
__Hram                             ram          0000
__Hreset_vec                       reset_vec    0003
__Hsfr0                            sfr0         0000
__Hsfr1                            sfr1         0000
__Hsfr2                            sfr2         0000
__Hsfr3                            sfr3         0000
__Hspace_0                         (abs)        2009
__Hspace_1                         (abs)        01C2
__Hspace_2                         (abs)        0000
__Hspace_3                         (abs)        0000
__Hstack                           stack        0000
__Hstrings                         strings      0000
__Htext                            text         0000
__Labs1                            abs1         0000
__Lbank0                           bank0        0000
__Lbank1                           bank1        0000
__Lbank2                           bank2        0000
__Lbank3                           bank3        0000
__LbssBANK0                        bssBANK0     0000
__LbssBANK1                        bssBANK1     0000
__LbssBANK3                        bssBANK3     0000
__Lcinit                           cinit        0015
__Lclrtext                         clrtext      0000
__Lcode                            code         0000
__Lcommon                          common       0000
__Lconfig                          config       2007
__LcstackBANK0                     cstackBANK0  0000
__LcstackBANK1                     cstackBANK1  0000
__LcstackCOMMON                    cstackCOMMON 0000
__LdataBANK0                       dataBANK0    0000
__LdataBANK1                       dataBANK1    0000
__Leeprom_data                     eeprom_data  0000
__Lend_init                        end_init     0012
__Lfunctab                         functab      0000
__LidataBANK0                      idataBANK0   0000
__LidataBANK1                      idataBANK1   0000
__Lidloc                           idloc        0000
__Linit                            init         0012
__Linittext                        inittext     0000
__Lintentry                        intentry     0004
__Lmaintext                        maintext     0000
__Lpowerup                         powerup      0000
__Lram                             ram          0000
__Lreset_vec                       reset_vec    0000
__Lsfr0                            sfr0         0000
__Lsfr1                            sfr1         0000
__Lsfr2                            sfr2         0000
__Lsfr3                            sfr3         0000
__Lspace_0                         (abs)        0000
__Lspace_1                         (abs)        0000
__Lspace_2                         (abs)        0000
__Lspace_3                         (abs)        0000
__Lstack                           stack        0000
__Lstrings                         strings      0000
__Ltext                            text         0000
__S0                               (abs)        2009
__S1                               (abs)        01C2
__S2                               (abs)        0000
__S3                               (abs)        0000
___int_sp                          stack        0000
___latbits                         (abs)        0002
___lldiv                           text4        03D1
___lldiv@counter                   cstackBANK1  00CB
___lldiv@dividend                  cstackBANK1  00C2
___lldiv@divisor                   cstackBANK1  00BE
___lldiv@quotient                  cstackBANK1  00C7
___sp                              stack        0000
__end_of_EEPROM_Read               text12       0129
__end_of_I2C_Master_Read           text17       04E1
__end_of_I2C_Master_RepeatedStart  text16       05C2
__end_of_I2C_Master_Start          text15       05BB
__end_of_I2C_Master_Stop           text14       05B4
__end_of_I2C_Master_Wait           text18       059D
__end_of_I2C_Master_Write          text13       05AD
__end_of_Init_I2C_M                text3        04BB
__end_of_Init_MPU                  text2        0534
__end_of_Init_SERIAL               text1        051A
__end_of_InterReceiver             text5        0202
__end_of_Packetmaker               text11       0368
__end_of_SendByte                  text8        0489
__end_of_SendPacket                text7        02BA
__end_of___lldiv                   text4        0431
__end_of__initialization           cinit        0048
__end_of__stringtab                strings      0554
__end_of_fcsbit                    text10       054E
__end_of_flipout                   text9        0574
__end_of_getch                     text6        0594
__end_of_main                      maintext     03D1
__initialization                   cinit        0015
__pbssBANK0                        bssBANK0     005D
__pbssBANK1                        bssBANK1     00D7
__pbssBANK3                        bssBANK3     0190
__pcstackBANK0                     cstackBANK0  0020
__pcstackBANK1                     cstackBANK1  00BE
__pcstackCOMMON                    cstackCOMMON 0070
__pdataBANK0                       dataBANK0    0067
__pdataBANK1                       dataBANK1    00A0
__pidataBANK0                      idataBANK0   05C2
__pidataBANK1                      idataBANK1   04E1
__pintentry                        intentry     0004
__pmaintext                        maintext     0368
__pstrings                         strings      054E
__ptext1                           text1        04FF
__ptext10                          text10       0534
__ptext11                          text11       02BA
__ptext12                          text12       004C
__ptext13                          text13       05A5
__ptext14                          text14       05AD
__ptext15                          text15       05B4
__ptext16                          text16       05BB
__ptext17                          text17       04BB
__ptext18                          text18       0594
__ptext2                           text2        051A
__ptext3                           text3        0489
__ptext4                           text4        03D1
__ptext5                           text5        0129
__ptext6                           text6        0585
__ptext7                           text7        0202
__ptext8                           text8        0431
__ptext9                           text9        0562
__size_of_EEPROM_Read              (abs)        0000
__size_of_I2C_Master_Read          (abs)        0000
__size_of_I2C_Master_RepeatedStart (abs)        0000
__size_of_I2C_Master_Start         (abs)        0000
__size_of_I2C_Master_Stop          (abs)        0000
__size_of_I2C_Master_Wait          (abs)        0000
__size_of_I2C_Master_Write         (abs)        0000
__size_of_Init_I2C_M               (abs)        0000
__size_of_Init_MPU                 (abs)        0000
__size_of_Init_SERIAL              (abs)        0000
__size_of_InterReceiver            (abs)        0000
__size_of_Packetmaker              (abs)        0000
__size_of_SendByte                 (abs)        0000
__size_of_SendPacket               (abs)        0000
__size_of___lldiv                  (abs)        0000
__size_of_fcsbit                   (abs)        0000
__size_of_flipout                  (abs)        0000
__size_of_getch                    (abs)        0000
__size_of_main                     (abs)        0000
__stringbase                       strings      0553
__stringtab                        strings      054E
_ePacket                           bssBANK3     0190
_ebitstatus                        bssBANK0     005D
_efcsflag                          bssBANK0     0061
_efcshi                            bssBANK0     0065
_efcslo                            bssBANK0     0066
_eflag                             bssBANK0     0063
_estuff                            bssBANK0     005F
_fcsbit                            text10       0534
_flipout                           text9        0562
_getch                             text6        0585
_main                              maintext     0368
btemp                              (abs)        007E
clear_ram0                         clrtext      059D
end_of_initialization              cinit        0048
fcsbit@tbyte                       cstackCOMMON 0072
init_fetch0                        inittext     0574
init_ram0                          inittext     0578
interrupt_function                 intentry     0004
intlevel0                          functab      0000
intlevel1                          functab      0000
intlevel2                          functab      0000
intlevel3                          functab      0000
intlevel4                          functab      0000
intlevel5                          functab      0000
reset_vec                          reset_vec    0000
saved_w                            (abs)        007E
stackhi                            (abs)        0000
stacklo                            (abs)        0000
start                              init         0012
start_initialization               cinit        0015
wtemp0                             (abs)        007E


FUNCTION INFORMATION:

 *************** function _main *****************
 Defined at:
		line 35 in file "main.c"
 Parameters:    Size  Location     Type
		None
 Auto vars:     Size  Location     Type
  EEPROMData     32    0        unsigned char [32]
  EEPROMDataLe    2    0        unsigned int 
  EEPROMData      2    0        PTR unsigned char 
  dData           0    0        unsigned char [0]
 Return value:  Size  Location     Type
                  1    wreg      void 
 Registers used:
		wreg, status,2, status,0, pclath, cstack
 Tracked objects:
		On entry : 
		On exit  : 
		Unchanged: 
 Data sizes:     COMMON   BANK0   BANK1   BANK3   BANK2
      Params:         0       0       0       0       0
      Locals:         0       0       0       0       0
      Temps:          0       0       3       0       0
      Totals:         0       0       3       0       0
Total ram usage:        3 bytes
 Hardware stack levels required when called:    6
 This function calls:
		_Init_I2C_M
		_Init_MPU
		_Init_SERIAL
 This function is called by:
		Startup code after reset
 This function uses a non-reentrant model


 *************** function _Init_SERIAL *****************
 Defined at:
		line 8 in file "UART.c"
 Parameters:    Size  Location     Type
		None
 Auto vars:     Size  Location     Type
		None
 Return value:  Size  Location     Type
                  1    wreg      void 
 Registers used:
		wreg
 Tracked objects:
		On entry : 
		On exit  : 
		Unchanged: 
 Data sizes:     COMMON   BANK0   BANK1   BANK3   BANK2
      Params:         0       0       0       0       0
      Locals:         0       0       0       0       0
      Temps:          0       0       0       0       0
      Totals:         0       0       0       0       0
Total ram usage:        0 bytes
 Hardware stack levels used:    1
 Hardware stack levels required when called:    4
 This function calls:
		Nothing
 This function is called by:
		_main
 This function uses a non-reentrant model


 *************** function _Init_MPU *****************
 Defined at:
		line 8 in file "Init_MPU.c"
 Parameters:    Size  Location     Type
		None
 Auto vars:     Size  Location     Type
		None
 Return value:  Size  Location     Type
                  1    wreg      void 
 Registers used:
		wreg, status,2
 Tracked objects:
		On entry : 
		On exit  : 
		Unchanged: 
 Data sizes:     COMMON   BANK0   BANK1   BANK3   BANK2
      Params:         0       0       0       0       0
      Locals:         0       0       0       0       0
      Temps:          0       0       0       0       0
      Totals:         0       0       0       0       0
Total ram usage:        0 bytes
 Hardware stack levels used:    1
 Hardware stack levels required when called:    4
 This function calls:
		Nothing
 This function is called by:
		_main
 This function uses a non-reentrant model


 *************** function _Init_I2C_M *****************
 Defined at:
		line 11 in file "I2C.c"
 Parameters:    Size  Location     Type
  c               4   14[BANK1 ] const unsigned long 
 Auto vars:     Size  Location     Type
		None
 Return value:  Size  Location     Type
                  1    wreg      void 
 Registers used:
		wreg, status,2, status,0, pclath, cstack
 Tracked objects:
		On entry : 
		On exit  : 
		Unchanged: 
 Data sizes:     COMMON   BANK0   BANK1   BANK3   BANK2
      Params:         0       0       4       0       0
      Locals:         0       0       0       0       0
      Temps:          0       0       4       0       0
      Totals:         0       0       8       0       0
Total ram usage:        8 bytes
 Hardware stack levels used:    1
 Hardware stack levels required when called:    5
 This function calls:
		___lldiv
 This function is called by:
		_main
 This function uses a non-reentrant model


 *************** function ___lldiv *****************
 Defined at:
		line 6 in file "C:\Program Files (x86)\Microchip\xc8\v1.45\sources\common\lldiv.c"
 Parameters:    Size  Location     Type
  divisor         4    0[BANK1 ] unsigned long 
  dividend        4    4[BANK1 ] unsigned long 
 Auto vars:     Size  Location     Type
  quotient        4    9[BANK1 ] unsigned long 
  counter         1   13[BANK1 ] unsigned char 
 Return value:  Size  Location     Type
                  4    0[BANK1 ] unsigned long 
 Registers used:
		wreg, status,2, status,0
 Tracked objects:
		On entry : 
		On exit  : 
		Unchanged: 
 Data sizes:     COMMON   BANK0   BANK1   BANK3   BANK2
      Params:         0       0       8       0       0
      Locals:         0       0       5       0       0
      Temps:          0       0       1       0       0
      Totals:         0       0      14       0       0
Total ram usage:       14 bytes
 Hardware stack levels used:    1
 Hardware stack levels required when called:    4
 This function calls:
		Nothing
 This function is called by:
		_Init_I2C_M
 This function uses a non-reentrant model


 *************** function _InterReceiver *****************
 Defined at:
		line 88 in file "UART.c"
 Parameters:    Size  Location     Type
		None
 Auto vars:     Size  Location     Type
  i               2   59[BANK0 ] int 
  EEPROMTestDa    5   54[BANK0 ] unsigned char [5]
  EEPROMCmdDat    2   52[BANK0 ] unsigned int 
  EEPROMCmdDat    0   20[BANK0 ] unsigned char [0]
  RXDATA         32   20[BANK0 ] unsigned char [32]
 Return value:  Size  Location     Type
                  1    wreg      void 
 Registers used:
		wreg, fsr0l, fsr0h, status,2, status,0, btemp+1, pclath, cstack
 Tracked objects:
		On entry : 
		On exit  : 
		Unchanged: 
 Data sizes:     COMMON   BANK0   BANK1   BANK3   BANK2
      Params:         0       0       0       0       0
      Locals:         0      41       0       0       0
      Temps:          0       7       0       0       0
      Totals:         0      48       0       0       0
Total ram usage:       48 bytes
 Hardware stack levels used:    1
 Hardware stack levels required when called:    3
 This function calls:
		_EEPROM_Read
		_SendPacket
		_getch
 This function is called by:
		Interrupt level 1
 This function uses a non-reentrant model


 *************** function _getch *****************
 Defined at:
		line 26 in file "UART.c"
 Parameters:    Size  Location     Type
		None
 Auto vars:     Size  Location     Type
		None
 Return value:  Size  Location     Type
                  1    wreg      unsigned char 
 Registers used:
		wreg
 Tracked objects:
		On entry : 
		On exit  : 
		Unchanged: 
 Data sizes:     COMMON   BANK0   BANK1   BANK3   BANK2
      Params:         0       0       0       0       0
      Locals:         0       0       0       0       0
      Temps:          0       0       0       0       0
      Totals:         0       0       0       0       0
Total ram usage:        0 bytes
 Hardware stack levels used:    1
 This function calls:
		Nothing
 This function is called by:
		_InterReceiver
 This function uses a non-reentrant model


 *************** function _SendPacket *****************
 Defined at:
		line 59 in file "encode_AX25.c"
 Parameters:    Size  Location     Type
  eDataField      2    0[BANK0 ] PTR unsigned char 
		 -> InterReceiver@EEPROMTestData(5), InterReceiver@EEPROMCmdData(0), 
 Auto vars:     Size  Location     Type
  i               2   11[BANK0 ] unsigned int 
  i               2    9[BANK0 ] unsigned int 
  i               2    7[BANK0 ] unsigned int 
  Packetnum       2    5[BANK0 ] unsigned int 
 Return value:  Size  Location     Type
                  1    wreg      void 
 Registers used:
		wreg, fsr0l, fsr0h, status,2, status,0, pclath, cstack
 Tracked objects:
		On entry : 
		On exit  : 
		Unchanged: 
 Data sizes:     COMMON   BANK0   BANK1   BANK3   BANK2
      Params:         0       2       0       0       0
      Locals:         0       8       0       0       0
      Temps:          0       3       0       0       0
      Totals:         0      13       0       0       0
Total ram usage:       13 bytes
 Hardware stack levels used:    1
 Hardware stack levels required when called:    2
 This function calls:
		_Packetmaker
		_SendByte
 This function is called by:
		_InterReceiver
 This function uses a non-reentrant model


 *************** function _SendByte *****************
 Defined at:
		line 101 in file "encode_AX25.c"
 Parameters:    Size  Location     Type
  byte            1    wreg     unsigned char 
 Auto vars:     Size  Location     Type
  byte            1    7[COMMON] unsigned char 
  i               2    5[COMMON] unsigned int 
  bt              1    8[COMMON] unsigned char 
 Return value:  Size  Location     Type
                  1    wreg      void 
 Registers used:
		wreg, status,2, status,0, pclath, cstack
 Tracked objects:
		On entry : 
		On exit  : 
		Unchanged: 
 Data sizes:     COMMON   BANK0   BANK1   BANK3   BANK2
      Params:         0       0       0       0       0
      Locals:         4       0       0       0       0
      Temps:          2       0       0       0       0
      Totals:         6       0       0       0       0
Total ram usage:        6 bytes
 Hardware stack levels used:    1
 Hardware stack levels required when called:    1
 This function calls:
		_fcsbit
		_flipout
 This function is called by:
		_SendPacket
 This function uses a non-reentrant model


 *************** function _flipout *****************
 Defined at:
		line 125 in file "encode_AX25.c"
 Parameters:    Size  Location     Type
		None
 Auto vars:     Size  Location     Type
		None
 Return value:  Size  Location     Type
                  1    wreg      void 
 Registers used:
		wreg, status,2, status,0
 Tracked objects:
		On entry : 
		On exit  : 
		Unchanged: 
 Data sizes:     COMMON   BANK0   BANK1   BANK3   BANK2
      Params:         0       0       0       0       0
      Locals:         0       0       0       0       0
      Temps:          0       0       0       0       0
      Totals:         0       0       0       0       0
Total ram usage:        0 bytes
 Hardware stack levels used:    1
 This function calls:
		Nothing
 This function is called by:
		_SendByte
 This function uses a non-reentrant model


 *************** function _fcsbit *****************
 Defined at:
		line 138 in file "encode_AX25.c"
 Parameters:    Size  Location     Type
  tbyte           1    wreg     unsigned char 
 Auto vars:     Size  Location     Type
  tbyte           1    2[COMMON] unsigned char 
 Return value:  Size  Location     Type
                  1    wreg      void 
 Registers used:
		wreg, status,2, status,0
 Tracked objects:
		On entry : 
		On exit  : 
		Unchanged: 
 Data sizes:     COMMON   BANK0   BANK1   BANK3   BANK2
      Params:         0       0       0       0       0
      Locals:         1       0       0       0       0
      Temps:          2       0       0       0       0
      Totals:         3       0       0       0       0
Total ram usage:        3 bytes
 Hardware stack levels used:    1
 This function calls:
		Nothing
 This function is called by:
		_SendByte
 This function uses a non-reentrant model


 *************** function _Packetmaker *****************
 Defined at:
		line 40 in file "encode_AX25.c"
 Parameters:    Size  Location     Type
  eDataField      2    0[COMMON] PTR unsigned char 
		 -> InterReceiver@EEPROMTestData(5), InterReceiver@EEPROMCmdData(0), 
 Auto vars:     Size  Location     Type
  i               2    5[COMMON] unsigned int 
  i               2   11[COMMON] unsigned int 
  i               2    9[COMMON] unsigned int 
  Datanum         2    7[COMMON] unsigned int 
 Return value:  Size  Location     Type
                  2    0[COMMON] unsigned int 
 Registers used:
		wreg, fsr0l, fsr0h, status,2, status,0, pclath
 Tracked objects:
		On entry : 
		On exit  : 
		Unchanged: 
 Data sizes:     COMMON   BANK0   BANK1   BANK3   BANK2
      Params:         2       0       0       0       0
      Locals:         8       0       0       0       0
      Temps:          3       0       0       0       0
      Totals:        13       0       0       0       0
Total ram usage:       13 bytes
 Hardware stack levels used:    2
 This function calls:
		Nothing
 This function is called by:
		_SendPacket
 This function uses a non-reentrant model


 *************** function _EEPROM_Read *****************
 Defined at:
		line 116 in file "I2C.c"
 Parameters:    Size  Location     Type
  EEPROM_addre    1    wreg     unsigned char 
  high_address    1    3[COMMON] unsigned char 
  low_address     1    4[COMMON] unsigned char 
  ReadData        2    5[COMMON] PTR unsigned char 
		 -> InterReceiver@EEPROMCmdData(0), 
  EEPROMDataLe    2    7[COMMON] PTR unsigned int 
		 -> RAM(512), 
 Auto vars:     Size  Location     Type
  EEPROM_addre    1    0[BANK0 ] unsigned char 
  i               2    2[BANK0 ] unsigned int 
  Address         1    4[BANK0 ] unsigned char 
  ReadAddress     1    1[BANK0 ] unsigned char 
 Return value:  Size  Location     Type
                  1    wreg      void 
 Registers used:
		wreg, fsr0l, fsr0h, status,2, status,0, pclath, cstack
 Tracked objects:
		On entry : 
		On exit  : 
		Unchanged: 
 Data sizes:     COMMON   BANK0   BANK1   BANK3   BANK2
      Params:         6       0       0       0       0
      Locals:         0       5       0       0       0
      Temps:          5       0       0       0       0
      Totals:        11       5       0       0       0
Total ram usage:       16 bytes
 Hardware stack levels used:    1
 Hardware stack levels required when called:    2
 This function calls:
		_I2C_Master_Read
		_I2C_Master_RepeatedStart
		_I2C_Master_Start
		_I2C_Master_Stop
		_I2C_Master_Write
 This function is called by:
		_InterReceiver
 This function uses a non-reentrant model


 *************** function _I2C_Master_Write *****************
 Defined at:
		line 37 in file "I2C.c"
 Parameters:    Size  Location     Type
  d               2    0[COMMON] unsigned int 
 Auto vars:     Size  Location     Type
		None
 Return value:  Size  Location     Type
                  1    wreg      void 
 Registers used:
		wreg, status,2, status,0, pclath, cstack
 Tracked objects:
		On entry : 
		On exit  : 
		Unchanged: 
 Data sizes:     COMMON   BANK0   BANK1   BANK3   BANK2
      Params:         2       0       0       0       0
      Locals:         0       0       0       0       0
      Temps:          0       0       0       0       0
      Totals:         2       0       0       0       0
Total ram usage:        2 bytes
 Hardware stack levels used:    1
 Hardware stack levels required when called:    1
 This function calls:
		_I2C_Master_Wait
 This function is called by:
		_EEPROM_Read
		_EEPROM_Write
		_EEPROM_Read2
 This function uses a non-reentrant model


 *************** function _I2C_Master_Stop *****************
 Defined at:
		line 32 in file "I2C.c"
 Parameters:    Size  Location     Type
		None
 Auto vars:     Size  Location     Type
		None
 Return value:  Size  Location     Type
                  1    wreg      void 
 Registers used:
		wreg, status,2, status,0, pclath, cstack
 Tracked objects:
		On entry : 
		On exit  : 
		Unchanged: 
 Data sizes:     COMMON   BANK0   BANK1   BANK3   BANK2
      Params:         0       0       0       0       0
      Locals:         0       0       0       0       0
      Temps:          0       0       0       0       0
      Totals:         0       0       0       0       0
Total ram usage:        0 bytes
 Hardware stack levels used:    1
 Hardware stack levels required when called:    1
 This function calls:
		_I2C_Master_Wait
 This function is called by:
		_EEPROM_Read
		_EEPROM_Write
		_EEPROM_Read2
 This function uses a non-reentrant model


 *************** function _I2C_Master_Start *****************
 Defined at:
		line 22 in file "I2C.c"
 Parameters:    Size  Location     Type
		None
 Auto vars:     Size  Location     Type
		None
 Return value:  Size  Location     Type
                  1    wreg      void 
 Registers used:
		wreg, status,2, status,0, pclath, cstack
 Tracked objects:
		On entry : 
		On exit  : 
		Unchanged: 
 Data sizes:     COMMON   BANK0   BANK1   BANK3   BANK2
      Params:         0       0       0       0       0
      Locals:         0       0       0       0       0
      Temps:          0       0       0       0       0
      Totals:         0       0       0       0       0
Total ram usage:        0 bytes
 Hardware stack levels used:    1
 Hardware stack levels required when called:    1
 This function calls:
		_I2C_Master_Wait
 This function is called by:
		_EEPROM_Read
		_EEPROM_Write
		_EEPROM_Read2
 This function uses a non-reentrant model


 *************** function _I2C_Master_RepeatedStart *****************
 Defined at:
		line 27 in file "I2C.c"
 Parameters:    Size  Location     Type
		None
 Auto vars:     Size  Location     Type
		None
 Return value:  Size  Location     Type
                  1    wreg      void 
 Registers used:
		wreg, status,2, status,0, pclath, cstack
 Tracked objects:
		On entry : 
		On exit  : 
		Unchanged: 
 Data sizes:     COMMON   BANK0   BANK1   BANK3   BANK2
      Params:         0       0       0       0       0
      Locals:         0       0       0       0       0
      Temps:          0       0       0       0       0
      Totals:         0       0       0       0       0
Total ram usage:        0 bytes
 Hardware stack levels used:    1
 Hardware stack levels required when called:    1
 This function calls:
		_I2C_Master_Wait
 This function is called by:
		_EEPROM_Read
		_EEPROM_Read2
 This function uses a non-reentrant model


 *************** function _I2C_Master_Read *****************
 Defined at:
		line 42 in file "I2C.c"
 Parameters:    Size  Location     Type
  a               1    wreg     unsigned char 
 Auto vars:     Size  Location     Type
  a               1    1[COMMON] unsigned char 
  temp            1    2[COMMON] unsigned char 
 Return value:  Size  Location     Type
                  1    wreg      unsigned char 
 Registers used:
		wreg, status,2, status,0, pclath, cstack
 Tracked objects:
		On entry : 
		On exit  : 
		Unchanged: 
 Data sizes:     COMMON   BANK0   BANK1   BANK3   BANK2
      Params:         0       0       0       0       0
      Locals:         2       0       0       0       0
      Temps:          1       0       0       0       0
      Totals:         3       0       0       0       0
Total ram usage:        3 bytes
 Hardware stack levels used:    1
 Hardware stack levels required when called:    1
 This function calls:
		_I2C_Master_Wait
 This function is called by:
		_EEPROM_Read
		_EEPROM_Read2
 This function uses a non-reentrant model


 *************** function _I2C_Master_Wait *****************
 Defined at:
		line 18 in file "I2C.c"
 Parameters:    Size  Location     Type
		None
 Auto vars:     Size  Location     Type
		None
 Return value:  Size  Location     Type
                  1    wreg      void 
 Registers used:
		wreg, status,2
 Tracked objects:
		On entry : 
		On exit  : 
		Unchanged: 
 Data sizes:     COMMON   BANK0   BANK1   BANK3   BANK2
      Params:         0       0       0       0       0
      Locals:         0       0       0       0       0
      Temps:          0       0       0       0       0
      Totals:         0       0       0       0       0
Total ram usage:        0 bytes
 Hardware stack levels used:    1
 This function calls:
		Nothing
 This function is called by:
		_I2C_Master_Start
		_I2C_Master_RepeatedStart
		_I2C_Master_Stop
		_I2C_Master_Write
		_I2C_Master_Read
 This function uses a non-reentrant model



MODULE INFORMATION

Module		Function		Class		Link	Load	Size
UART.c
		_Init_SERIAL   		CODE           	04FF	0000	28
		_InterReceiver 		CODE           	0129	0000	218
		_getch         		CODE           	0585	0000	16

UART.c estimated size: 262

Init_MPU.c
		_Init_MPU      		CODE           	051A	0000	27

Init_MPU.c estimated size: 27

I2C.c
		_I2C_Master_Read		CODE           	04BB	0000	39
		_EEPROM_Read   		CODE           	004C	0000	222
		_I2C_Master_Wait		CODE           	0594	0000	10
		_I2C_Master_Stop		CODE           	05AD	0000	8
		_I2C_Master_RepeatedStart		CODE           	05BB	0000	8
		_Init_I2C_M    		CODE           	0489	0000	51
		_I2C_Master_Write		CODE           	05A5	0000	9
		_I2C_Master_Start		CODE           	05B4	0000	8

I2C.c estimated size: 355

shared
		__stringtab    		STRING         	054E	0000	7
		__initialization		CODE           	0015	0000	52

shared estimated size: 59

encode_AX25.c
		_SendByte      		CODE           	0431	0000	89
		_fcsbit        		CODE           	0534	0000	27
		_SendPacket    		CODE           	0202	0000	185
		_Packetmaker   		CODE           	02BA	0000	175
		_flipout       		CODE           	0562	0000	19

encode_AX25.c estimated size: 495

C:\Program Files (x86)\Microchip\xc8\v1.45\sources\common\lldiv.c
		___lldiv       		CODE           	03D1	0000	97

C:\Program Files (x86)\Microchip\xc8\v1.45\sources\common\lldiv.c estimated size: 97

main.c
		_main          		CODE           	0368	0000	106

main.c estimated size: 106

