Microchip MPLAB XC8 Compiler V1.45 ()

Linker command line:

-W-3 --edf=C:\Program Files (x86)\Microchip\xc8\v1.45\dat\en_msgs.txt -cs \
  -h+dist/default/production\PIC_Tx.production.sym \
  --cmf=dist/default/production\PIC_Tx.production.cmf -z -Q16F886 \
  -oC:\Users\Kosuke\AppData\Local\Temp\s91g.2 \
  -Mdist/default/production/PIC_Tx.production.map -E1 -ver=XC8 \
  -ASTACK=0110h-016fh -pstack=STACK -ACODE=00h-07FFhx4 -ASTRCODE=00h-01FFFh \
  -ASTRING=00h-0FFhx32 -ACONST=00h-0FFhx32 -AENTRY=00h-0FFhx32 \
  -ACOMMON=070h-07Fh -ABANK0=020h-06Fh -ABANK1=0A0h-0EFh \
  -ABANK2=0110h-016Fh -ABANK3=0190h-01EFh \
  -ARAM=020h-06Fh,0A0h-0EFh,0110h-016Fh,0190h-01EFh \
  -AABS1=020h-07Fh,0A0h-0EFh,0110h-016Fh,0190h-01EFh -ASFR0=00h-01Fh \
  -ASFR1=080h-09Fh -ASFR2=0100h-010Fh -ASFR3=0180h-018Fh \
  -preset_vec=00h,intentry=04h,init,end_init -ppowerup=CODE -pcinit=CODE \
  -pfunctab=ENTRY -ACONFIG=02007h-02008h -pconfig=CONFIG -DCONFIG=2 \
  -AIDLOC=02000h-02003h -pidloc=IDLOC -DIDLOC=2 -AEEDATA=00h-0FFh/02100h \
  -peeprom_data=EEDATA -DEEDATA=2 -DCODE=2 -DSTRCODE=2 -DSTRING=2 -DCONST=2 \
  -DENTRY=2 -k C:\Users\Kosuke\AppData\Local\Temp\s91g.obj \
  dist/default/production\PIC_Tx.production.obj 

Object code version is 3.11

Machine type is 16F886



                Name                               Link     Load   Length Selector   Space Scale
C:\Users\Kosuke\AppData\Local\Temp\s91g.obj
                end_init                             12       12        3        8       0
                reset_vec                             0        0        3        0       0
                config                             2007     2007        2     400E       0
dist/default/production\PIC_Tx.production.obj
                cinit                                15       15       36        8       0
                intentry                              4        4        E        8       0
                text19                              6E1      6E1        9      D5E       0
                text18                              5ED      5ED       26        8       0
                text17                              708      708        7      D5E       0
                text16                              701      701        7      D5E       0
                text15                              6FA      6FA        7      D5E       0
                text14                              6F2      6F2        8      D5E       0
                text13                              468      468       9B        8       0
                text12                              3C7      3C7       A1        8       0
                text11                              66A      66A       1A        8       0
                text10                              6AF      6AF       12      D5E       0
                text9                               563      563       58        8       0
                text8                               30F      30F       B8        8       0
                text7                               6D2      6D2        F      D5E       0
                text6                                4B       4B      1E0        8       0
                text5                               503      503       60        8       0
                text4                               5BB      5BB       32        8       0
                text3                               650      650       1A        8       0
                text2                               635      635       1B        8       0
                text1                               684      684       17        8       0
                maintext                            22B      22B       E4        8       0
                cstackBANK0                          20       20       42       20       1
                cstackCOMMON                         70       70        D       70       1
                cstackBANK1                          C2       C2       19       A0       1
                clrtext                             6EA      6EA        8      D5E       0
                inittext                            6C1      6C1       11      D5E       0
                bssBANK3                            190      190       2F      190       1
                dataBANK1                            A0       A0       22       A0       1
                bssBANK1                             DB       DB       10       A0       1
                dataBANK0                            6E       6E        2       20       1
                bssBANK0                             62       62        C       20       1
                strings                             69B      69B       14      D36       0
                idataBANK1                          613      613       22        8       0
                idataBANK0                          70F      70F        2      D5E       0

TOTAL           Name                               Link     Load   Length     Space
        CLASS   STACK          

        CLASS   CODE           
                end_init                             12       12        3         0
                cinit                                15       15       36         0
                intentry                              4        4        E         0
                reset_vec                             0        0        3         0
                text19                              6E1      6E1        9         0
                text18                              5ED      5ED       26         0
                text17                              708      708        7         0
                text16                              701      701        7         0
                text15                              6FA      6FA        7         0
                text14                              6F2      6F2        8         0
                text13                              468      468       9B         0
                text12                              3C7      3C7       A1         0
                text11                              66A      66A       1A         0
                text10                              6AF      6AF       12         0
                text9                               563      563       58         0
                text8                               30F      30F       B8         0
                text7                               6D2      6D2        F         0
                text6                                4B       4B      1E0         0
                text5                               503      503       60         0
                text4                               5BB      5BB       32         0
                text3                               650      650       1A         0
                text2                               635      635       1B         0
                text1                               684      684       17         0
                maintext                            22B      22B       E4         0
                clrtext                             6EA      6EA        8         0
                inittext                            6C1      6C1       11         0
                idataBANK1                          613      613       22         0
                idataBANK0                          70F      70F        2         0

        CLASS   STRCODE        

        CLASS   STRING         
                strings                             69B      69B       14         0

        CLASS   CONST          

        CLASS   ENTRY          

        CLASS   COMMON         
                cstackCOMMON                         70       70        D         1

        CLASS   BANK0          
                cstackBANK0                          20       20       42         1
                dataBANK0                            6E       6E        2         1
                bssBANK0                             62       62        C         1

        CLASS   BANK1          
                cstackBANK1                          C2       C2       19         1
                dataBANK1                            A0       A0       22         1
                bssBANK1                             DB       DB       10         1

        CLASS   BANK2          

        CLASS   BANK3          
                bssBANK3                            190      190       2F         1

        CLASS   RAM            

        CLASS   ABS1           
                abs_s1                               7E       7E        2         1

        CLASS   SFR0           

        CLASS   SFR1           

        CLASS   SFR2           

        CLASS   SFR3           

        CLASS   CONFIG         
                config                             2007     2007        2         0

        CLASS   IDLOC          

        CLASS   EEDATA         



SEGMENTS        Name                           Load    Length   Top    Selector   Space  Class     Delta

                reset_vec                      000000  000003  000003         0       0  CODE        2
                intentry                       000004  000697  00069B         8       0  CODE        2
                cstackBANK0                    000020  000050  000070        20       1  BANK0       1
                cstackCOMMON                   000070  00000D  00007D        70       1  COMMON      1
                dataBANK1                      0000A0  00004B  0000EB        A0       1  BANK1       1
                bssBANK3                       000190  00002F  0001BF       190       1  BANK3       1
                strings                        00069B  000014  0006AF       D36       0  STRING      2
                text10                         0006AF  000062  000711       D5E       0  CODE        2
                config                         002007  000002  002009      400E       0  CONFIG      2


UNUSED ADDRESS RANGES

        Name                Unused          Largest block    Delta
        BANK1            00EB-00EF              5           1
        BANK2            0110-016F             60           1
        BANK3            01BF-01EF             31           1
        CODE             0003-0003              1           2
                         0711-1FFF            800
        COMMON           007D-007D              1           1
        CONST            0003-0003              1           2
                         0711-1FFF            100
        EEDATA           2100-21FF            100           2
        ENTRY            0003-0003              1           2
                         0711-1FFF            100
        IDLOC            2000-2003              4           2
        RAM              00EB-00EF              5           1
                         0110-016F             60
                         01BF-01EF             31
        SFR0             0000-001F             20           1
        SFR1             0080-009F             20           1
        SFR2             0100-010F             10           1
        SFR3             0180-018F             10           1
        STACK            0110-016F             60           1
        STRCODE          0003-0003              1           2
                         0711-1FFF           18EF
        STRING           0003-0003              1           2
                         0711-1FFF            100

                                  Symbol Table

?_Packetmaker                         cstackCOMMON 0070
?___lldiv                             cstackBANK1  00C2
EEPROM_Read2@Address                  cstackBANK0  0024
EEPROM_Read2@EEPROMDataLength         cstackCOMMON 0076
EEPROM_Read2@EEPROM_address           cstackBANK0  0020
EEPROM_Read2@ReadAddress              cstackBANK0  0021
EEPROM_Read2@ReadData                 cstackCOMMON 0075
EEPROM_Read2@high_address             cstackCOMMON 0073
EEPROM_Read2@i                        cstackBANK0  0022
EEPROM_Read2@low_address              cstackCOMMON 0074
I2C_Master_Read@a                     cstackCOMMON 0071
I2C_Master_Read@temp                  cstackCOMMON 0072
I2C_Master_Write@d                    cstackCOMMON 0070
Init_I2C_M@c                          cstackBANK1  00D0
InterReceiver@EEPROMCmdData           cstackBANK0  0053
InterReceiver@EEPROMCmdDataLength     cstackBANK0  0059
InterReceiver@EEPROMCmdDataLength_108 cstackBANK0  005B
InterReceiver@EEPROMCmdData_107       cstackBANK0  0061
InterReceiver@RXDATA                  cstackBANK0  0033
InterReceiver@i                       cstackBANK0  005D
InterReceiver@i_109                   cstackBANK0  005F
InterReceiver@intr_counter            bssBANK0     006A
Packetmaker@Datanum                   cstackCOMMON 0077
Packetmaker@eDataField                cstackCOMMON 0074
Packetmaker@i                         cstackCOMMON 0079
Packetmaker@i_162                     cstackCOMMON 007B
Packetmaker@i_165                     cstackCOMMON 0075
SendByte@bt                           cstackCOMMON 0078
SendByte@byte                         cstackCOMMON 0077
SendByte@i                            cstackCOMMON 0075
SendPacket@Packetnum                  cstackBANK0  0023
SendPacket@eDataField                 cstackBANK0  0025
SendPacket@i                          cstackBANK0  0026
SendPacket@i_171                      cstackBANK0  0028
SendPacket@i_172                      cstackBANK0  002A
_ACKDT                                (abs)        048D
_ACKEN                                (abs)        048C
_ANSEL                                (abs)        0188
_ANSELH                               (abs)        0189
_BRGH                                 (abs)        04C2
_CREN                                 (abs)        00C4
_EEPROM_Read2                         text13       0468
_FERR                                 (abs)        00C2
_GIE                                  (abs)        005F
_I2C_Master_Read                      text18       05ED
_I2C_Master_RepeatedStart             text17       0708
_I2C_Master_Start                     text16       0701
_I2C_Master_Stop                      text15       06FA
_I2C_Master_Wait                      text19       06E1
_I2C_Master_Write                     text14       06F2
_INTCONbits                           (abs)        000B
_Init_I2C_M                           text4        05BB
_Init_MPU                             text3        0650
_Init_SERIAL                          text2        0635
_Init_WDT                             text1        0684
_InterReceiver                        text6        004B
_OERR                                 (abs)        00C1
_OPTION_REGbits                       (abs)        0081
_PEIE                                 (abs)        005E
_PEN                                  (abs)        048A
_PIE1bits                             (abs)        008C
_PIR1bits                             (abs)        000C
_PORTA                                (abs)        0005
_PORTB                                (abs)        0006
_PORTC                                (abs)        0007
_PORTE                                (abs)        0009
_Packetmaker                          text12       03C7
_RB1                                  (abs)        0031
_RB3                                  (abs)        0033
_RC0                                  (abs)        0038
_RC2                                  (abs)        003A
_RC5                                  (abs)        003D
_RCEN                                 (abs)        048B
_RCIE                                 (abs)        0465
_RCIF                                 (abs)        0065
_RCREG                                (abs)        001A
_RSEN                                 (abs)        0489
_RX9                                  (abs)        00C6
_SEN                                  (abs)        0488
_SPBRG                                (abs)        0099
_SPEN                                 (abs)        00C7
_SREN                                 (abs)        00C5
_SSPADD                               (abs)        0093
_SSPBUF                               (abs)        0013
_SSPCON                               (abs)        0014
_SSPCON2                              (abs)        0091
_SSPSTAT                              (abs)        0094
_STATUS                               (abs)        0003
_SYNC                                 (abs)        04C4
_SendByte                             text9        0563
_SendPacket                           text8        030F
_T1CONbits                            (abs)        0010
_TMR1                                 (abs)        000E
_TRISA                                (abs)        0085
_TRISB                                (abs)        0086
_TRISC                                (abs)        0087
_TRISE                                (abs)        0089
_TX9                                  (abs)        04C6
_TXEN                                 (abs)        04C5
_TXIE                                 (abs)        0464
_TXIF                                 (abs)        0064
_TXREG                                (abs)        0019
__CFG_BOR4V$BOR40V                    (abs)        0000
__CFG_BOREN$OFF                       (abs)        0000
__CFG_CP$OFF                          (abs)        0000
__CFG_CPD$OFF                         (abs)        0000
__CFG_FCMEN$OFF                       (abs)        0000
__CFG_FOSC$HS                         (abs)        0000
__CFG_IESO$OFF                        (abs)        0000
__CFG_LVP$OFF                         (abs)        0000
__CFG_MCLRE$ON                        (abs)        0000
__CFG_PWRTE$ON                        (abs)        0000
__CFG_WDTE$OFF                        (abs)        0000
__CFG_WRT$OFF                         (abs)        0000
__Habs1                               abs1         0000
__Hbank0                              bank0        0000
__Hbank1                              bank1        0000
__Hbank2                              bank2        0000
__Hbank3                              bank3        0000
__HbssBANK0                           bssBANK0     0000
__HbssBANK1                           bssBANK1     0000
__HbssBANK3                           bssBANK3     0000
__Hcinit                              cinit        004B
__Hclrtext                            clrtext      0000
__Hcode                               code         0000
__Hcommon                             common       0000
__Hconfig                             config       2009
__HcstackBANK0                        cstackBANK0  0000
__HcstackBANK1                        cstackBANK1  0000
__HcstackCOMMON                       cstackCOMMON 0000
__HdataBANK0                          dataBANK0    0000
__HdataBANK1                          dataBANK1    0000
__Heeprom_data                        eeprom_data  0000
__Hend_init                           end_init     0015
__Hfunctab                            functab      0000
__HidataBANK0                         idataBANK0   0000
__HidataBANK1                         idataBANK1   0000
__Hidloc                              idloc        0000
__Hinit                               init         0012
__Hinittext                           inittext     0000
__Hintentry                           intentry     0012
__Hmaintext                           maintext     0000
__Hpowerup                            powerup      0000
__Hram                                ram          0000
__Hreset_vec                          reset_vec    0003
__Hsfr0                               sfr0         0000
__Hsfr1                               sfr1         0000
__Hsfr2                               sfr2         0000
__Hsfr3                               sfr3         0000
__Hspace_0                            (abs)        2009
__Hspace_1                            (abs)        01BF
__Hspace_2                            (abs)        0000
__Hspace_3                            (abs)        0000
__Hstack                              stack        0000
__Hstrings                            strings      0000
__Htext                               text         0000
__Labs1                               abs1         0000
__Lbank0                              bank0        0000
__Lbank1                              bank1        0000
__Lbank2                              bank2        0000
__Lbank3                              bank3        0000
__LbssBANK0                           bssBANK0     0000
__LbssBANK1                           bssBANK1     0000
__LbssBANK3                           bssBANK3     0000
__Lcinit                              cinit        0015
__Lclrtext                            clrtext      0000
__Lcode                               code         0000
__Lcommon                             common       0000
__Lconfig                             config       2007
__LcstackBANK0                        cstackBANK0  0000
__LcstackBANK1                        cstackBANK1  0000
__LcstackCOMMON                       cstackCOMMON 0000
__LdataBANK0                          dataBANK0    0000
__LdataBANK1                          dataBANK1    0000
__Leeprom_data                        eeprom_data  0000
__Lend_init                           end_init     0012
__Lfunctab                            functab      0000
__LidataBANK0                         idataBANK0   0000
__LidataBANK1                         idataBANK1   0000
__Lidloc                              idloc        0000
__Linit                               init         0012
__Linittext                           inittext     0000
__Lintentry                           intentry     0004
__Lmaintext                           maintext     0000
__Lpowerup                            powerup      0000
__Lram                                ram          0000
__Lreset_vec                          reset_vec    0000
__Lsfr0                               sfr0         0000
__Lsfr1                               sfr1         0000
__Lsfr2                               sfr2         0000
__Lsfr3                               sfr3         0000
__Lspace_0                            (abs)        0000
__Lspace_1                            (abs)        0000
__Lspace_2                            (abs)        0000
__Lspace_3                            (abs)        0000
__Lstack                              stack        0000
__Lstrings                            strings      0000
__Ltext                               text         0000
__S0                                  (abs)        2009
__S1                                  (abs)        01BF
__S2                                  (abs)        0000
__S3                                  (abs)        0000
___int_sp                             stack        0000
___latbits                            (abs)        0002
___lldiv                              text5        0503
___lldiv@counter                      cstackBANK1  00CF
___lldiv@dividend                     cstackBANK1  00C6
___lldiv@divisor                      cstackBANK1  00C2
___lldiv@quotient                     cstackBANK1  00CB
___sp                                 stack        0000
__end_of_EEPROM_Read2                 text13       0503
__end_of_I2C_Master_Read              text18       0613
__end_of_I2C_Master_RepeatedStart     text17       070F
__end_of_I2C_Master_Start             text16       0708
__end_of_I2C_Master_Stop              text15       0701
__end_of_I2C_Master_Wait              text19       06EA
__end_of_I2C_Master_Write             text14       06FA
__end_of_Init_I2C_M                   text4        05ED
__end_of_Init_MPU                     text3        066A
__end_of_Init_SERIAL                  text2        0650
__end_of_Init_WDT                     text1        069B
__end_of_InterReceiver                text6        022B
__end_of_Packetmaker                  text12       0468
__end_of_SendByte                     text9        05BB
__end_of_SendPacket                   text8        03C7
__end_of___lldiv                      text5        0563
__end_of__initialization              cinit        0047
__end_of__stringtab                   strings      06A1
__end_of_fcsbit                       text11       0684
__end_of_flipout                      text10       06C1
__end_of_getch                        text7        06E1
__end_of_main                         maintext     030F
__initialization                      cinit        0015
__pbssBANK0                           bssBANK0     0062
__pbssBANK1                           bssBANK1     00DB
__pbssBANK3                           bssBANK3     0190
__pcstackBANK0                        cstackBANK0  0020
__pcstackBANK1                        cstackBANK1  00C2
__pcstackCOMMON                       cstackCOMMON 0070
__pdataBANK0                          dataBANK0    006E
__pdataBANK1                          dataBANK1    00A0
__pidataBANK0                         idataBANK0   070F
__pidataBANK1                         idataBANK1   0613
__pintentry                           intentry     0004
__pmaintext                           maintext     022B
__pstrings                            strings      069B
__ptext1                              text1        0684
__ptext10                             text10       06AF
__ptext11                             text11       066A
__ptext12                             text12       03C7
__ptext13                             text13       0468
__ptext14                             text14       06F2
__ptext15                             text15       06FA
__ptext16                             text16       0701
__ptext17                             text17       0708
__ptext18                             text18       05ED
__ptext19                             text19       06E1
__ptext2                              text2        0635
__ptext3                              text3        0650
__ptext4                              text4        05BB
__ptext5                              text5        0503
__ptext6                              text6        004B
__ptext7                              text7        06D2
__ptext8                              text8        030F
__ptext9                              text9        0563
__size_of_EEPROM_Read2                (abs)        0000
__size_of_I2C_Master_Read             (abs)        0000
__size_of_I2C_Master_RepeatedStart    (abs)        0000
__size_of_I2C_Master_Start            (abs)        0000
__size_of_I2C_Master_Stop             (abs)        0000
__size_of_I2C_Master_Wait             (abs)        0000
__size_of_I2C_Master_Write            (abs)        0000
__size_of_Init_I2C_M                  (abs)        0000
__size_of_Init_MPU                    (abs)        0000
__size_of_Init_SERIAL                 (abs)        0000
__size_of_Init_WDT                    (abs)        0000
__size_of_InterReceiver               (abs)        0000
__size_of_Packetmaker                 (abs)        0000
__size_of_SendByte                    (abs)        0000
__size_of_SendPacket                  (abs)        0000
__size_of___lldiv                     (abs)        0000
__size_of_fcsbit                      (abs)        0000
__size_of_flipout                     (abs)        0000
__size_of_getch                       (abs)        0000
__size_of_main                        (abs)        0000
__stringbase                          strings      06A0
__stringtab                           strings      069B
_ePacket                              bssBANK3     0190
_ebitstatus                           bssBANK0     0062
_efcsflag                             bssBANK0     0066
_efcshi                               bssBANK0     006C
_efcslo                               bssBANK0     006D
_eflag                                bssBANK0     0068
_estuff                               bssBANK0     0064
_fcsbit                               text11       066A
_flipout                              text10       06AF
_getch                                text7        06D2
_main                                 maintext     022B
btemp                                 (abs)        007E
clear_ram0                            clrtext      06EA
end_of_initialization                 cinit        0047
fcsbit@tbyte                          cstackCOMMON 0072
init_fetch0                           inittext     06C1
init_ram0                             inittext     06C5
interrupt_function                    intentry     0004
intlevel0                             functab      0000
intlevel1                             functab      0000
intlevel2                             functab      0000
intlevel3                             functab      0000
intlevel4                             functab      0000
intlevel5                             functab      0000
reset_vec                             reset_vec    0000
saved_w                               (abs)        007E
stackhi                               (abs)        0000
stacklo                               (abs)        0000
start                                 init         0012
start_initialization                  cinit        0015
wtemp0                                (abs)        007E


FUNCTION INFORMATION:

 *************** function _main *****************
 Defined at:
		line 37 in file "main.c"
 Parameters:    Size  Location     Type
		None
 Auto vars:     Size  Location     Type
  EEPROMData     32    0        unsigned char [32]
  EEPROMDataLe    2    0        unsigned int 
  EEPROMData      2    0        PTR unsigned char 
  dData           0    0        unsigned char [0]
 Return value:  Size  Location     Type
                  1    wreg      void 
 Registers used:
		wreg, status,2, status,0, pclath, cstack
 Tracked objects:
		On entry : 
		On exit  : 
		Unchanged: 
 Data sizes:     COMMON   BANK0   BANK1   BANK3   BANK2
      Params:         0       0       0       0       0
      Locals:         0       0       0       0       0
      Temps:          0       0       3       0       0
      Totals:         0       0       3       0       0
Total ram usage:        3 bytes
 Hardware stack levels required when called:    6
 This function calls:
		_Init_I2C_M
		_Init_MPU
		_Init_SERIAL
		_Init_WDT
 This function is called by:
		Startup code after reset
 This function uses a non-reentrant model


 *************** function _Init_WDT *****************
 Defined at:
		line 5 in file "WDT.c"
 Parameters:    Size  Location     Type
		None
 Auto vars:     Size  Location     Type
		None
 Return value:  Size  Location     Type
                  1    wreg      void 
 Registers used:
		wreg, status,2, status,0
 Tracked objects:
		On entry : 
		On exit  : 
		Unchanged: 
 Data sizes:     COMMON   BANK0   BANK1   BANK3   BANK2
      Params:         0       0       0       0       0
      Locals:         0       0       0       0       0
      Temps:          0       0       0       0       0
      Totals:         0       0       0       0       0
Total ram usage:        0 bytes
 Hardware stack levels used:    1
 Hardware stack levels required when called:    4
 This function calls:
		Nothing
 This function is called by:
		_main
 This function uses a non-reentrant model


 *************** function _Init_SERIAL *****************
 Defined at:
		line 10 in file "UART.c"
 Parameters:    Size  Location     Type
		None
 Auto vars:     Size  Location     Type
		None
 Return value:  Size  Location     Type
                  1    wreg      void 
 Registers used:
		wreg
 Tracked objects:
		On entry : 
		On exit  : 
		Unchanged: 
 Data sizes:     COMMON   BANK0   BANK1   BANK3   BANK2
      Params:         0       0       0       0       0
      Locals:         0       0       0       0       0
      Temps:          0       0       0       0       0
      Totals:         0       0       0       0       0
Total ram usage:        0 bytes
 Hardware stack levels used:    1
 Hardware stack levels required when called:    4
 This function calls:
		Nothing
 This function is called by:
		_main
 This function uses a non-reentrant model


 *************** function _Init_MPU *****************
 Defined at:
		line 8 in file "Init_MPU.c"
 Parameters:    Size  Location     Type
		None
 Auto vars:     Size  Location     Type
		None
 Return value:  Size  Location     Type
                  1    wreg      void 
 Registers used:
		wreg, status,2
 Tracked objects:
		On entry : 
		On exit  : 
		Unchanged: 
 Data sizes:     COMMON   BANK0   BANK1   BANK3   BANK2
      Params:         0       0       0       0       0
      Locals:         0       0       0       0       0
      Temps:          0       0       0       0       0
      Totals:         0       0       0       0       0
Total ram usage:        0 bytes
 Hardware stack levels used:    1
 Hardware stack levels required when called:    4
 This function calls:
		Nothing
 This function is called by:
		_main
 This function uses a non-reentrant model


 *************** function _Init_I2C_M *****************
 Defined at:
		line 11 in file "I2C.c"
 Parameters:    Size  Location     Type
  c               4   14[BANK1 ] const unsigned long 
 Auto vars:     Size  Location     Type
		None
 Return value:  Size  Location     Type
                  1    wreg      void 
 Registers used:
		wreg, status,2, status,0, pclath, cstack
 Tracked objects:
		On entry : 
		On exit  : 
		Unchanged: 
 Data sizes:     COMMON   BANK0   BANK1   BANK3   BANK2
      Params:         0       0       4       0       0
      Locals:         0       0       0       0       0
      Temps:          0       0       4       0       0
      Totals:         0       0       8       0       0
Total ram usage:        8 bytes
 Hardware stack levels used:    1
 Hardware stack levels required when called:    5
 This function calls:
		___lldiv
 This function is called by:
		_main
 This function uses a non-reentrant model


 *************** function ___lldiv *****************
 Defined at:
		line 6 in file "C:\Program Files (x86)\Microchip\xc8\v1.45\sources\common\lldiv.c"
 Parameters:    Size  Location     Type
  divisor         4    0[BANK1 ] unsigned long 
  dividend        4    4[BANK1 ] unsigned long 
 Auto vars:     Size  Location     Type
  quotient        4    9[BANK1 ] unsigned long 
  counter         1   13[BANK1 ] unsigned char 
 Return value:  Size  Location     Type
                  4    0[BANK1 ] unsigned long 
 Registers used:
		wreg, status,2, status,0
 Tracked objects:
		On entry : 
		On exit  : 
		Unchanged: 
 Data sizes:     COMMON   BANK0   BANK1   BANK3   BANK2
      Params:         0       0       8       0       0
      Locals:         0       0       5       0       0
      Temps:          0       0       1       0       0
      Totals:         0       0      14       0       0
Total ram usage:       14 bytes
 Hardware stack levels used:    1
 Hardware stack levels required when called:    4
 This function calls:
		Nothing
 This function is called by:
		_Init_I2C_M
 This function uses a non-reentrant model


 *************** function _InterReceiver *****************
 Defined at:
		line 90 in file "UART.c"
 Parameters:    Size  Location     Type
		None
 Auto vars:     Size  Location     Type
  i               2   63[BANK0 ] int 
  i               2   61[BANK0 ] int 
  EEPROMCmdDat    2   59[BANK0 ] unsigned int 
  EEPROMCmdDat    1   65[BANK0 ] unsigned char [1]
  EEPROMCmdDat    6   51[BANK0 ] unsigned char [6]
  EEPROMCmdDat    2   57[BANK0 ] unsigned int 
  RXDATA         32   19[BANK0 ] unsigned char [32]
 Return value:  Size  Location     Type
                  1    wreg      void 
 Registers used:
		wreg, fsr0l, fsr0h, status,2, status,0, btemp+1, pclath, cstack
 Tracked objects:
		On entry : 
		On exit  : 
		Unchanged: 
 Data sizes:     COMMON   BANK0   BANK1   BANK3   BANK2
      Params:         0       0       0       0       0
      Locals:         0      47       0       0       0
      Temps:          0       7       0       0       0
      Totals:         0      54       0       0       0
Total ram usage:       54 bytes
 Hardware stack levels used:    1
 Hardware stack levels required when called:    3
 This function calls:
		_EEPROM_Read2
		_SendPacket
		_getch
 This function is called by:
		Interrupt level 1
 This function uses a non-reentrant model


 *************** function _getch *****************
 Defined at:
		line 28 in file "UART.c"
 Parameters:    Size  Location     Type
		None
 Auto vars:     Size  Location     Type
		None
 Return value:  Size  Location     Type
                  1    wreg      unsigned char 
 Registers used:
		wreg
 Tracked objects:
		On entry : 
		On exit  : 
		Unchanged: 
 Data sizes:     COMMON   BANK0   BANK1   BANK3   BANK2
      Params:         0       0       0       0       0
      Locals:         0       0       0       0       0
      Temps:          0       0       0       0       0
      Totals:         0       0       0       0       0
Total ram usage:        0 bytes
 Hardware stack levels used:    1
 This function calls:
		Nothing
 This function is called by:
		_InterReceiver
 This function uses a non-reentrant model


 *************** function _SendPacket *****************
 Defined at:
		line 59 in file "encode_AX25.c"
 Parameters:    Size  Location     Type
  eDataField      1    wreg     PTR unsigned char 
		 -> InterReceiver@EEPROMCmdData_107(1), InterReceiver@EEPROMCmdData(6), 
 Auto vars:     Size  Location     Type
  eDataField      1    5[BANK0 ] PTR unsigned char 
		 -> InterReceiver@EEPROMCmdData_107(1), InterReceiver@EEPROMCmdData(6), 
  i               2   10[BANK0 ] unsigned int 
  i               2    8[BANK0 ] unsigned int 
  i               2    6[BANK0 ] unsigned int 
  Packetnum       2    3[BANK0 ] unsigned int 
 Return value:  Size  Location     Type
                  1    wreg      void 
 Registers used:
		wreg, fsr0l, fsr0h, status,2, status,0, pclath, cstack
 Tracked objects:
		On entry : 
		On exit  : 
		Unchanged: 
 Data sizes:     COMMON   BANK0   BANK1   BANK3   BANK2
      Params:         0       0       0       0       0
      Locals:         0       9       0       0       0
      Temps:          0       3       0       0       0
      Totals:         0      12       0       0       0
Total ram usage:       12 bytes
 Hardware stack levels used:    1
 Hardware stack levels required when called:    2
 This function calls:
		_Packetmaker
		_SendByte
 This function is called by:
		_InterReceiver
 This function uses a non-reentrant model


 *************** function _SendByte *****************
 Defined at:
		line 101 in file "encode_AX25.c"
 Parameters:    Size  Location     Type
  byte            1    wreg     unsigned char 
 Auto vars:     Size  Location     Type
  byte            1    7[COMMON] unsigned char 
  i               2    5[COMMON] unsigned int 
  bt              1    8[COMMON] unsigned char 
 Return value:  Size  Location     Type
                  1    wreg      void 
 Registers used:
		wreg, status,2, status,0, pclath, cstack
 Tracked objects:
		On entry : 
		On exit  : 
		Unchanged: 
 Data sizes:     COMMON   BANK0   BANK1   BANK3   BANK2
      Params:         0       0       0       0       0
      Locals:         4       0       0       0       0
      Temps:          2       0       0       0       0
      Totals:         6       0       0       0       0
Total ram usage:        6 bytes
 Hardware stack levels used:    1
 Hardware stack levels required when called:    1
 This function calls:
		_fcsbit
		_flipout
 This function is called by:
		_SendPacket
 This function uses a non-reentrant model


 *************** function _flipout *****************
 Defined at:
		line 125 in file "encode_AX25.c"
 Parameters:    Size  Location     Type
		None
 Auto vars:     Size  Location     Type
		None
 Return value:  Size  Location     Type
                  1    wreg      void 
 Registers used:
		wreg, status,2, status,0
 Tracked objects:
		On entry : 
		On exit  : 
		Unchanged: 
 Data sizes:     COMMON   BANK0   BANK1   BANK3   BANK2
      Params:         0       0       0       0       0
      Locals:         0       0       0       0       0
      Temps:          0       0       0       0       0
      Totals:         0       0       0       0       0
Total ram usage:        0 bytes
 Hardware stack levels used:    1
 This function calls:
		Nothing
 This function is called by:
		_SendByte
 This function uses a non-reentrant model


 *************** function _fcsbit *****************
 Defined at:
		line 138 in file "encode_AX25.c"
 Parameters:    Size  Location     Type
  tbyte           1    wreg     unsigned char 
 Auto vars:     Size  Location     Type
  tbyte           1    2[COMMON] unsigned char 
 Return value:  Size  Location     Type
                  1    wreg      void 
 Registers used:
		wreg, status,2, status,0
 Tracked objects:
		On entry : 
		On exit  : 
		Unchanged: 
 Data sizes:     COMMON   BANK0   BANK1   BANK3   BANK2
      Params:         0       0       0       0       0
      Locals:         1       0       0       0       0
      Temps:          2       0       0       0       0
      Totals:         3       0       0       0       0
Total ram usage:        3 bytes
 Hardware stack levels used:    1
 This function calls:
		Nothing
 This function is called by:
		_SendByte
 This function uses a non-reentrant model


 *************** function _Packetmaker *****************
 Defined at:
		line 40 in file "encode_AX25.c"
 Parameters:    Size  Location     Type
  eDataField      1    wreg     PTR unsigned char 
		 -> InterReceiver@EEPROMCmdData_107(1), InterReceiver@EEPROMCmdData(6), 
 Auto vars:     Size  Location     Type
  eDataField      1    4[COMMON] PTR unsigned char 
		 -> InterReceiver@EEPROMCmdData_107(1), InterReceiver@EEPROMCmdData(6), 
  i               2    5[COMMON] unsigned int 
  i               2   11[COMMON] unsigned int 
  i               2    9[COMMON] unsigned int 
  Datanum         2    7[COMMON] unsigned int 
 Return value:  Size  Location     Type
                  2    0[COMMON] unsigned int 
 Registers used:
		wreg, fsr0l, fsr0h, status,2, status,0, pclath
 Tracked objects:
		On entry : 
		On exit  : 
		Unchanged: 
 Data sizes:     COMMON   BANK0   BANK1   BANK3   BANK2
      Params:         2       0       0       0       0
      Locals:         9       0       0       0       0
      Temps:          2       0       0       0       0
      Totals:        13       0       0       0       0
Total ram usage:       13 bytes
 Hardware stack levels used:    2
 This function calls:
		Nothing
 This function is called by:
		_SendPacket
 This function uses a non-reentrant model


 *************** function _EEPROM_Read2 *****************
 Defined at:
		line 77 in file "I2C.c"
 Parameters:    Size  Location     Type
  EEPROM_addre    1    wreg     unsigned char 
  high_address    1    3[COMMON] unsigned char 
  low_address     1    4[COMMON] unsigned char 
  ReadData        1    5[COMMON] PTR unsigned char 
		 -> InterReceiver@EEPROMCmdData_107(1), InterReceiver@EEPROMCmdData(6), 
  EEPROMDataLe    2    6[COMMON] unsigned int 
 Auto vars:     Size  Location     Type
  EEPROM_addre    1    0[BANK0 ] unsigned char 
  i               2    2[BANK0 ] unsigned int 
  Address         1    4[BANK0 ] unsigned char 
  ReadAddress     1    1[BANK0 ] unsigned char 
 Return value:  Size  Location     Type
                  1    wreg      void 
 Registers used:
		wreg, fsr0l, fsr0h, status,2, status,0, pclath, cstack
 Tracked objects:
		On entry : 
		On exit  : 
		Unchanged: 
 Data sizes:     COMMON   BANK0   BANK1   BANK3   BANK2
      Params:         5       0       0       0       0
      Locals:         0       5       0       0       0
      Temps:          3       0       0       0       0
      Totals:         8       5       0       0       0
Total ram usage:       13 bytes
 Hardware stack levels used:    1
 Hardware stack levels required when called:    2
 This function calls:
		_I2C_Master_Read
		_I2C_Master_RepeatedStart
		_I2C_Master_Start
		_I2C_Master_Stop
		_I2C_Master_Write
 This function is called by:
		_InterReceiver
 This function uses a non-reentrant model


 *************** function _I2C_Master_Write *****************
 Defined at:
		line 37 in file "I2C.c"
 Parameters:    Size  Location     Type
  d               2    0[COMMON] unsigned int 
 Auto vars:     Size  Location     Type
		None
 Return value:  Size  Location     Type
                  1    wreg      void 
 Registers used:
		wreg, status,2, status,0, pclath, cstack
 Tracked objects:
		On entry : 
		On exit  : 
		Unchanged: 
 Data sizes:     COMMON   BANK0   BANK1   BANK3   BANK2
      Params:         2       0       0       0       0
      Locals:         0       0       0       0       0
      Temps:          0       0       0       0       0
      Totals:         2       0       0       0       0
Total ram usage:        2 bytes
 Hardware stack levels used:    1
 Hardware stack levels required when called:    1
 This function calls:
		_I2C_Master_Wait
 This function is called by:
		_EEPROM_Read2
		_EEPROM_Write
		_EEPROM_Read
 This function uses a non-reentrant model


 *************** function _I2C_Master_Stop *****************
 Defined at:
		line 32 in file "I2C.c"
 Parameters:    Size  Location     Type
		None
 Auto vars:     Size  Location     Type
		None
 Return value:  Size  Location     Type
                  1    wreg      void 
 Registers used:
		wreg, status,2, status,0, pclath, cstack
 Tracked objects:
		On entry : 
		On exit  : 
		Unchanged: 
 Data sizes:     COMMON   BANK0   BANK1   BANK3   BANK2
      Params:         0       0       0       0       0
      Locals:         0       0       0       0       0
      Temps:          0       0       0       0       0
      Totals:         0       0       0       0       0
Total ram usage:        0 bytes
 Hardware stack levels used:    1
 Hardware stack levels required when called:    1
 This function calls:
		_I2C_Master_Wait
 This function is called by:
		_EEPROM_Read2
		_EEPROM_Write
		_EEPROM_Read
 This function uses a non-reentrant model


 *************** function _I2C_Master_Start *****************
 Defined at:
		line 22 in file "I2C.c"
 Parameters:    Size  Location     Type
		None
 Auto vars:     Size  Location     Type
		None
 Return value:  Size  Location     Type
                  1    wreg      void 
 Registers used:
		wreg, status,2, status,0, pclath, cstack
 Tracked objects:
		On entry : 
		On exit  : 
		Unchanged: 
 Data sizes:     COMMON   BANK0   BANK1   BANK3   BANK2
      Params:         0       0       0       0       0
      Locals:         0       0       0       0       0
      Temps:          0       0       0       0       0
      Totals:         0       0       0       0       0
Total ram usage:        0 bytes
 Hardware stack levels used:    1
 Hardware stack levels required when called:    1
 This function calls:
		_I2C_Master_Wait
 This function is called by:
		_EEPROM_Read2
		_EEPROM_Write
		_EEPROM_Read
 This function uses a non-reentrant model


 *************** function _I2C_Master_RepeatedStart *****************
 Defined at:
		line 27 in file "I2C.c"
 Parameters:    Size  Location     Type
		None
 Auto vars:     Size  Location     Type
		None
 Return value:  Size  Location     Type
                  1    wreg      void 
 Registers used:
		wreg, status,2, status,0, pclath, cstack
 Tracked objects:
		On entry : 
		On exit  : 
		Unchanged: 
 Data sizes:     COMMON   BANK0   BANK1   BANK3   BANK2
      Params:         0       0       0       0       0
      Locals:         0       0       0       0       0
      Temps:          0       0       0       0       0
      Totals:         0       0       0       0       0
Total ram usage:        0 bytes
 Hardware stack levels used:    1
 Hardware stack levels required when called:    1
 This function calls:
		_I2C_Master_Wait
 This function is called by:
		_EEPROM_Read2
		_EEPROM_Read
 This function uses a non-reentrant model


 *************** function _I2C_Master_Read *****************
 Defined at:
		line 42 in file "I2C.c"
 Parameters:    Size  Location     Type
  a               1    wreg     unsigned char 
 Auto vars:     Size  Location     Type
  a               1    1[COMMON] unsigned char 
  temp            1    2[COMMON] unsigned char 
 Return value:  Size  Location     Type
                  1    wreg      unsigned char 
 Registers used:
		wreg, status,2, status,0, pclath, cstack
 Tracked objects:
		On entry : 
		On exit  : 
		Unchanged: 
 Data sizes:     COMMON   BANK0   BANK1   BANK3   BANK2
      Params:         0       0       0       0       0
      Locals:         2       0       0       0       0
      Temps:          1       0       0       0       0
      Totals:         3       0       0       0       0
Total ram usage:        3 bytes
 Hardware stack levels used:    1
 Hardware stack levels required when called:    1
 This function calls:
		_I2C_Master_Wait
 This function is called by:
		_EEPROM_Read2
		_EEPROM_Read
 This function uses a non-reentrant model


 *************** function _I2C_Master_Wait *****************
 Defined at:
		line 18 in file "I2C.c"
 Parameters:    Size  Location     Type
		None
 Auto vars:     Size  Location     Type
		None
 Return value:  Size  Location     Type
                  1    wreg      void 
 Registers used:
		wreg, status,2
 Tracked objects:
		On entry : 
		On exit  : 
		Unchanged: 
 Data sizes:     COMMON   BANK0   BANK1   BANK3   BANK2
      Params:         0       0       0       0       0
      Locals:         0       0       0       0       0
      Temps:          0       0       0       0       0
      Totals:         0       0       0       0       0
Total ram usage:        0 bytes
 Hardware stack levels used:    1
 This function calls:
		Nothing
 This function is called by:
		_I2C_Master_Start
		_I2C_Master_RepeatedStart
		_I2C_Master_Stop
		_I2C_Master_Write
		_I2C_Master_Read
 This function uses a non-reentrant model



MODULE INFORMATION

Module		Function		Class		Link	Load	Size
UART.c
		_Init_SERIAL   		CODE           	0635	0000	28
		_InterReceiver 		CODE           	004B	0000	481
		_getch         		CODE           	06D2	0000	16

UART.c estimated size: 525

Init_MPU.c
		_Init_MPU      		CODE           	0650	0000	27

Init_MPU.c estimated size: 27

I2C.c
		_I2C_Master_Read		CODE           	05ED	0000	39
		_EEPROM_Read2  		CODE           	0468	0000	156
		_I2C_Master_Wait		CODE           	06E1	0000	10
		_I2C_Master_Stop		CODE           	06FA	0000	8
		_I2C_Master_RepeatedStart		CODE           	0708	0000	8
		_Init_I2C_M    		CODE           	05BB	0000	51
		_I2C_Master_Write		CODE           	06F2	0000	9
		_I2C_Master_Start		CODE           	0701	0000	8

I2C.c estimated size: 289

WDT.c
		_Init_WDT      		CODE           	0684	0000	24

WDT.c estimated size: 24

shared
		__stringtab    		STRING         	069B	0000	7
		__initialization		CODE           	0015	0000	51

shared estimated size: 58

encode_AX25.c
		_SendByte      		CODE           	0563	0000	89
		_fcsbit        		CODE           	066A	0000	27
		_SendPacket    		CODE           	030F	0000	185
		_Packetmaker   		CODE           	03C7	0000	162
		_flipout       		CODE           	06AF	0000	19

encode_AX25.c estimated size: 482

C:\Program Files (x86)\Microchip\xc8\v1.45\sources\common\lldiv.c
		___lldiv       		CODE           	0503	0000	97

C:\Program Files (x86)\Microchip\xc8\v1.45\sources\common\lldiv.c estimated size: 97

main.c
		_main          		CODE           	022B	0000	229

main.c estimated size: 229

