Microchip MPLAB XC8 Compiler V1.38 ()

Linker command line:

-W-3 --edf=C:\Program Files (x86)\Microchip\xc8\v1.38\dat\en_msgs.txt -cs \
  -h+dist/default/debug\PIC_Tx.debug.sym \
  --cmf=dist/default/debug\PIC_Tx.debug.cmf -z -Q16F886 \
  -oC:\Users\Kosuke\AppData\Local\Temp\s8fk.2 \
  -Mdist/default/debug/PIC_Tx.debug.map -E1 -ver=XC8 -ASTACK=0110h-016fh \
  -pstack=STACK -ACODE=00h-07FFhx3,01800h-01EFFh -ASTRCODE=00h-01EFFh \
  -ASTRING=00h-0FFhx31 -ACONST=00h-0FFhx31 -AENTRY=00h-0FFhx31 \
  -ACOMMON=071h-07Fh -ABANK0=020h-06Fh -ABANK1=0A0h-0EFh \
  -ABANK2=0110h-016Fh -ABANK3=0190h-01E4h \
  -ARAM=020h-06Fh,0A0h-0EFh,0110h-016Fh,0190h-01E4h \
  -AABS1=020h-07Fh,0A0h-0EFh,0110h-016Fh,0190h-01EFh -ASFR0=00h-01Fh \
  -ASFR1=080h-09Fh -ASFR2=0100h-010Fh -ASFR3=0180h-018Fh \
  -preset_vec=00h,intentry,init,end_init -ppowerup=CODE -pcinit=CODE \
  -pfunctab=CODE -ACONFIG=02007h-02008h -pconfig=CONFIG -DCONFIG=2 \
  -AIDLOC=02000h-02003h -pidloc=IDLOC -DIDLOC=2 -AEEDATA=00h-0FFh/02100h \
  -peeprom_data=EEDATA -DEEDATA=2 -DCODE=2 -DSTRCODE=2 -DSTRING=2 -DCONST=2 \
  -DENTRY=2 -k C:\Users\Kosuke\AppData\Local\Temp\s8fk.obj \
  dist/default/debug\PIC_Tx.debug.obj 

Object code version is 3.11

Machine type is 16F886



                Name                               Link     Load   Length Selector   Space Scale
C:\Users\Kosuke\AppData\Local\Temp\s8fk.obj
                end_init                              1        1        3        0       0
                reset_vec                             0        0        1        0       0
                config                             2007     2007        2     400E       0
dist/default/debug\PIC_Tx.debug.obj
                cinit                               7D6      7D6       2A      FAC       0
                text9                               5AD      5AD       60      B5A       0
                text8                               521      521       34      A42       0
                text7                               4E2      4E2       1B      9C4       0
                text6                               4AF      4AF       19      95E       0
                text5                               732      732       A4      E64       0
                text4                               4C8      4C8       1A      990       0
                text3                               49D      49D       12      93A       0
                text2                               555      555       58      AAA       0
                text1                               69E      69E       94      D3C       0
                maintext                            60D      60D       91      C1A       0
                cstackBANK0                          56       56        D       20       1
                cstackCOMMON                         71       71        D       71       1
                clrtext                             484      484        8      908       0
                inittext                            48C      48C       11      918       0
                bssBANK3                            190      190       52      190       1
                bssBANK1                             A0       A0       42       A0       1
                dataBANK0                            20       20       24       20       1
                bssBANK0                             44       44       12       20       1
                strings                               4        4       1A        8       0
                idataBANK0                          4FD      4FD       24      9FA       0

TOTAL           Name                               Link     Load   Length     Space
        CLASS   STACK          

        CLASS   CODE           
                end_init                              1        1        3         0
                cinit                               7D6      7D6       2A         0
                reset_vec                             0        0        1         0
                text9                               5AD      5AD       60         0
                text8                               521      521       34         0
                text7                               4E2      4E2       1B         0
                text6                               4AF      4AF       19         0
                text5                               732      732       A4         0
                text4                               4C8      4C8       1A         0
                text3                               49D      49D       12         0
                text2                               555      555       58         0
                text1                               69E      69E       94         0
                maintext                            60D      60D       91         0
                clrtext                             484      484        8         0
                inittext                            48C      48C       11         0
                idataBANK0                          4FD      4FD       24         0

        CLASS   STRCODE        

        CLASS   STRING         
                strings                               4        4       1A         0

        CLASS   CONST          

        CLASS   ENTRY          

        CLASS   COMMON         
                cstackCOMMON                         71       71        D         1

        CLASS   BANK0          
                cstackBANK0                          56       56        D         1
                dataBANK0                            20       20       24         1
                bssBANK0                             44       44       12         1

        CLASS   BANK1          
                bssBANK1                             A0       A0       42         1

        CLASS   BANK2          

        CLASS   BANK3          
                bssBANK3                            190      190       52         1

        CLASS   RAM            

        CLASS   ABS1           
                abs_s1                               7E       7E        2         1

        CLASS   SFR0           

        CLASS   SFR1           

        CLASS   SFR2           

        CLASS   SFR3           

        CLASS   CONFIG         
                config                             2007     2007        2         0

        CLASS   IDLOC          

        CLASS   EEDATA         



SEGMENTS        Name                           Load    Length   Top    Selector   Space  Class     Delta

                reset_vec                      000000  000004  000004         0       0  CODE        2
                strings                        000004  00001A  00001E         8       0  STRING      2
                dataBANK0                      000020  000043  000063        20       1  BANK0       1
                cstackCOMMON                   000071  00000D  00007E        71       1  COMMON      1
                bssBANK1                       0000A0  000042  0000E2        A0       1  BANK1       1
                bssBANK3                       000190  000052  0001E2       190       1  BANK3       1
                clrtext                        000484  000008  00048C       908       0  CODE        2
                inittext                       00048C  000011  00049D       918       0  CODE        2
                text3                          00049D  000012  0004AF       93A       0  CODE        2
                text6                          0004AF  000019  0004C8       95E       0  CODE        2
                text4                          0004C8  00001A  0004E2       990       0  CODE        2
                text7                          0004E2  00001B  0004FD       9C4       0  CODE        2
                idataBANK0                     0004FD  000024  000521       9FA       0  CODE        2
                text8                          000521  000034  000555       A42       0  CODE        2
                text2                          000555  000058  0005AD       AAA       0  CODE        2
                text9                          0005AD  000060  00060D       B5A       0  CODE        2
                maintext                       00060D  000091  00069E       C1A       0  CODE        2
                text1                          00069E  000094  000732       D3C       0  CODE        2
                text5                          000732  0000A4  0007D6       E64       0  CODE        2
                cinit                          0007D6  00002A  000800       FAC       0  CODE        2
                config                         002007  000002  002009      400E       0  CONFIG      2


UNUSED ADDRESS RANGES

        Name                Unused          Largest block    Delta
        BANK0            0063-006F              D           1
        BANK1            00E2-00EF              E           1
        BANK2            0110-016F             60           1
        BANK3            01E2-01E4              3           1
        CODE             001E-0483            466           2
                         0800-1EFF            800
        CONST            001E-0483            100           2
                         0800-1EFF            100
        EEDATA           2100-21FF            100           2
        ENTRY            001E-0483            100           2
                         0800-1EFF            100
        IDLOC            2000-2003              4           2
        RAM              0063-006F              D           1
                         00E2-00EF              E
                         0110-016F             60
                         01E2-01E4              3
        SFR0             0000-001F             20           1
        SFR1             0080-009F             20           1
        SFR2             0100-010F             10           1
        SFR3             0180-018F             10           1
        STACK            0110-016F             60           1
        STRCODE          001E-0483            466           2
                         0800-1EFF           1700
        STRING           001E-0483            100           2
                         0800-1EFF            100

                                  Symbol Table

?_Packetmaker            cstackCOMMON 0071
?___lldiv                cstackCOMMON 0071
Init_I2C_M@c             cstackBANK0  005B
Packetmaker@Datanum      cstackCOMMON 0078
Packetmaker@eDataField   cstackCOMMON 0075
Packetmaker@i            cstackCOMMON 007A
Packetmaker@i_200        cstackCOMMON 007C
Packetmaker@i_203        cstackCOMMON 0076
SendByte@bt              cstackCOMMON 0079
SendByte@byte            cstackCOMMON 0078
SendByte@i               cstackCOMMON 0076
SendPacket@Packetnum     cstackBANK0  0057
SendPacket@eDataField    cstackBANK0  0059
SendPacket@i             cstackBANK0  005A
SendPacket@i_208         cstackBANK0  005C
SendPacket@i_209         cstackBANK0  005E
_ACKDT                   (abs)        048D
_ACKEN                   (abs)        048C
_ANSEL                   (abs)        0188
_ANSELH                  (abs)        0189
_BRGH                    (abs)        04C2
_CREN                    (abs)        00C4
_FERR                    (abs)        00C2
_Init_I2C_M              text8        0521
_Init_MPU                text7        04E2
_Init_SERIAL             text6        04AF
_OERR                    (abs)        00C1
_PEN                     (abs)        048A
_PORTA                   (abs)        0005
_PORTB                   (abs)        0006
_PORTC                   (abs)        0007
_PORTE                   (abs)        0009
_Packetmaker             text5        0732
_RB0                     (abs)        0030
_RB1                     (abs)        0031
_RC0                     (abs)        0038
_RC2                     (abs)        003A
_RC5                     (abs)        003D
_RCEN                    (abs)        048B
_RCIE                    (abs)        0465
_RCIF                    (abs)        0065
_RCREG                   (abs)        001A
_RSEN                    (abs)        0489
_RX9                     (abs)        00C6
_SEN                     (abs)        0488
_SPBRG                   (abs)        0099
_SPEN                    (abs)        00C7
_SREN                    (abs)        00C5
_SSPADD                  (abs)        0093
_SSPBUF                  (abs)        0013
_SSPCON                  (abs)        0014
_SSPCON2                 (abs)        0091
_SSPSTAT                 (abs)        0094
_STATUS                  (abs)        0003
_SYNC                    (abs)        04C4
_SendByte                text2        0555
_SendPacket              text1        069E
_TRISA                   (abs)        0085
_TRISB                   (abs)        0086
_TRISC                   (abs)        0087
_TRISE                   (abs)        0089
_TX9                     (abs)        04C6
_TXEN                    (abs)        04C5
_TXIE                    (abs)        0464
_TXIF                    (abs)        0064
_TXREG                   (abs)        0019
__CFG_BOR4V$BOR40V       (abs)        0000
__CFG_BOREN$OFF          (abs)        0000
__CFG_CP$OFF             (abs)        0000
__CFG_CPD$OFF            (abs)        0000
__CFG_FCMEN$OFF          (abs)        0000
__CFG_FOSC$HS            (abs)        0000
__CFG_IESO$OFF           (abs)        0000
__CFG_LVP$OFF            (abs)        0000
__CFG_MCLRE$ON           (abs)        0000
__CFG_PWRTE$ON           (abs)        0000
__CFG_WDTE$OFF           (abs)        0000
__CFG_WRT$OFF            (abs)        0000
__Habs1                  abs1         0000
__Hbank0                 bank0        0000
__Hbank1                 bank1        0000
__Hbank2                 bank2        0000
__Hbank3                 bank3        0000
__HbssBANK0              bssBANK0     0000
__HbssBANK1              bssBANK1     0000
__HbssBANK3              bssBANK3     0000
__Hcinit                 cinit        0800
__Hclrtext               clrtext      0000
__Hcode                  code         0000
__Hcommon                common       0000
__Hconfig                config       2009
__HcstackBANK0           cstackBANK0  0000
__HcstackCOMMON          cstackCOMMON 0000
__HdataBANK0             dataBANK0    0000
__Heeprom_data           eeprom_data  0000
__Hend_init              end_init     0004
__Hfunctab               functab      0000
__HidataBANK0            idataBANK0   0000
__Hidloc                 idloc        0000
__Hinit                  init         0001
__Hinittext              inittext     0000
__Hintentry              intentry     0001
__Hmaintext              maintext     0000
__Hpowerup               powerup      0000
__Hram                   ram          0000
__Hreset_vec             reset_vec    0001
__Hsfr0                  sfr0         0000
__Hsfr1                  sfr1         0000
__Hsfr2                  sfr2         0000
__Hsfr3                  sfr3         0000
__Hspace_0               (abs)        2009
__Hspace_1               (abs)        01E2
__Hspace_2               (abs)        0000
__Hspace_3               (abs)        0000
__Hstack                 stack        0000
__Hstrings               strings      0000
__Htext                  text         0000
__Labs1                  abs1         0000
__Lbank0                 bank0        0000
__Lbank1                 bank1        0000
__Lbank2                 bank2        0000
__Lbank3                 bank3        0000
__LbssBANK0              bssBANK0     0000
__LbssBANK1              bssBANK1     0000
__LbssBANK3              bssBANK3     0000
__Lcinit                 cinit        07D6
__Lclrtext               clrtext      0000
__Lcode                  code         0000
__Lcommon                common       0000
__Lconfig                config       2007
__LcstackBANK0           cstackBANK0  0000
__LcstackCOMMON          cstackCOMMON 0000
__LdataBANK0             dataBANK0    0000
__Leeprom_data           eeprom_data  0000
__Lend_init              end_init     0001
__Lfunctab               functab      0000
__LidataBANK0            idataBANK0   0000
__Lidloc                 idloc        0000
__Linit                  init         0001
__Linittext              inittext     0000
__Lintentry              intentry     0001
__Lmaintext              maintext     0000
__Lpowerup               powerup      0000
__Lram                   ram          0000
__Lreset_vec             reset_vec    0000
__Lsfr0                  sfr0         0000
__Lsfr1                  sfr1         0000
__Lsfr2                  sfr2         0000
__Lsfr3                  sfr3         0000
__Lspace_0               (abs)        0000
__Lspace_1               (abs)        0000
__Lspace_2               (abs)        0000
__Lspace_3               (abs)        0000
__Lstack                 stack        0000
__Lstrings               strings      0000
__Ltext                  text         0000
__S0                     (abs)        2009
__S1                     (abs)        01E2
__S2                     (abs)        0000
__S3                     (abs)        0000
___int_sp                stack        0000
___latbits               (abs)        0002
___lldiv                 text9        05AD
___lldiv@counter         cstackBANK0  005A
___lldiv@dividend        cstackCOMMON 0075
___lldiv@divisor         cstackCOMMON 0071
___lldiv@quotient        cstackBANK0  0056
___sp                    stack        0000
__end_of_Init_I2C_M      text8        0555
__end_of_Init_MPU        text7        04FD
__end_of_Init_SERIAL     text6        04C8
__end_of_Packetmaker     text5        07D6
__end_of_SendByte        text2        05AD
__end_of_SendPacket      text1        0732
__end_of___lldiv         text9        060D
__end_of__initialization cinit        07FC
__end_of__stringtab      strings      000A
__end_of_fcsbit          text4        04E2
__end_of_flipout         text3        04AF
__end_of_main            maintext     069E
__initialization         cinit        07D6
__pbssBANK0              bssBANK0     0044
__pbssBANK1              bssBANK1     00A0
__pbssBANK3              bssBANK3     0190
__pcstackBANK0           cstackBANK0  0056
__pcstackCOMMON          cstackCOMMON 0071
__pdataBANK0             dataBANK0    0020
__pidataBANK0            idataBANK0   04FD
__pmaintext              maintext     060D
__pstrings               strings      0004
__ptext1                 text1        069E
__ptext2                 text2        0555
__ptext3                 text3        049D
__ptext4                 text4        04C8
__ptext5                 text5        0732
__ptext6                 text6        04AF
__ptext7                 text7        04E2
__ptext8                 text8        0521
__ptext9                 text9        05AD
__size_of_Init_I2C_M     (abs)        0000
__size_of_Init_MPU       (abs)        0000
__size_of_Init_SERIAL    (abs)        0000
__size_of_Packetmaker    (abs)        0000
__size_of_SendByte       (abs)        0000
__size_of_SendPacket     (abs)        0000
__size_of___lldiv        (abs)        0000
__size_of_fcsbit         (abs)        0000
__size_of_flipout        (abs)        0000
__size_of_main           (abs)        0000
__stringbase             strings      0009
__stringtab              strings      0004
_dPacket                 bssBANK1     00A0
_dPacketnum              bssBANK0     0044
_dfcshi                  bssBANK0     0052
_dfcslo                  bssBANK0     0053
_ePacket                 bssBANK3     0190
_ebitstatus              bssBANK0     0046
_efcsflag                bssBANK0     0048
_efcshi                  bssBANK0     0054
_efcslo                  bssBANK0     0055
_eflag                   bssBANK0     004A
_estuff                  bssBANK0     004C
_fcsbit                  text4        04C8
_flipout                 text3        049D
_main                    maintext     060D
_rcv_state               bssBANK0     004E
btemp                    (abs)        007E
clear_ram0               clrtext      0484
end_of_initialization    cinit        07FC
fcsbit@tbyte             cstackCOMMON 0073
getbit@oldbit            bssBANK0     0050
init_fetch0              inittext     048C
init_ram0                inittext     0490
intlevel0                functab      0000
intlevel1                functab      0000
intlevel2                functab      0000
intlevel3                functab      0000
intlevel4                functab      0000
intlevel5                functab      0000
ltemp                    (abs)        007E
ltemp0                   (abs)        007E
ltemp1                   (abs)        0082
ltemp2                   (abs)        0086
ltemp3                   (abs)        0080
reset_vec                reset_vec    0000
stackhi                  (abs)        0000
stacklo                  (abs)        0000
start                    init         0001
start_initialization     cinit        07D6
ttemp                    (abs)        007E
ttemp0                   (abs)        007E
ttemp1                   (abs)        0081
ttemp2                   (abs)        0084
ttemp3                   (abs)        0087
ttemp4                   (abs)        007F
wtemp                    (abs)        007E
wtemp0                   (abs)        007E
wtemp1                   (abs)        0080
wtemp2                   (abs)        0082
wtemp3                   (abs)        0084
wtemp4                   (abs)        0086
wtemp5                   (abs)        0088
wtemp6                   (abs)        007F


FUNCTION INFORMATION:

 *************** function _main *****************
 Defined at:
		line 36 in file "main.c"
 Parameters:    Size  Location     Type
		None
 Auto vars:     Size  Location     Type
  EEPROMData     32    0        unsigned char [32]
  EEPROMDataLe    2    0        unsigned int 
  EEPROMData      2    0        PTR unsigned char 
  dData           0    0        unsigned char [0]
 Return value:  Size  Location     Type
                  1    wreg      void 
 Registers used:
		wreg, fsr0l, fsr0h, status,2, status,0, pclath, cstack
 Tracked objects:
		On entry : 
		On exit  : 
		Unchanged: 
 Data sizes:     COMMON   BANK0   BANK1   BANK3   BANK2
      Params:         0       0       0       0       0
      Locals:         0       0       0       0       0
      Temps:          0       3       0       0       0
      Totals:         0       3       0       0       0
Total ram usage:        3 bytes
 Hardware stack levels required when called:    3
 This function calls:
		_Init_I2C_M
		_Init_MPU
		_Init_SERIAL
		_SendPacket
 This function is called by:
		Startup code after reset
 This function uses a non-reentrant model


 *************** function _SendPacket *****************
 Defined at:
		line 60 in file "encode_AX25.c"
 Parameters:    Size  Location     Type
  eDataField      1    wreg     PTR unsigned char 
		 -> STR_15(6), 
 Auto vars:     Size  Location     Type
  eDataField      1    3[BANK0 ] PTR unsigned char 
		 -> STR_15(6), 
  i               2    8[BANK0 ] unsigned int 
  i               2    6[BANK0 ] unsigned int 
  i               2    4[BANK0 ] unsigned int 
  Packetnum       2    1[BANK0 ] unsigned int 
 Return value:  Size  Location     Type
                  1    wreg      void 
 Registers used:
		wreg, fsr0l, fsr0h, status,2, status,0, pclath, cstack
 Tracked objects:
		On entry : 
		On exit  : 
		Unchanged: 
 Data sizes:     COMMON   BANK0   BANK1   BANK3   BANK2
      Params:         0       0       0       0       0
      Locals:         0       9       0       0       0
      Temps:          0       1       0       0       0
      Totals:         0      10       0       0       0
Total ram usage:       10 bytes
 Hardware stack levels used:    1
 Hardware stack levels required when called:    2
 This function calls:
		_Packetmaker
		_SendByte
 This function is called by:
		_main
 This function uses a non-reentrant model


 *************** function _SendByte *****************
 Defined at:
		line 98 in file "encode_AX25.c"
 Parameters:    Size  Location     Type
  byte            1    wreg     unsigned char 
 Auto vars:     Size  Location     Type
  byte            1    7[COMMON] unsigned char 
  i               2    5[COMMON] unsigned int 
  bt              1    8[COMMON] unsigned char 
 Return value:  Size  Location     Type
                  1    wreg      void 
 Registers used:
		wreg, status,2, status,0, pclath, cstack
 Tracked objects:
		On entry : 
		On exit  : 
		Unchanged: 
 Data sizes:     COMMON   BANK0   BANK1   BANK3   BANK2
      Params:         0       0       0       0       0
      Locals:         4       0       0       0       0
      Temps:          2       0       0       0       0
      Totals:         6       0       0       0       0
Total ram usage:        6 bytes
 Hardware stack levels used:    1
 Hardware stack levels required when called:    1
 This function calls:
		_fcsbit
		_flipout
 This function is called by:
		_SendPacket
 This function uses a non-reentrant model


 *************** function _flipout *****************
 Defined at:
		line 122 in file "encode_AX25.c"
 Parameters:    Size  Location     Type
		None
 Auto vars:     Size  Location     Type
		None
 Return value:  Size  Location     Type
                  1    wreg      void 
 Registers used:
		wreg, status,2, status,0
 Tracked objects:
		On entry : 
		On exit  : 
		Unchanged: 
 Data sizes:     COMMON   BANK0   BANK1   BANK3   BANK2
      Params:         0       0       0       0       0
      Locals:         0       0       0       0       0
      Temps:          0       0       0       0       0
      Totals:         0       0       0       0       0
Total ram usage:        0 bytes
 Hardware stack levels used:    1
 This function calls:
		Nothing
 This function is called by:
		_SendByte
 This function uses a non-reentrant model


 *************** function _fcsbit *****************
 Defined at:
		line 135 in file "encode_AX25.c"
 Parameters:    Size  Location     Type
  tbyte           1    wreg     unsigned char 
 Auto vars:     Size  Location     Type
  tbyte           1    2[COMMON] unsigned char 
 Return value:  Size  Location     Type
                  1    wreg      void 
 Registers used:
		wreg, status,2, status,0
 Tracked objects:
		On entry : 
		On exit  : 
		Unchanged: 
 Data sizes:     COMMON   BANK0   BANK1   BANK3   BANK2
      Params:         0       0       0       0       0
      Locals:         1       0       0       0       0
      Temps:          2       0       0       0       0
      Totals:         3       0       0       0       0
Total ram usage:        3 bytes
 Hardware stack levels used:    1
 This function calls:
		Nothing
 This function is called by:
		_SendByte
 This function uses a non-reentrant model


 *************** function _Packetmaker *****************
 Defined at:
		line 41 in file "encode_AX25.c"
 Parameters:    Size  Location     Type
  eDataField      1    wreg     PTR unsigned char 
		 -> STR_15(6), 
 Auto vars:     Size  Location     Type
  eDataField      1    4[COMMON] PTR unsigned char 
		 -> STR_15(6), 
  i               2    5[COMMON] unsigned int 
  i               2   11[COMMON] unsigned int 
  i               2    9[COMMON] unsigned int 
  Datanum         2    7[COMMON] unsigned int 
 Return value:  Size  Location     Type
                  2    0[COMMON] unsigned int 
 Registers used:
		wreg, fsr0l, fsr0h, status,2, status,0, pclath
 Tracked objects:
		On entry : 
		On exit  : 
		Unchanged: 
 Data sizes:     COMMON   BANK0   BANK1   BANK3   BANK2
      Params:         2       0       0       0       0
      Locals:         9       0       0       0       0
      Temps:          2       0       0       0       0
      Totals:        13       0       0       0       0
Total ram usage:       13 bytes
 Hardware stack levels used:    2
 This function calls:
		Nothing
 This function is called by:
		_SendPacket
		_test_Packetmaker
 This function uses a non-reentrant model


 *************** function _Init_SERIAL *****************
 Defined at:
		line 5 in file "UART.c"
 Parameters:    Size  Location     Type
		None
 Auto vars:     Size  Location     Type
		None
 Return value:  Size  Location     Type
                  1    wreg      void 
 Registers used:
		wreg
 Tracked objects:
		On entry : 
		On exit  : 
		Unchanged: 
 Data sizes:     COMMON   BANK0   BANK1   BANK3   BANK2
      Params:         0       0       0       0       0
      Locals:         0       0       0       0       0
      Temps:          0       0       0       0       0
      Totals:         0       0       0       0       0
Total ram usage:        0 bytes
 Hardware stack levels used:    1
 This function calls:
		Nothing
 This function is called by:
		_main
 This function uses a non-reentrant model


 *************** function _Init_MPU *****************
 Defined at:
		line 8 in file "Init_MPU.c"
 Parameters:    Size  Location     Type
		None
 Auto vars:     Size  Location     Type
		None
 Return value:  Size  Location     Type
                  1    wreg      void 
 Registers used:
		wreg, status,2
 Tracked objects:
		On entry : 
		On exit  : 
		Unchanged: 
 Data sizes:     COMMON   BANK0   BANK1   BANK3   BANK2
      Params:         0       0       0       0       0
      Locals:         0       0       0       0       0
      Temps:          0       0       0       0       0
      Totals:         0       0       0       0       0
Total ram usage:        0 bytes
 Hardware stack levels used:    1
 This function calls:
		Nothing
 This function is called by:
		_main
 This function uses a non-reentrant model


 *************** function _Init_I2C_M *****************
 Defined at:
		line 11 in file "I2C.c"
 Parameters:    Size  Location     Type
  c               4    5[BANK0 ] const unsigned long 
 Auto vars:     Size  Location     Type
		None
 Return value:  Size  Location     Type
                  1    wreg      void 
 Registers used:
		wreg, status,2, status,0, pclath, cstack
 Tracked objects:
		On entry : 
		On exit  : 
		Unchanged: 
 Data sizes:     COMMON   BANK0   BANK1   BANK3   BANK2
      Params:         0       4       0       0       0
      Locals:         0       0       0       0       0
      Temps:          4       0       0       0       0
      Totals:         4       4       0       0       0
Total ram usage:        8 bytes
 Hardware stack levels used:    1
 Hardware stack levels required when called:    1
 This function calls:
		___lldiv
 This function is called by:
		_main
 This function uses a non-reentrant model


 *************** function ___lldiv *****************
 Defined at:
		line 6 in file "C:\Program Files (x86)\Microchip\xc8\v1.38\sources\common\lldiv.c"
 Parameters:    Size  Location     Type
  divisor         4    0[COMMON] unsigned long 
  dividend        4    4[COMMON] unsigned long 
 Auto vars:     Size  Location     Type
  quotient        4    0[BANK0 ] unsigned long 
  counter         1    4[BANK0 ] unsigned char 
 Return value:  Size  Location     Type
                  4    0[COMMON] unsigned long 
 Registers used:
		wreg, status,2, status,0
 Tracked objects:
		On entry : 
		On exit  : 
		Unchanged: 
 Data sizes:     COMMON   BANK0   BANK1   BANK3   BANK2
      Params:         8       0       0       0       0
      Locals:         0       5       0       0       0
      Temps:          1       0       0       0       0
      Totals:         9       5       0       0       0
Total ram usage:       14 bytes
 Hardware stack levels used:    1
 This function calls:
		Nothing
 This function is called by:
		_Init_I2C_M
 This function uses a non-reentrant model



MODULE INFORMATION

Module		Function		Class		Link	Load	Size
UART.c
		_Init_SERIAL   		CODE           	04AF	0000	26

UART.c estimated size: 26

Init_MPU.c
		_Init_MPU      		CODE           	04E2	0000	28

Init_MPU.c estimated size: 28

I2C.c
		_Init_I2C_M    		CODE           	0521	0000	53

I2C.c estimated size: 53

C:\Program Files (x86)\Microchip\xc8\v1.38\sources\common\lldiv.c
		___lldiv       		CODE           	05AD	0000	97

C:\Program Files (x86)\Microchip\xc8\v1.38\sources\common\lldiv.c estimated size: 97

shared
		__stringtab    		STRING         	0004	0000	7
		__initialization		CODE           	07D6	0000	39

shared estimated size: 46

encode_AX25.c
		_SendByte      		CODE           	0555	0000	89
		_fcsbit        		CODE           	04C8	0000	27
		_SendPacket    		CODE           	069E	0000	149
		_Packetmaker   		CODE           	0732	0000	165
		_flipout       		CODE           	049D	0000	19

encode_AX25.c estimated size: 449

main.c
		_main          		CODE           	060D	0000	146

main.c estimated size: 146

