Microchip MPLAB XC8 Compiler V1.45 ()

Linker command line:

-W-3 --edf=C:\Program Files (x86)\Microchip\xc8\v1.45\dat\en_msgs.txt -cs \
  -h+dist/default/production\PIC_Rx.production.sym \
  --cmf=dist/default/production\PIC_Rx.production.cmf -z -Q16F887 \
  -oC:\Users\Kosuke\AppData\Local\Temp\s910.2 \
  -Mdist/default/production/PIC_Rx.production.map -E1 -ver=XC8 \
  -ASTACK=0129h-016fh -pstack=STACK -ACODE=00h-07FFhx4 -ASTRCODE=00h-01FFFh \
  -ASTRING=00h-0FFhx32 -ACONST=00h-0FFhx32 -AENTRY=00h-0FFhx32 \
  -ACOMMON=070h-07Fh -ABANK0=020h-06Fh -ABANK1=0A0h-0EFh \
  -ABANK2=0110h-016Fh -ABANK3=0190h-01EFh \
  -ARAM=020h-06Fh,0A0h-0EFh,0110h-016Fh,0190h-01EFh \
  -AABS1=020h-07Fh,0A0h-0EFh,0110h-016Fh,0190h-01EFh -ASFR0=00h-01Fh \
  -ASFR1=080h-09Fh -ASFR2=0100h-010Fh -ASFR3=0180h-018Fh \
  -preset_vec=00h,intentry,init,end_init -ppowerup=CODE -pcinit=CODE \
  -pfunctab=ENTRY -ACONFIG=02007h-02008h -pconfig=CONFIG -DCONFIG=2 \
  -AIDLOC=02000h-02003h -pidloc=IDLOC -DIDLOC=2 -AEEDATA=00h-0FFh/02100h \
  -peeprom_data=EEDATA -DEEDATA=2 -DCODE=2 -DSTRCODE=2 -DSTRING=2 -DCONST=2 \
  -DENTRY=2 -k C:\Users\Kosuke\AppData\Local\Temp\s910.obj \
  dist/default/production\PIC_Rx.production.obj 

Object code version is 3.11

Machine type is 16F887



                Name                               Link     Load   Length Selector   Space Scale
C:\Users\Kosuke\AppData\Local\Temp\s910.obj
                end_init                              0        0        3        0       0
                config                             2007     2007        2     400E       0
dist/default/production\PIC_Rx.production.obj
                cinit                               7BC      7BC       44      F78       0
                text29                              8F4      8F4       15     11E8       0
                text28                              ADD      ADD       46     15BA       0
                text27                              B23      B23       46     1646       0
                text26                              A41      A41       2E     1482       0
                text25                              D2D      D2D       7D     1A5A       0
                text24                              BB0      BB0       59     1760       0
                text23                              E2C      E2C      1D4     1C58       0
                text22                               60       60       E1       C0       0
                text21                              9BD      9BD       2C     137A       0
                text20                              8C8      8C8        9     1190       0
                text19                              8A2      8A2        7     1144       0
                text18                              8A9      8A9        7     1152       0
                text17                              8B0      8B0        8     1160       0
                text16                                3        3       5D        0       0
                text15                              9E9      9E9       2C     13D2       0
                text14                              A15      A15       2C     142A       0
                text13                              C09      C09       5E     1812       0
                text12                              A6F      A6F       34     14DE       0
                text11                              93B      93B       1D     1276       0
                text10                              909      909       19     1212       0
                text9                               8B8      8B8        8     1170       0
                text8                               8E2      8E2       12     11C4       0
                text7                               DAA      DAA       82     1B54       0
                text6                               B69      B69       47     16D2       0
                text5                               C67      C67       61     18CE       0
                text4                               330      330      48C      660       0
                text3                               CC8      CC8       65     1990       0
                text2                               976      976       23     12EC       0
                text1                               AA3      AA3       3A     1546       0
                maintext                            141      141      1EF      282       0
                cstackBANK0                          20       20       3D       20       1
                cstackCOMMON                         70       70        E       70       1
                cstackBANK1                          C4       C4       21       A0       1
                clrtext                             8C0      8C0        8     1180       0
                inittext                            8D1      8D1       11     11A2       0
                dataBANK2                           110      110       19      110       1
                dataBANK3                           1D2      1D2       1E      190       1
                bssBANK3                            190      190       42      190       1
                dataBANK1                            A0       A0       24       A0       1
                bssBANK1                             E5       E5        5       A0       1
                bssBANK0                             5D       5D       12       20       1
                strings                             800      800       16     1000       0
                idataBANK3                          958      958       1E     12B0       0
                idataBANK2                          922      922       19     1244       0
                idataBANK1                          999      999       24     1332       0

TOTAL           Name                               Link     Load   Length     Space
        CLASS   STACK          

        CLASS   CODE           
                end_init                              0        0        3         0
                cinit                               7BC      7BC       44         0
                text29                              8F4      8F4       15         0
                text28                              ADD      ADD       46         0
                text27                              B23      B23       46         0
                text26                              A41      A41       2E         0
                text25                              D2D      D2D       7D         0
                text24                              BB0      BB0       59         0
                text23                              E2C      E2C      1D4         0
                text22                               60       60       E1         0
                text21                              9BD      9BD       2C         0
                text20                              8C8      8C8        9         0
                text19                              8A2      8A2        7         0
                text18                              8A9      8A9        7         0
                text17                              8B0      8B0        8         0
                text16                                3        3       5D         0
                text15                              9E9      9E9       2C         0
                text14                              A15      A15       2C         0
                text13                              C09      C09       5E         0
                text12                              A6F      A6F       34         0
                text11                              93B      93B       1D         0
                text10                              909      909       19         0
                text9                               8B8      8B8        8         0
                text8                               8E2      8E2       12         0
                text7                               DAA      DAA       82         0
                text6                               B69      B69       47         0
                text5                               C67      C67       61         0
                text4                               330      330      48C         0
                text3                               CC8      CC8       65         0
                text2                               976      976       23         0
                text1                               AA3      AA3       3A         0
                maintext                            141      141      1EF         0
                clrtext                             8C0      8C0        8         0
                inittext                            8D1      8D1       11         0
                idataBANK3                          958      958       1E         0
                idataBANK2                          922      922       19         0
                idataBANK1                          999      999       24         0

        CLASS   STRCODE        

        CLASS   STRING         
                strings                             800      800       16         0

        CLASS   CONST          

        CLASS   ENTRY          

        CLASS   COMMON         
                cstackCOMMON                         70       70        E         1

        CLASS   BANK0          
                cstackBANK0                          20       20       3D         1
                bssBANK0                             5D       5D       12         1

        CLASS   BANK1          
                cstackBANK1                          C4       C4       21         1
                dataBANK1                            A0       A0       24         1
                bssBANK1                             E5       E5        5         1

        CLASS   BANK2          
                dataBANK2                           110      110       19         1

        CLASS   BANK3          
                dataBANK3                           1D2      1D2       1E         1
                bssBANK3                            190      190       42         1

        CLASS   RAM            

        CLASS   ABS1           
                abs_s1                               7E       7E        2         1

        CLASS   SFR0           

        CLASS   SFR1           

        CLASS   SFR2           

        CLASS   SFR3           

        CLASS   CONFIG         
                config                             2007     2007        2         0

        CLASS   IDLOC          

        CLASS   EEDATA         



SEGMENTS        Name                           Load    Length   Top    Selector   Space  Class     Delta

                reset_vec                      000000  000060  000060         0       0  CODE        2
                cstackBANK0                    000020  00004F  00006F        20       1  BANK0       1
                cstackCOMMON                   000070  00000E  00007E        70       1  COMMON      1
                dataBANK1                      0000A0  00004A  0000EA        A0       1  BANK1       1
                text22                         000060  0000E1  000141        C0       0  CODE        2
                dataBANK2                      000110  000019  000129       110       1  BANK2       1
                bssBANK3                       000190  000060  0001F0       190       1  BANK3       1
                maintext                       000141  0001EF  000330       282       0  CODE        2
                text4                          000330  00048C  0007BC       660       0  CODE        2
                cinit                          0007BC  000044  000800       F78       0  CODE        2
                strings                        000800  000016  000816      1000       0  STRING      2
                text19                         0008A2  000007  0008A9      1144       0  CODE        2
                text18                         0008A9  000007  0008B0      1152       0  CODE        2
                text17                         0008B0  000008  0008B8      1160       0  CODE        2
                text9                          0008B8  000008  0008C0      1170       0  CODE        2
                clrtext                        0008C0  000008  0008C8      1180       0  CODE        2
                text20                         0008C8  000009  0008D1      1190       0  CODE        2
                inittext                       0008D1  000011  0008E2      11A2       0  CODE        2
                text8                          0008E2  000012  0008F4      11C4       0  CODE        2
                text29                         0008F4  000015  000909      11E8       0  CODE        2
                text10                         000909  000019  000922      1212       0  CODE        2
                idataBANK2                     000922  000019  00093B      1244       0  CODE        2
                text11                         00093B  00001D  000958      1276       0  CODE        2
                idataBANK3                     000958  00001E  000976      12B0       0  CODE        2
                text2                          000976  000023  000999      12EC       0  CODE        2
                idataBANK1                     000999  000024  0009BD      1332       0  CODE        2
                text21                         0009BD  00002C  0009E9      137A       0  CODE        2
                text15                         0009E9  00002C  000A15      13D2       0  CODE        2
                text14                         000A15  00002C  000A41      142A       0  CODE        2
                text26                         000A41  00002E  000A6F      1482       0  CODE        2
                text12                         000A6F  000034  000AA3      14DE       0  CODE        2
                text1                          000AA3  00003A  000ADD      1546       0  CODE        2
                text28                         000ADD  000046  000B23      15BA       0  CODE        2
                text27                         000B23  000046  000B69      1646       0  CODE        2
                text6                          000B69  000047  000BB0      16D2       0  CODE        2
                text24                         000BB0  000059  000C09      1760       0  CODE        2
                text13                         000C09  00005E  000C67      1812       0  CODE        2
                text5                          000C67  000061  000CC8      18CE       0  CODE        2
                text3                          000CC8  000065  000D2D      1990       0  CODE        2
                text25                         000D2D  00007D  000DAA      1A5A       0  CODE        2
                text7                          000DAA  000082  000E2C      1B54       0  CODE        2
                text23                         000E2C  0001D4  001000      1C58       0  CODE        2
                config                         002007  000002  002009      400E       0  CONFIG      2


UNUSED ADDRESS RANGES

        Name                Unused          Largest block    Delta
        BANK0            006F-006F              1           1
        BANK1            00EA-00EF              6           1
        BANK2            0129-016F             47           1
        CODE             0816-08A1             8C           2
                         1000-1FFF            800
        CONST            0816-08A1             8C           2
                         1000-1FFF            100
        EEDATA           2100-21FF            100           2
        ENTRY            0816-08A1             8C           2
                         1000-1FFF            100
        IDLOC            2000-2003              4           2
        RAM              006F-006F              1           1
                         00EA-00EF              6
                         0129-016F             47
        SFR0             0000-001F             20           1
        SFR1             0080-009F             20           1
        SFR2             0100-010F             10           1
        SFR3             0180-018F             10           1
        STACK            0129-016F             47           1
        STRCODE          0816-08A1             8C           2
                         1000-1FFF           1000
        STRING           0816-08A1             8C           2
                         1000-1FFF            100

                                  Symbol Table

?___awdiv                       cstackCOMMON 0070
?___lldiv                       cstackCOMMON 0070
?_fcscheck                      cstackCOMMON 0070
?_getbit                        cstackCOMMON 0070
CWTX@Nprg                       cstackBANK0  0056
CWTX@Nref                       cstackBANK0  0054
CWTX@cwtx                       cstackBANK0  0057
EEPROM_Write@Address            cstackCOMMON 0079
EEPROM_Write@EEPROM_address     cstackCOMMON 0078
EEPROM_Write@data               cstackCOMMON 0074
EEPROM_Write@high_address       cstackCOMMON 0072
EEPROM_Write@low_address        cstackCOMMON 0073
FMRX@Nprg                       cstackBANK0  0056
FMRX@Nref                       cstackBANK0  0054
FMRX@fmrx                       cstackBANK0  0057
FMTX@Nprg                       cstackBANK0  0056
FMTX@Nref                       cstackBANK0  0054
FMTX@fmtx                       cstackBANK0  0057
H_OUT@fmcwtxrx                  cstackCOMMON 0072
I2C_Master_Write@d              cstackCOMMON 0070
Init_I2C_M@c                    cstackBANK0  0020
L_OUT@fmcwtxrx                  cstackCOMMON 0072
NM_waddress@NM_wad_header       cstackCOMMON 0073
NM_waddress@whigh_address       cstackCOMMON 0071
NM_waddress@wlow_address        cstackCOMMON 0072
OPINIT@fmcwtxrx                 cstackCOMMON 0074
OUTFQ@Nprg                      cstackCOMMON 007B
OUTFQ@Nprg_b                    cstackBANK0  0028
OUTFQ@count                     cstackBANK0  004C
OUTFQ@fmcwtxrx                  cstackCOMMON 0079
OUTFQ@i                         cstackBANK0  004E
OUTFQ@i_410                     cstackBANK0  004A
OUTFQ@i_412                     cstackBANK0  0050
OUTFQ@j                         cstackBANK0  0052
RFDOUT@Nref                     cstackCOMMON 007B
RFDOUT@Nref_b                   cstackBANK0  0023
RFDOUT@fmcwtxrx                 cstackCOMMON 0079
RFDOUT@i                        cstackBANK0  003D
RFDOUT@i_421                    cstackBANK0  003B
RFDOUT@i_422                    cstackBANK0  003F
ReceivePacket_data@fcschecker   cstackBANK0  003D
ReceivePacket_data@i            cstackBANK0  003F
STBOUT@fmcwtxrx                 cstackCOMMON 0072
TXOBC_waddress@TXOBC_wad_header cstackCOMMON 0075
TXOBC_waddress@whigh_address    cstackCOMMON 0071
TXOBC_waddress@wlow_address     cstackCOMMON 0072
_ACKDT                          (abs)        048D
_ACKEN                          (abs)        048C
_ANSEL                          (abs)        0188
_ANSELH                         (abs)        0189
_BRGH                           (abs)        04C2
_CREN                           (abs)        00C4
_CWTX                           text21       09BD
_CWTX_Nprg                      dataBANK1    00B0
_CWTX_Nref                      dataBANK1    00A2
_EEPROM_Write                   text16       0003
_FERR                           (abs)        00C2
_FMRX                           text15       09E9
_FMRX_Nprg                      dataBANK1    00A6
_FMRX_Nref                      dataBANK1    00A0
_FMTX                           text14       0A15
_FMTX_Nprg                      dataBANK1    00BA
_FMTX_Nref                      dataBANK1    00A4
_H_OUT                          text28       0ADD
_I2C_Master_Start               text19       08A2
_I2C_Master_Stop                text18       08A9
_I2C_Master_Wait                text20       08C8
_I2C_Master_Write               text17       08B0
_INTCONbits                     (abs)        000B
_Init_I2C_M                     text12       0A6F
_Init_MPU                       text11       093B
_Init_SERIAL                    text10       0909
_L_OUT                          text27       0B23
_NM_waddress                    text8        08E2
_OERR                           (abs)        00C1
_OPINIT                         text25       0D2D
_OUTFQ                          text23       0E2C
_PEN                            (abs)        048A
_PIE1bits                       (abs)        008C
_PIR1bits                       (abs)        000C
_PORTA                          (abs)        0005
_PORTAbits                      (abs)        0005
_PORTB                          (abs)        0006
_PORTC                          (abs)        0007
_PORTD                          (abs)        0008
_PORTDbits                      (abs)        0008
_PORTE                          (abs)        0009
_PORTEbits                      (abs)        0009
_RA1                            (abs)        0029
_RB2                            (abs)        0032
_RB4                            (abs)        0034
_RB5                            (abs)        0035
_RC2                            (abs)        003A
_RC5                            (abs)        003D
_RCEN                           (abs)        048B
_RCIE                           (abs)        0465
_RCIF                           (abs)        0065
_RCREG                          (abs)        001A
_RFDOUT                         text22       0060
_RSEN                           (abs)        0489
_RX9                            (abs)        00C6
_ReceivePacket_data             text3        0CC8
_Reset_EPS                      text2        0976
_SEN                            (abs)        0488
_SPBRG                          (abs)        0099
_SPEN                           (abs)        00C7
_SREN                           (abs)        00C5
_SSPADD                         (abs)        0093
_SSPBUF                         (abs)        0013
_SSPCON                         (abs)        0014
_SSPCON2                        (abs)        0091
_SSPSTAT                        (abs)        0094
_STATUS                         (abs)        0003
_STBOUT                         text26       0A41
_SYNC                           (abs)        04C4
_T1CONbits                      (abs)        0010
_TMR1                           (abs)        000E
_TRISA                          (abs)        0085
_TRISB                          (abs)        0086
_TRISC                          (abs)        0087
_TRISD                          (abs)        0088
_TRISE                          (abs)        0089
_TX9                            (abs)        04C6
_TXEN                           (abs)        04C5
_TXIE                           (abs)        0464
_TXIF                           (abs)        0064
_TXOBC_waddress                 text1        0AA3
_TXREG                          (abs)        0019
__CFG_BOR4V$BOR21V              (abs)        0000
__CFG_BOREN$ON                  (abs)        0000
__CFG_CP$OFF                    (abs)        0000
__CFG_CPD$OFF                   (abs)        0000
__CFG_FCMEN$OFF                 (abs)        0000
__CFG_FOSC$HS                   (abs)        0000
__CFG_IESO$OFF                  (abs)        0000
__CFG_LVP$OFF                   (abs)        0000
__CFG_MCLRE$ON                  (abs)        0000
__CFG_PWRTE$ON                  (abs)        0000
__CFG_WDTE$OFF                  (abs)        0000
__CFG_WRT$OFF                   (abs)        0000
__Habs1                         abs1         0000
__Hbank0                        bank0        0000
__Hbank1                        bank1        0000
__Hbank2                        bank2        0000
__Hbank3                        bank3        0000
__HbssBANK0                     bssBANK0     0000
__HbssBANK1                     bssBANK1     0000
__HbssBANK3                     bssBANK3     0000
__Hcinit                        cinit        0800
__Hclrtext                      clrtext      0000
__Hcode                         code         0000
__Hcommon                       common       0000
__Hconfig                       config       2009
__HcstackBANK0                  cstackBANK0  0000
__HcstackBANK1                  cstackBANK1  0000
__HcstackCOMMON                 cstackCOMMON 0000
__HdataBANK1                    dataBANK1    0000
__HdataBANK2                    dataBANK2    0000
__HdataBANK3                    dataBANK3    0000
__Heeprom_data                  eeprom_data  0000
__Hend_init                     end_init     0003
__Hfunctab                      functab      0000
__HidataBANK1                   idataBANK1   0000
__HidataBANK2                   idataBANK2   0000
__HidataBANK3                   idataBANK3   0000
__Hidloc                        idloc        0000
__Hinit                         init         0000
__Hinittext                     inittext     0000
__Hintentry                     intentry     0000
__Hmaintext                     maintext     0000
__Hpowerup                      powerup      0000
__Hram                          ram          0000
__Hreset_vec                    reset_vec    0000
__Hsfr0                         sfr0         0000
__Hsfr1                         sfr1         0000
__Hsfr2                         sfr2         0000
__Hsfr3                         sfr3         0000
__Hspace_0                      (abs)        2009
__Hspace_1                      (abs)        01F0
__Hspace_2                      (abs)        0000
__Hspace_3                      (abs)        0000
__Hstack                        stack        0000
__Hstrings                      strings      0000
__Htext                         text         0000
__Labs1                         abs1         0000
__Lbank0                        bank0        0000
__Lbank1                        bank1        0000
__Lbank2                        bank2        0000
__Lbank3                        bank3        0000
__LbssBANK0                     bssBANK0     0000
__LbssBANK1                     bssBANK1     0000
__LbssBANK3                     bssBANK3     0000
__Lcinit                        cinit        07BC
__Lclrtext                      clrtext      0000
__Lcode                         code         0000
__Lcommon                       common       0000
__Lconfig                       config       2007
__LcstackBANK0                  cstackBANK0  0000
__LcstackBANK1                  cstackBANK1  0000
__LcstackCOMMON                 cstackCOMMON 0000
__LdataBANK1                    dataBANK1    0000
__LdataBANK2                    dataBANK2    0000
__LdataBANK3                    dataBANK3    0000
__Leeprom_data                  eeprom_data  0000
__Lend_init                     end_init     0000
__Lfunctab                      functab      0000
__LidataBANK1                   idataBANK1   0000
__LidataBANK2                   idataBANK2   0000
__LidataBANK3                   idataBANK3   0000
__Lidloc                        idloc        0000
__Linit                         init         0000
__Linittext                     inittext     0000
__Lintentry                     intentry     0000
__Lmaintext                     maintext     0000
__Lpowerup                      powerup      0000
__Lram                          ram          0000
__Lreset_vec                    reset_vec    0000
__Lsfr0                         sfr0         0000
__Lsfr1                         sfr1         0000
__Lsfr2                         sfr2         0000
__Lsfr3                         sfr3         0000
__Lspace_0                      (abs)        0000
__Lspace_1                      (abs)        0000
__Lspace_2                      (abs)        0000
__Lspace_3                      (abs)        0000
__Lstack                        stack        0000
__Lstrings                      strings      0000
__Ltext                         text         0000
__NOP                           text29       08F4
__NOP@i                         cstackCOMMON 0070
__S0                            (abs)        2009
__S1                            (abs)        01F0
__S2                            (abs)        0000
__S3                            (abs)        0000
___awdiv                        text24       0BB0
___awdiv@counter                cstackCOMMON 0075
___awdiv@dividend               cstackCOMMON 0072
___awdiv@divisor                cstackCOMMON 0070
___awdiv@quotient               cstackCOMMON 0077
___awdiv@sign                   cstackCOMMON 0076
___int_sp                       stack        0000
___latbits                      (abs)        0002
___lldiv                        text13       0C09
___lldiv@counter                cstackCOMMON 007D
___lldiv@dividend               cstackCOMMON 0074
___lldiv@divisor                cstackCOMMON 0070
___lldiv@quotient               cstackCOMMON 0079
___sp                           stack        0000
__end_of_CWTX                   text21       09E9
__end_of_EEPROM_Write           text16       0060
__end_of_FMRX                   text15       0A15
__end_of_FMTX                   text14       0A41
__end_of_H_OUT                  text28       0B23
__end_of_I2C_Master_Start       text19       08A9
__end_of_I2C_Master_Stop        text18       08B0
__end_of_I2C_Master_Wait        text20       08D1
__end_of_I2C_Master_Write       text17       08B8
__end_of_Init_I2C_M             text12       0AA3
__end_of_Init_MPU               text11       0958
__end_of_Init_SERIAL            text10       0922
__end_of_L_OUT                  text27       0B69
__end_of_NM_waddress            text8        08F4
__end_of_OPINIT                 text25       0DAA
__end_of_OUTFQ                  text23       1000
__end_of_RFDOUT                 text22       0141
__end_of_ReceivePacket_data     text3        0D2D
__end_of_Reset_EPS              text2        0999
__end_of_STBOUT                 text26       0A6F
__end_of_TXOBC_waddress         text1        0ADD
__end_of__NOP                   text29       0909
__end_of___awdiv                text24       0C09
__end_of___lldiv                text13       0C67
__end_of__initialization        cinit        07FC
__end_of__stringtab             strings      0806
__end_of_commandSize            strings      0808
__end_of_fcscheck               text7        0E2C
__end_of_getbit                 text6        0BB0
__end_of_getdata                text5        0CC8
__end_of_main                   maintext     0330
__end_of_putch                  text9        08C0
__end_of_waitFlag               text4        07BC
__initialization                cinit        07BC
__pbssBANK0                     bssBANK0     005D
__pbssBANK1                     bssBANK1     00E5
__pbssBANK3                     bssBANK3     0190
__pcstackBANK0                  cstackBANK0  0020
__pcstackBANK1                  cstackBANK1  00C4
__pcstackCOMMON                 cstackCOMMON 0070
__pdataBANK1                    dataBANK1    00A0
__pdataBANK2                    dataBANK2    0110
__pdataBANK3                    dataBANK3    01D2
__pidataBANK1                   idataBANK1   0999
__pidataBANK2                   idataBANK2   0922
__pidataBANK3                   idataBANK3   0958
__pmaintext                     maintext     0141
__pstrings                      strings      0800
__ptext1                        text1        0AA3
__ptext10                       text10       0909
__ptext11                       text11       093B
__ptext12                       text12       0A6F
__ptext13                       text13       0C09
__ptext14                       text14       0A15
__ptext15                       text15       09E9
__ptext16                       text16       0003
__ptext17                       text17       08B0
__ptext18                       text18       08A9
__ptext19                       text19       08A2
__ptext2                        text2        0976
__ptext20                       text20       08C8
__ptext21                       text21       09BD
__ptext22                       text22       0060
__ptext23                       text23       0E2C
__ptext24                       text24       0BB0
__ptext25                       text25       0D2D
__ptext26                       text26       0A41
__ptext27                       text27       0B23
__ptext28                       text28       0ADD
__ptext29                       text29       08F4
__ptext3                        text3        0CC8
__ptext4                        text4        0330
__ptext5                        text5        0C67
__ptext6                        text6        0B69
__ptext7                        text7        0DAA
__ptext8                        text8        08E2
__ptext9                        text9        08B8
__size_of_CWTX                  (abs)        0000
__size_of_EEPROM_Write          (abs)        0000
__size_of_FMRX                  (abs)        0000
__size_of_FMTX                  (abs)        0000
__size_of_H_OUT                 (abs)        0000
__size_of_I2C_Master_Start      (abs)        0000
__size_of_I2C_Master_Stop       (abs)        0000
__size_of_I2C_Master_Wait       (abs)        0000
__size_of_I2C_Master_Write      (abs)        0000
__size_of_Init_I2C_M            (abs)        0000
__size_of_Init_MPU              (abs)        0000
__size_of_Init_SERIAL           (abs)        0000
__size_of_L_OUT                 (abs)        0000
__size_of_NM_waddress           (abs)        0000
__size_of_OPINIT                (abs)        0000
__size_of_OUTFQ                 (abs)        0000
__size_of_RFDOUT                (abs)        0000
__size_of_ReceivePacket_data    (abs)        0000
__size_of_Reset_EPS             (abs)        0000
__size_of_STBOUT                (abs)        0000
__size_of_TXOBC_waddress        (abs)        0000
__size_of__NOP                  (abs)        0000
__size_of___awdiv               (abs)        0000
__size_of___lldiv               (abs)        0000
__size_of_fcscheck              (abs)        0000
__size_of_getbit                (abs)        0000
__size_of_getdata               (abs)        0000
__size_of_main                  (abs)        0000
__size_of_putch                 (abs)        0000
__size_of_waitFlag              (abs)        0000
__stringbase                    strings      0805
__stringtab                     strings      0800
_commandSize                    strings      0806
_dData                          bssBANK3     01C2
_dPacket                        bssBANK3     0190
_dPacketnum                     bssBANK0     0067
_dfcshi                         bssBANK0     006E
_dfcslo                         bssBANK0     006D
_eDataField                     dataBANK2    0110
_ePacket                        bssBANK1     00E5
_ebitstatus                     bssBANK0     005D
_efcsflag                       bssBANK0     0061
_efcshi                         bssBANK0     006B
_efcslo                         bssBANK0     006C
_eflag                          bssBANK0     0063
_estuff                         bssBANK0     005F
_fcscheck                       text7        0DAA
_getbit                         text6        0B69
_getdata                        text5        0C67
_main                           maintext     0141
_putch                          text9        08B8
_rcv_state                      bssBANK0     0069
_waitFlag                       text4        0330
btemp                           (abs)        007E
clear_ram0                      clrtext      08C0
end_of_initialization           cinit        07FC
fcscheck@bt                     cstackCOMMON 0074
fcscheck@byte                   cstackCOMMON 0079
fcscheck@i                      cstackCOMMON 0075
fcscheck@i_135                  cstackCOMMON 0077
getbit@i                        cstackCOMMON 0074
getbit@oldbit                   bssBANK0     0065
getdata@buf                     cstackBANK0  0026
getdata@bufstore_counter        cstackBANK0  0020
getdata@dbitstatus              cstackBANK0  0024
getdata@dstuff                  cstackBANK0  0022
init_fetch0                     inittext     08D1
init_ram0                       inittext     08D5
intlevel0                       functab      0000
intlevel1                       functab      0000
intlevel2                       functab      0000
intlevel3                       functab      0000
intlevel4                       functab      0000
intlevel5                       functab      0000
main@CWTX_Nprg                  cstackBANK1  00CE
main@F1989                      dataBANK3    01E6
main@F1991                      dataBANK3    01DC
main@F1993                      dataBANK3    01D2
main@FMRX_Nprg                  cstackBANK1  00D8
main@FMTX_Nprg                  cstackBANK1  00C4
main@NM_wad_header              cstackBANK1  00E3
main@TXOBC_wad_header           cstackBANK1  00E2
main@dData                      cstackBANK1  00E4
putch@byte                      cstackCOMMON 0070
reset_vec                       reset_vec    0000
stackhi                         (abs)        0000
stacklo                         (abs)        0000
start                           init         0000
start_initialization            cinit        07BC
waitFlag@buf                    cstackBANK0  003C
waitFlag@flag_judge             cstackBANK0  003A
waitFlag@i                      cstackBANK0  0020
waitFlag@j                      cstackBANK0  0022
waitFlag@j_104                  cstackBANK0  0024
waitFlag@j_106                  cstackBANK0  0026
waitFlag@j_108                  cstackBANK0  0028
waitFlag@j_110                  cstackBANK0  002A
waitFlag@j_112                  cstackBANK0  002C
waitFlag@j_113                  cstackBANK0  002E
waitFlag@j_115                  cstackBANK0  0030
waitFlag@j_117                  cstackBANK0  0032
waitFlag@j_119                  cstackBANK0  0034
waitFlag@j_121                  cstackBANK0  0036
waitFlag@j_123                  cstackBANK0  0038
wtemp0                          (abs)        007E


FUNCTION INFORMATION:

 *************** function _main *****************
 Defined at:
		line 38 in file "main.c"
 Parameters:    Size  Location     Type
		None
 Auto vars:     Size  Location     Type
  FMRX_Nprg      10   20[BANK1 ] int [5]
  CWTX_Nprg      10   10[BANK1 ] int [5]
  FMTX_Nprg      10    0[BANK1 ] int [5]
  NM_wad_heade    1   31[BANK1 ] unsigned char 
  dData           1   32[BANK1 ] PTR unsigned char 
		 -> NULL(0), dData(16), 
  TXOBC_wad_he    1   30[BANK1 ] unsigned char 
 Return value:  Size  Location     Type
                  1    wreg      void 
 Registers used:
		wreg, fsr0l, fsr0h, status,2, status,0, btemp+1, pclath, cstack
 Tracked objects:
		On entry : 
		On exit  : 
		Unchanged: 
 Data sizes:     COMMON   BANK0   BANK1   BANK3   BANK2
      Params:         0       0       0       0       0
      Locals:         0       0      33       0       0
      Temps:          0       4       0       0       0
      Totals:         0       4      33       0       0
Total ram usage:       37 bytes
 Hardware stack levels required when called:    4
 This function calls:
		_CWTX
		_EEPROM_Write
		_FMRX
		_FMTX
		_Init_I2C_M
		_Init_MPU
		_Init_SERIAL
		_NM_waddress
		_ReceivePacket_data
		_Reset_EPS
		_TXOBC_waddress
 This function is called by:
		Startup code after reset
 This function uses a non-reentrant model


 *************** function _TXOBC_waddress *****************
 Defined at:
		line 78 in file "UART.c"
 Parameters:    Size  Location     Type
  TXOBC_wad_he    1    wreg     unsigned char 
  whigh_addres    1    1[COMMON] unsigned char 
  wlow_address    1    2[COMMON] unsigned char 
 Auto vars:     Size  Location     Type
  TXOBC_wad_he    1    5[COMMON] unsigned char 
 Return value:  Size  Location     Type
                  1    wreg      void 
 Registers used:
		wreg, status,2, status,0, pclath, cstack
 Tracked objects:
		On entry : 
		On exit  : 
		Unchanged: 
 Data sizes:     COMMON   BANK0   BANK1   BANK3   BANK2
      Params:         2       0       0       0       0
      Locals:         1       0       0       0       0
      Temps:          2       0       0       0       0
      Totals:         5       0       0       0       0
Total ram usage:        5 bytes
 Hardware stack levels used:    1
 Hardware stack levels required when called:    1
 This function calls:
		_putch
 This function is called by:
		_main
 This function uses a non-reentrant model


 *************** function _Reset_EPS *****************
 Defined at:
		line 19 in file "EPS.c"
 Parameters:    Size  Location     Type
		None
 Auto vars:     Size  Location     Type
		None
 Return value:  Size  Location     Type
                  1    wreg      void 
 Registers used:
		wreg
 Tracked objects:
		On entry : 
		On exit  : 
		Unchanged: 
 Data sizes:     COMMON   BANK0   BANK1   BANK3   BANK2
      Params:         0       0       0       0       0
      Locals:         0       0       0       0       0
      Temps:          3       0       0       0       0
      Totals:         3       0       0       0       0
Total ram usage:        3 bytes
 Hardware stack levels used:    1
 This function calls:
		Nothing
 This function is called by:
		_main
 This function uses a non-reentrant model


 *************** function _ReceivePacket_data *****************
 Defined at:
		line 359 in file "decode_AX25.c"
 Parameters:    Size  Location     Type
		None
 Auto vars:     Size  Location     Type
  i               2   31[BANK0 ] unsigned int 
  fcschecker      2   29[BANK0 ] unsigned int 
 Return value:  Size  Location     Type
                  1    wreg      PTR unsigned char 
 Registers used:
		wreg, fsr0l, fsr0h, status,2, status,0, btemp+1, pclath, cstack
 Tracked objects:
		On entry : 
		On exit  : 
		Unchanged: 
 Data sizes:     COMMON   BANK0   BANK1   BANK3   BANK2
      Params:         0       0       0       0       0
      Locals:         0       4       0       0       0
      Temps:          2       0       0       0       0
      Totals:         2       4       0       0       0
Total ram usage:        6 bytes
 Hardware stack levels used:    1
 Hardware stack levels required when called:    2
 This function calls:
		_fcscheck
		_getdata
		_waitFlag
 This function is called by:
		_main
 This function uses a non-reentrant model


 *************** function _waitFlag *****************
 Defined at:
		line 54 in file "decode_AX25.c"
 Parameters:    Size  Location     Type
		None
 Auto vars:     Size  Location     Type
  j               2   24[BANK0 ] unsigned int 
  j               2   10[BANK0 ] unsigned int 
  j               2   22[BANK0 ] unsigned int 
  j               2    8[BANK0 ] unsigned int 
  j               2   20[BANK0 ] unsigned int 
  j               2    6[BANK0 ] unsigned int 
  j               2   18[BANK0 ] unsigned int 
  j               2    4[BANK0 ] unsigned int 
  j               2   16[BANK0 ] unsigned int 
  j               2    2[BANK0 ] unsigned int 
  i               2    0[BANK0 ] unsigned int 
  j               2   14[BANK0 ] unsigned int 
  j               2   12[BANK0 ] unsigned int 
  flag_judge      2   26[BANK0 ] unsigned int 
  buf             1   28[BANK0 ] unsigned char 
 Return value:  Size  Location     Type
                  1    wreg      void 
 Registers used:
		wreg, fsr0l, fsr0h, status,2, status,0, pclath, cstack
 Tracked objects:
		On entry : 
		On exit  : 
		Unchanged: 
 Data sizes:     COMMON   BANK0   BANK1   BANK3   BANK2
      Params:         0       0       0       0       0
      Locals:         0      29       0       0       0
      Temps:          4       0       0       0       0
      Totals:         4      29       0       0       0
Total ram usage:       33 bytes
 Hardware stack levels used:    1
 Hardware stack levels required when called:    1
 This function calls:
		_getbit
 This function is called by:
		_ReceivePacket_data
		_ReceivePacket
 This function uses a non-reentrant model


 *************** function _getdata *****************
 Defined at:
		line 278 in file "decode_AX25.c"
 Parameters:    Size  Location     Type
		None
 Auto vars:     Size  Location     Type
  dbitstatus      2    4[BANK0 ] unsigned int 
  dstuff          2    2[BANK0 ] unsigned int 
  bufstore_cou    2    0[BANK0 ] unsigned int 
  buf             1    6[BANK0 ] unsigned char 
  dammy_data      1    0        unsigned char 
 Return value:  Size  Location     Type
                  1    wreg      void 
 Registers used:
		wreg, fsr0l, fsr0h, status,2, status,0, pclath, cstack
 Tracked objects:
		On entry : 
		On exit  : 
		Unchanged: 
 Data sizes:     COMMON   BANK0   BANK1   BANK3   BANK2
      Params:         0       0       0       0       0
      Locals:         0       7       0       0       0
      Temps:          2       0       0       0       0
      Totals:         2       7       0       0       0
Total ram usage:        9 bytes
 Hardware stack levels used:    1
 Hardware stack levels required when called:    1
 This function calls:
		_getbit
 This function is called by:
		_ReceivePacket_data
		_ReceivePacket
 This function uses a non-reentrant model


 *************** function _getbit *****************
 Defined at:
		line 40 in file "decode_AX25.c"
 Parameters:    Size  Location     Type
		None
 Auto vars:     Size  Location     Type
  i               2    4[COMMON] unsigned int 
 Return value:  Size  Location     Type
                  2    0[COMMON] unsigned int 
 Registers used:
		wreg, status,2, status,0
 Tracked objects:
		On entry : 
		On exit  : 
		Unchanged: 
 Data sizes:     COMMON   BANK0   BANK1   BANK3   BANK2
      Params:         2       0       0       0       0
      Locals:         2       0       0       0       0
      Temps:          2       0       0       0       0
      Totals:         6       0       0       0       0
Total ram usage:        6 bytes
 Hardware stack levels used:    1
 This function calls:
		Nothing
 This function is called by:
		_waitFlag
		_getdata
		_conv_DI_UARTRX
 This function uses a non-reentrant model


 *************** function _fcscheck *****************
 Defined at:
		line 313 in file "decode_AX25.c"
 Parameters:    Size  Location     Type
		None
 Auto vars:     Size  Location     Type
  i               2    7[COMMON] unsigned int 
  i               2    5[COMMON] unsigned int 
  byte            1    9[COMMON] unsigned char 
  bt              1    4[COMMON] unsigned char 
 Return value:  Size  Location     Type
                  2    0[COMMON] unsigned int 
 Registers used:
		wreg, fsr0l, fsr0h, status,2, status,0
 Tracked objects:
		On entry : 
		On exit  : 
		Unchanged: 
 Data sizes:     COMMON   BANK0   BANK1   BANK3   BANK2
      Params:         2       0       0       0       0
      Locals:         6       0       0       0       0
      Temps:          2       0       0       0       0
      Totals:        10       0       0       0       0
Total ram usage:       10 bytes
 Hardware stack levels used:    1
 This function calls:
		Nothing
 This function is called by:
		_ReceivePacket_data
		_ReceivePacket
 This function uses a non-reentrant model


 *************** function _NM_waddress *****************
 Defined at:
		line 72 in file "UART.c"
 Parameters:    Size  Location     Type
  NM_wad_heade    1    wreg     unsigned char 
  whigh_addres    1    1[COMMON] unsigned char 
  wlow_address    1    2[COMMON] unsigned char 
 Auto vars:     Size  Location     Type
  NM_wad_heade    1    3[COMMON] unsigned char 
 Return value:  Size  Location     Type
                  1    wreg      void 
 Registers used:
		wreg, status,2, status,0, pclath, cstack
 Tracked objects:
		On entry : 
		On exit  : 
		Unchanged: 
 Data sizes:     COMMON   BANK0   BANK1   BANK3   BANK2
      Params:         2       0       0       0       0
      Locals:         1       0       0       0       0
      Temps:          0       0       0       0       0
      Totals:         3       0       0       0       0
Total ram usage:        3 bytes
 Hardware stack levels used:    1
 Hardware stack levels required when called:    1
 This function calls:
		_putch
 This function is called by:
		_main
 This function uses a non-reentrant model


 *************** function _putch *****************
 Defined at:
		line 39 in file "UART.c"
 Parameters:    Size  Location     Type
  byte            1    wreg     unsigned char 
 Auto vars:     Size  Location     Type
  byte            1    0[COMMON] unsigned char 
 Return value:  Size  Location     Type
                  1    wreg      void 
 Registers used:
		wreg
 Tracked objects:
		On entry : 
		On exit  : 
		Unchanged: 
 Data sizes:     COMMON   BANK0   BANK1   BANK3   BANK2
      Params:         0       0       0       0       0
      Locals:         1       0       0       0       0
      Temps:          0       0       0       0       0
      Totals:         1       0       0       0       0
Total ram usage:        1 bytes
 Hardware stack levels used:    1
 This function calls:
		Nothing
 This function is called by:
		_NM_waddress
		_TXOBC_waddress
		_putstr
		_putAX25
		_conv_DI_UARTRX
		_test_Packetmaker
 This function uses a non-reentrant model


 *************** function _Init_SERIAL *****************
 Defined at:
		line 6 in file "UART.c"
 Parameters:    Size  Location     Type
		None
 Auto vars:     Size  Location     Type
		None
 Return value:  Size  Location     Type
                  1    wreg      void 
 Registers used:
		wreg
 Tracked objects:
		On entry : 
		On exit  : 
		Unchanged: 
 Data sizes:     COMMON   BANK0   BANK1   BANK3   BANK2
      Params:         0       0       0       0       0
      Locals:         0       0       0       0       0
      Temps:          0       0       0       0       0
      Totals:         0       0       0       0       0
Total ram usage:        0 bytes
 Hardware stack levels used:    1
 This function calls:
		Nothing
 This function is called by:
		_main
 This function uses a non-reentrant model


 *************** function _Init_MPU *****************
 Defined at:
		line 8 in file "Init_MPU.c"
 Parameters:    Size  Location     Type
		None
 Auto vars:     Size  Location     Type
		None
 Return value:  Size  Location     Type
                  1    wreg      void 
 Registers used:
		wreg, status,2
 Tracked objects:
		On entry : 
		On exit  : 
		Unchanged: 
 Data sizes:     COMMON   BANK0   BANK1   BANK3   BANK2
      Params:         0       0       0       0       0
      Locals:         0       0       0       0       0
      Temps:          0       0       0       0       0
      Totals:         0       0       0       0       0
Total ram usage:        0 bytes
 Hardware stack levels used:    1
 This function calls:
		Nothing
 This function is called by:
		_main
 This function uses a non-reentrant model


 *************** function _Init_I2C_M *****************
 Defined at:
		line 8 in file "I2C.c"
 Parameters:    Size  Location     Type
  c               4    0[BANK0 ] const unsigned long 
 Auto vars:     Size  Location     Type
		None
 Return value:  Size  Location     Type
                  1    wreg      void 
 Registers used:
		wreg, status,2, status,0, pclath, cstack
 Tracked objects:
		On entry : 
		On exit  : 
		Unchanged: 
 Data sizes:     COMMON   BANK0   BANK1   BANK3   BANK2
      Params:         0       4       0       0       0
      Locals:         0       0       0       0       0
      Temps:          0       4       0       0       0
      Totals:         0       8       0       0       0
Total ram usage:        8 bytes
 Hardware stack levels used:    1
 Hardware stack levels required when called:    1
 This function calls:
		___lldiv
 This function is called by:
		_main
 This function uses a non-reentrant model


 *************** function ___lldiv *****************
 Defined at:
		line 6 in file "C:\Program Files (x86)\Microchip\xc8\v1.45\sources\common\lldiv.c"
 Parameters:    Size  Location     Type
  divisor         4    0[COMMON] unsigned long 
  dividend        4    4[COMMON] unsigned long 
 Auto vars:     Size  Location     Type
  quotient        4    9[COMMON] unsigned long 
  counter         1   13[COMMON] unsigned char 
 Return value:  Size  Location     Type
                  4    0[COMMON] unsigned long 
 Registers used:
		wreg, status,2, status,0
 Tracked objects:
		On entry : 
		On exit  : 
		Unchanged: 
 Data sizes:     COMMON   BANK0   BANK1   BANK3   BANK2
      Params:         8       0       0       0       0
      Locals:         5       0       0       0       0
      Temps:          1       0       0       0       0
      Totals:        14       0       0       0       0
Total ram usage:       14 bytes
 Hardware stack levels used:    1
 This function calls:
		Nothing
 This function is called by:
		_Init_I2C_M
 This function uses a non-reentrant model


 *************** function _FMTX *****************
 Defined at:
		line 270 in file "FMCW.c"
 Parameters:    Size  Location     Type
  Nref            2   52[BANK0 ] int 
  Nprg            1   54[BANK0 ] PTR int 
		 -> main@FMTX_Nprg(10), FMTX_Nprg(10), 
 Auto vars:     Size  Location     Type
  fmtx            2   55[BANK0 ] int 
 Return value:  Size  Location     Type
                  1    wreg      void 
 Registers used:
		wreg, fsr0l, fsr0h, status,2, status,0, btemp+1, pclath, cstack
 Tracked objects:
		On entry : 
		On exit  : 
		Unchanged: 
 Data sizes:     COMMON   BANK0   BANK1   BANK3   BANK2
      Params:         0       3       0       0       0
      Locals:         0       2       0       0       0
      Temps:          1       0       0       0       0
      Totals:         1       5       0       0       0
Total ram usage:        6 bytes
 Hardware stack levels used:    1
 Hardware stack levels required when called:    3
 This function calls:
		_OPINIT
		_OUTFQ
		_RFDOUT
 This function is called by:
		_main
 This function uses a non-reentrant model


 *************** function _FMRX *****************
 Defined at:
		line 298 in file "FMCW.c"
 Parameters:    Size  Location     Type
  Nref            2   52[BANK0 ] int 
  Nprg            1   54[BANK0 ] PTR int 
		 -> main@FMRX_Nprg(10), FMRX_Nprg(10), 
 Auto vars:     Size  Location     Type
  fmrx            2   55[BANK0 ] int 
 Return value:  Size  Location     Type
                  1    wreg      void 
 Registers used:
		wreg, fsr0l, fsr0h, status,2, status,0, btemp+1, pclath, cstack
 Tracked objects:
		On entry : 
		On exit  : 
		Unchanged: 
 Data sizes:     COMMON   BANK0   BANK1   BANK3   BANK2
      Params:         0       3       0       0       0
      Locals:         0       2       0       0       0
      Temps:          1       0       0       0       0
      Totals:         1       5       0       0       0
Total ram usage:        6 bytes
 Hardware stack levels used:    1
 Hardware stack levels required when called:    3
 This function calls:
		_OPINIT
		_OUTFQ
		_RFDOUT
 This function is called by:
		_main
 This function uses a non-reentrant model


 *************** function _EEPROM_Write *****************
 Defined at:
		line 51 in file "I2C.c"
 Parameters:    Size  Location     Type
  EEPROM_addre    1    wreg     unsigned char 
  high_address    1    2[COMMON] unsigned char 
  low_address     1    3[COMMON] unsigned char 
  data            1    4[COMMON] PTR unsigned char 
		 -> NULL(0), dData(16), 
 Auto vars:     Size  Location     Type
  EEPROM_addre    1    8[COMMON] unsigned char 
  Address         1    9[COMMON] unsigned char 
 Return value:  Size  Location     Type
                  1    wreg      void 
 Registers used:
		wreg, fsr0l, fsr0h, status,2, status,0, pclath, cstack
 Tracked objects:
		On entry : 
		On exit  : 
		Unchanged: 
 Data sizes:     COMMON   BANK0   BANK1   BANK3   BANK2
      Params:         3       0       0       0       0
      Locals:         2       0       0       0       0
      Temps:          3       0       0       0       0
      Totals:         8       0       0       0       0
Total ram usage:        8 bytes
 Hardware stack levels used:    1
 Hardware stack levels required when called:    2
 This function calls:
		_I2C_Master_Start
		_I2C_Master_Stop
		_I2C_Master_Write
 This function is called by:
		_main
 This function uses a non-reentrant model


 *************** function _I2C_Master_Write *****************
 Defined at:
		line 34 in file "I2C.c"
 Parameters:    Size  Location     Type
  d               2    0[COMMON] unsigned int 
 Auto vars:     Size  Location     Type
		None
 Return value:  Size  Location     Type
                  1    wreg      void 
 Registers used:
		wreg, status,2, status,0, pclath, cstack
 Tracked objects:
		On entry : 
		On exit  : 
		Unchanged: 
 Data sizes:     COMMON   BANK0   BANK1   BANK3   BANK2
      Params:         2       0       0       0       0
      Locals:         0       0       0       0       0
      Temps:          0       0       0       0       0
      Totals:         2       0       0       0       0
Total ram usage:        2 bytes
 Hardware stack levels used:    1
 Hardware stack levels required when called:    1
 This function calls:
		_I2C_Master_Wait
 This function is called by:
		_EEPROM_Write
 This function uses a non-reentrant model


 *************** function _I2C_Master_Stop *****************
 Defined at:
		line 29 in file "I2C.c"
 Parameters:    Size  Location     Type
		None
 Auto vars:     Size  Location     Type
		None
 Return value:  Size  Location     Type
                  1    wreg      void 
 Registers used:
		wreg, status,2, status,0, pclath, cstack
 Tracked objects:
		On entry : 
		On exit  : 
		Unchanged: 
 Data sizes:     COMMON   BANK0   BANK1   BANK3   BANK2
      Params:         0       0       0       0       0
      Locals:         0       0       0       0       0
      Temps:          0       0       0       0       0
      Totals:         0       0       0       0       0
Total ram usage:        0 bytes
 Hardware stack levels used:    1
 Hardware stack levels required when called:    1
 This function calls:
		_I2C_Master_Wait
 This function is called by:
		_EEPROM_Write
 This function uses a non-reentrant model


 *************** function _I2C_Master_Start *****************
 Defined at:
		line 19 in file "I2C.c"
 Parameters:    Size  Location     Type
		None
 Auto vars:     Size  Location     Type
		None
 Return value:  Size  Location     Type
                  1    wreg      void 
 Registers used:
		wreg, status,2, status,0, pclath, cstack
 Tracked objects:
		On entry : 
		On exit  : 
		Unchanged: 
 Data sizes:     COMMON   BANK0   BANK1   BANK3   BANK2
      Params:         0       0       0       0       0
      Locals:         0       0       0       0       0
      Temps:          0       0       0       0       0
      Totals:         0       0       0       0       0
Total ram usage:        0 bytes
 Hardware stack levels used:    1
 Hardware stack levels required when called:    1
 This function calls:
		_I2C_Master_Wait
 This function is called by:
		_EEPROM_Write
 This function uses a non-reentrant model


 *************** function _I2C_Master_Wait *****************
 Defined at:
		line 15 in file "I2C.c"
 Parameters:    Size  Location     Type
		None
 Auto vars:     Size  Location     Type
		None
 Return value:  Size  Location     Type
                  1    wreg      void 
 Registers used:
		wreg, status,2
 Tracked objects:
		On entry : 
		On exit  : 
		Unchanged: 
 Data sizes:     COMMON   BANK0   BANK1   BANK3   BANK2
      Params:         0       0       0       0       0
      Locals:         0       0       0       0       0
      Temps:          0       0       0       0       0
      Totals:         0       0       0       0       0
Total ram usage:        0 bytes
 Hardware stack levels used:    1
 This function calls:
		Nothing
 This function is called by:
		_I2C_Master_Start
		_I2C_Master_Stop
		_I2C_Master_Write
		_I2C_Master_RepeatedStart
		_I2C_Master_Read
 This function uses a non-reentrant model


 *************** function _CWTX *****************
 Defined at:
		line 284 in file "FMCW.c"
 Parameters:    Size  Location     Type
  Nref            2   52[BANK0 ] int 
  Nprg            1   54[BANK0 ] PTR int 
		 -> main@CWTX_Nprg(10), CWTX_Nprg(10), 
 Auto vars:     Size  Location     Type
  cwtx            2   55[BANK0 ] int 
 Return value:  Size  Location     Type
                  1    wreg      void 
 Registers used:
		wreg, fsr0l, fsr0h, status,2, status,0, btemp+1, pclath, cstack
 Tracked objects:
		On entry : 
		On exit  : 
		Unchanged: 
 Data sizes:     COMMON   BANK0   BANK1   BANK3   BANK2
      Params:         0       3       0       0       0
      Locals:         0       2       0       0       0
      Temps:          1       0       0       0       0
      Totals:         1       5       0       0       0
Total ram usage:        6 bytes
 Hardware stack levels used:    1
 Hardware stack levels required when called:    3
 This function calls:
		_OPINIT
		_OUTFQ
		_RFDOUT
 This function is called by:
		_main
 This function uses a non-reentrant model


 *************** function _RFDOUT *****************
 Defined at:
		line 200 in file "FMCW.c"
 Parameters:    Size  Location     Type
  fmcwtxrx        2    9[COMMON] int 
  Nref            2   11[COMMON] int 
 Auto vars:     Size  Location     Type
  i               2   31[BANK0 ] int 
  i               2   27[BANK0 ] int 
  i               2   29[BANK0 ] int 
  Nref_b         24    3[BANK0 ] int [12]
 Return value:  Size  Location     Type
                  1    wreg      void 
 Registers used:
		wreg, fsr0l, fsr0h, status,2, status,0, btemp+1, pclath, cstack
 Tracked objects:
		On entry : 
		On exit  : 
		Unchanged: 
 Data sizes:     COMMON   BANK0   BANK1   BANK3   BANK2
      Params:         4       0       0       0       0
      Locals:         0      30       0       0       0
      Temps:          0       3       0       0       0
      Totals:         4      33       0       0       0
Total ram usage:       37 bytes
 Hardware stack levels used:    1
 Hardware stack levels required when called:    2
 This function calls:
		_H_OUT
		_L_OUT
		_STBOUT
		___awdiv
 This function is called by:
		_FMTX
		_CWTX
		_FMRX
 This function uses a non-reentrant model


 *************** function _OUTFQ *****************
 Defined at:
		line 136 in file "FMCW.c"
 Parameters:    Size  Location     Type
  fmcwtxrx        2    9[COMMON] int 
  Nprg            1   11[COMMON] PTR int 
		 -> main@FMRX_Nprg(10), main@CWTX_Nprg(10), main@FMTX_Nprg(10), FMRX_Nprg(10), 
		 -> CWTX_Nprg(10), FMTX_Nprg(10), 
 Auto vars:     Size  Location     Type
  j               2   50[BANK0 ] int 
  i               2   48[BANK0 ] int 
  i               2   42[BANK0 ] int 
  i               2   46[BANK0 ] int 
  Nprg_b         34    8[BANK0 ] int [17]
  count           2   44[BANK0 ] int 
 Return value:  Size  Location     Type
                  1    wreg      void 
 Registers used:
		wreg, fsr0l, fsr0h, status,2, status,0, btemp+1, pclath, cstack
 Tracked objects:
		On entry : 
		On exit  : 
		Unchanged: 
 Data sizes:     COMMON   BANK0   BANK1   BANK3   BANK2
      Params:         3       0       0       0       0
      Locals:         0      44       0       0       0
      Temps:          0       8       0       0       0
      Totals:         3      52       0       0       0
Total ram usage:       55 bytes
 Hardware stack levels used:    1
 Hardware stack levels required when called:    2
 This function calls:
		_H_OUT
		_L_OUT
		_STBOUT
		___awdiv
 This function is called by:
		_FMTX
		_CWTX
		_FMRX
 This function uses a non-reentrant model


 *************** function ___awdiv *****************
 Defined at:
		line 6 in file "C:\Program Files (x86)\Microchip\xc8\v1.45\sources\common\awdiv.c"
 Parameters:    Size  Location     Type
  divisor         2    0[COMMON] int 
  dividend        2    2[COMMON] int 
 Auto vars:     Size  Location     Type
  quotient        2    7[COMMON] int 
  sign            1    6[COMMON] unsigned char 
  counter         1    5[COMMON] unsigned char 
 Return value:  Size  Location     Type
                  2    0[COMMON] int 
 Registers used:
		wreg, status,2, status,0
 Tracked objects:
		On entry : 
		On exit  : 
		Unchanged: 
 Data sizes:     COMMON   BANK0   BANK1   BANK3   BANK2
      Params:         4       0       0       0       0
      Locals:         4       0       0       0       0
      Temps:          1       0       0       0       0
      Totals:         9       0       0       0       0
Total ram usage:        9 bytes
 Hardware stack levels used:    1
 This function calls:
		Nothing
 This function is called by:
		_OUTFQ
		_RFDOUT
 This function uses a non-reentrant model


 *************** function _OPINIT *****************
 Defined at:
		line 241 in file "FMCW.c"
 Parameters:    Size  Location     Type
  fmcwtxrx        2    4[COMMON] int 
 Auto vars:     Size  Location     Type
		None
 Return value:  Size  Location     Type
                  1    wreg      void 
 Registers used:
		wreg, status,2, status,0, btemp+1, pclath, cstack
 Tracked objects:
		On entry : 
		On exit  : 
		Unchanged: 
 Data sizes:     COMMON   BANK0   BANK1   BANK3   BANK2
      Params:         2       0       0       0       0
      Locals:         0       0       0       0       0
      Temps:          0       0       0       0       0
      Totals:         2       0       0       0       0
Total ram usage:        2 bytes
 Hardware stack levels used:    1
 Hardware stack levels required when called:    2
 This function calls:
		_H_OUT
		_L_OUT
		_STBOUT
 This function is called by:
		_FMTX
		_CWTX
		_FMRX
 This function uses a non-reentrant model


 *************** function _STBOUT *****************
 Defined at:
		line 107 in file "FMCW.c"
 Parameters:    Size  Location     Type
  fmcwtxrx        2    2[COMMON] int 
 Auto vars:     Size  Location     Type
		None
 Return value:  Size  Location     Type
                  1    wreg      void 
 Registers used:
		wreg, status,2, status,0, btemp+1, pclath, cstack
 Tracked objects:
		On entry : 
		On exit  : 
		Unchanged: 
 Data sizes:     COMMON   BANK0   BANK1   BANK3   BANK2
      Params:         2       0       0       0       0
      Locals:         0       0       0       0       0
      Temps:          0       0       0       0       0
      Totals:         2       0       0       0       0
Total ram usage:        2 bytes
 Hardware stack levels used:    1
 Hardware stack levels required when called:    1
 This function calls:
		__NOP
 This function is called by:
		_OUTFQ
		_RFDOUT
		_OPINIT
 This function uses a non-reentrant model


 *************** function _L_OUT *****************
 Defined at:
		line 40 in file "FMCW.c"
 Parameters:    Size  Location     Type
  fmcwtxrx        2    2[COMMON] int 
 Auto vars:     Size  Location     Type
		None
 Return value:  Size  Location     Type
                  1    wreg      void 
 Registers used:
		wreg, status,2, status,0, btemp+1, pclath, cstack
 Tracked objects:
		On entry : 
		On exit  : 
		Unchanged: 
 Data sizes:     COMMON   BANK0   BANK1   BANK3   BANK2
      Params:         2       0       0       0       0
      Locals:         0       0       0       0       0
      Temps:          0       0       0       0       0
      Totals:         2       0       0       0       0
Total ram usage:        2 bytes
 Hardware stack levels used:    1
 Hardware stack levels required when called:    1
 This function calls:
		__NOP
 This function is called by:
		_OUTFQ
		_RFDOUT
		_OPINIT
 This function uses a non-reentrant model


 *************** function _H_OUT *****************
 Defined at:
		line 74 in file "FMCW.c"
 Parameters:    Size  Location     Type
  fmcwtxrx        2    2[COMMON] int 
 Auto vars:     Size  Location     Type
		None
 Return value:  Size  Location     Type
                  1    wreg      void 
 Registers used:
		wreg, status,2, status,0, btemp+1, pclath, cstack
 Tracked objects:
		On entry : 
		On exit  : 
		Unchanged: 
 Data sizes:     COMMON   BANK0   BANK1   BANK3   BANK2
      Params:         2       0       0       0       0
      Locals:         0       0       0       0       0
      Temps:          0       0       0       0       0
      Totals:         2       0       0       0       0
Total ram usage:        2 bytes
 Hardware stack levels used:    1
 Hardware stack levels required when called:    1
 This function calls:
		__NOP
 This function is called by:
		_OUTFQ
		_RFDOUT
		_OPINIT
 This function uses a non-reentrant model


 *************** function __NOP *****************
 Defined at:
		line 353 in file "FMCW.c"
 Parameters:    Size  Location     Type
		None
 Auto vars:     Size  Location     Type
  i               2    0[COMMON] int 
 Return value:  Size  Location     Type
                  1    wreg      void 
 Registers used:
		wreg, status,2, btemp+1
 Tracked objects:
		On entry : 
		On exit  : 
		Unchanged: 
 Data sizes:     COMMON   BANK0   BANK1   BANK3   BANK2
      Params:         0       0       0       0       0
      Locals:         2       0       0       0       0
      Temps:          0       0       0       0       0
      Totals:         2       0       0       0       0
Total ram usage:        2 bytes
 Hardware stack levels used:    1
 This function calls:
		Nothing
 This function is called by:
		_L_OUT
		_H_OUT
		_STBOUT
 This function uses a non-reentrant model



MODULE INFORMATION

Module		Function		Class		Link	Load	Size
UART.c
		_Init_SERIAL   		CODE           	0909	0000	26
		_putch         		CODE           	08B8	0000	9
		_TXOBC_waddress		CODE           	0AA3	0000	59
		_NM_waddress   		CODE           	08E2	0000	19

UART.c estimated size: 113

Init_MPU.c
		_Init_MPU      		CODE           	093B	0000	30

Init_MPU.c estimated size: 30

I2C.c
		_I2C_Master_Wait		CODE           	08C8	0000	10
		_EEPROM_Write  		CODE           	0003	0000	94
		_I2C_Master_Stop		CODE           	08A9	0000	8
		_Init_I2C_M    		CODE           	0A6F	0000	53
		_I2C_Master_Write		CODE           	08B0	0000	9
		_I2C_Master_Start		CODE           	08A2	0000	8

I2C.c estimated size: 182

FMCW.c
		_H_OUT         		CODE           	0ADD	0000	71
		__NOP          		CODE           	08F4	0000	22
		_L_OUT         		CODE           	0B23	0000	71
		_OUTFQ         		CODE           	0E2C	0000	469
		_FMRX          		CODE           	09E9	0000	45
		_FMTX          		CODE           	0A15	0000	45
		_RFDOUT        		CODE           	0060	0000	226
		_CWTX          		CODE           	09BD	0000	45
		_STBOUT        		CODE           	0A41	0000	47
		_OPINIT        		CODE           	0D2D	0000	126

FMCW.c estimated size: 1167

shared
		__stringtab    		STRING         	0800	0000	7
		__initialization		CODE           	07BC	0000	65
		_commandSize   		STRING         	0806	0000	3

shared estimated size: 75

decode_AX25.c
		_getdata       		CODE           	0C67	0000	98
		_fcscheck      		CODE           	0DAA	0000	131
		_ReceivePacket_data		CODE           	0CC8	0000	102
		_getbit        		CODE           	0B69	0000	72
		_waitFlag      		CODE           	0330	0000	1165

decode_AX25.c estimated size: 1568

C:\Program Files (x86)\Microchip\xc8\v1.45\sources\common\awdiv.c
		___awdiv       		CODE           	0BB0	0000	90

C:\Program Files (x86)\Microchip\xc8\v1.45\sources\common\awdiv.c estimated size: 90

C:\Program Files (x86)\Microchip\xc8\v1.45\sources\common\lldiv.c
		___lldiv       		CODE           	0C09	0000	95

C:\Program Files (x86)\Microchip\xc8\v1.45\sources\common\lldiv.c estimated size: 95

EPS.c
		_Reset_EPS     		CODE           	0976	0000	36

EPS.c estimated size: 36

main.c
		_main          		CODE           	0141	0000	496

main.c estimated size: 496

