Microchip MPLAB XC8 Compiler V1.38 ()

Linker command line:

-W-3 --edf=C:\Program Files (x86)\Microchip\xc8\v1.38\dat\en_msgs.txt -cs \
  -h+dist/default/production\PIC_Rx.production.sym \
  --cmf=dist/default/production\PIC_Rx.production.cmf -z -Q16F887 \
  -oC:\Users\Kosuke\AppData\Local\Temp\sevs.2 \
  -Mdist/default/production/PIC_Rx.production.map -E1 -ver=XC8 \
  -ASTACK=0E9h-0efh -pstack=STACK -ACODE=00h-07FFhx4 -ASTRCODE=00h-01FFFh \
  -ASTRING=00h-0FFhx32 -ACONST=00h-0FFhx32 -AENTRY=00h-0FFhx32 \
  -ACOMMON=070h-07Fh -ABANK0=020h-06Fh -ABANK1=0A0h-0EFh \
  -ABANK2=0110h-016Fh -ABANK3=0190h-01EFh \
  -ARAM=020h-06Fh,0A0h-0EFh,0110h-016Fh,0190h-01EFh \
  -AABS1=020h-07Fh,0A0h-0EFh,0110h-016Fh,0190h-01EFh -ASFR0=00h-01Fh \
  -ASFR1=080h-09Fh -ASFR2=0100h-010Fh -ASFR3=0180h-018Fh \
  -preset_vec=00h,intentry,init,end_init -ppowerup=CODE -pcinit=CODE \
  -pfunctab=CODE -ACONFIG=02007h-02008h -pconfig=CONFIG -DCONFIG=2 \
  -AIDLOC=02000h-02003h -pidloc=IDLOC -DIDLOC=2 -AEEDATA=00h-0FFh/02100h \
  -peeprom_data=EEDATA -DEEDATA=2 -DCODE=2 -DSTRCODE=2 -DSTRING=2 -DCONST=2 \
  -DENTRY=2 -k C:\Users\Kosuke\AppData\Local\Temp\sevs.obj \
  dist/default/production\PIC_Rx.production.obj 

Object code version is 3.11

Machine type is 16F887



                Name                               Link     Load   Length Selector   Space Scale
C:\Users\Kosuke\AppData\Local\Temp\sevs.obj
                end_init                              0        0        3        0       0
                config                             2007     2007        2     400E       0
dist/default/production\PIC_Rx.production.obj
                cinit                               7B3      7B3       4D      F66       0
                text30                              837      837       15     106E       0
                text29                              9C3      9C3       46     1386       0
                text28                              A09      A09       46     1412       0
                text27                              961      961       2E     12C2       0
                text26                              CBC      CBC       7D     1978       0
                text25                              AE2      AE2       59     15C4       0
                text24                               AC       AC      27B      158       0
                text23                              D39      D39       E1     1A72       0
                text22                              8DD      8DD       2C     11BA       0
                text21                             17D4     17D4        9     2FA8       0
                text20                             17AE     17AE        7     2F5C       0
                text19                             17B5     17B5        7     2F6A       0
                text18                             17BC     17BC        8     2F78       0
                text17                              B3B      B3B       5D     1676       0
                text16                              909      909       2C     1212       0
                text15                              935      935       2C     126A       0
                text14                              B98      B98       5E     1730       0
                text13                              98F      98F       34     131E       0
                text12                              898      898       1D     1130       0
                text11                              84C      84C       19     1098       0
                text10                              823      823       14     1046       0
                text9                              17C4     17C4        8     2F88       0
                text8                              17EE     17EE       12     2FDC       0
                text7                                2A       2A       82       54       0
                text6                               A96      A96       4C     152C       0
                text5                               BF6      BF6       61     17EC       0
                text4                               327      327      48C      64E       0
                text3                               C57      C57       65     18AE       0
                text2                                 7        7       23        E       0
                text1                               A4F      A4F       47     149E       0
                maintext                            E1A      E1A      1E6     1C34       0
                cstackBANK0                          20       20       46       20       1
                cstackCOMMON                         70       70        E       70       1
                cstackBANK1                          A0       A0       22       A0       1
                clrtext                            17CC     17CC        8     2F98       0
                inittext                           17DD     17DD       11     2FBA       0
                dataBANK2                           150      150       19      110       1
                bssBANK2                            110      110       40      110       1
                dataBANK3                           1C2      1C2       28      190       1
                bssBANK3                            190      190       32      190       1
                dataBANK1                            C2       C2       1A       A0       1
                bssBANK1                             DC       DC        D       A0       1
                bssBANK0                             66       66        A       20       1
                strings                             800      800       21     1000       0
                idataBANK3                          8B5      8B5       28     116A       0
                idataBANK2                          865      865       19     10CA       0
                idataBANK1                          87E      87E       1A     10FC       0

TOTAL           Name                               Link     Load   Length     Space
        CLASS   STACK          

        CLASS   CODE           
                end_init                              0        0        3         0
                cinit                               7B3      7B3       4D         0
                text30                              837      837       15         0
                text29                              9C3      9C3       46         0
                text28                              A09      A09       46         0
                text27                              961      961       2E         0
                text26                              CBC      CBC       7D         0
                text25                              AE2      AE2       59         0
                text24                               AC       AC      27B         0
                text23                              D39      D39       E1         0
                text22                              8DD      8DD       2C         0
                text21                             17D4     17D4        9         0
                text20                             17AE     17AE        7         0
                text19                             17B5     17B5        7         0
                text18                             17BC     17BC        8         0
                text17                              B3B      B3B       5D         0
                text16                              909      909       2C         0
                text15                              935      935       2C         0
                text14                              B98      B98       5E         0
                text13                              98F      98F       34         0
                text12                              898      898       1D         0
                text11                              84C      84C       19         0
                text10                              823      823       14         0
                text9                              17C4     17C4        8         0
                text8                              17EE     17EE       12         0
                text7                                2A       2A       82         0
                text6                               A96      A96       4C         0
                text5                               BF6      BF6       61         0
                text4                               327      327      48C         0
                text3                               C57      C57       65         0
                text2                                 7        7       23         0
                text1                               A4F      A4F       47         0
                maintext                            E1A      E1A      1E6         0
                clrtext                            17CC     17CC        8         0
                inittext                           17DD     17DD       11         0
                idataBANK3                          8B5      8B5       28         0
                idataBANK2                          865      865       19         0
                idataBANK1                          87E      87E       1A         0

        CLASS   STRCODE        

        CLASS   STRING         
                strings                             800      800       21         0

        CLASS   CONST          

        CLASS   ENTRY          

        CLASS   COMMON         
                cstackCOMMON                         70       70        E         1

        CLASS   BANK0          
                cstackBANK0                          20       20       46         1
                bssBANK0                             66       66        A         1

        CLASS   BANK1          
                cstackBANK1                          A0       A0       22         1
                dataBANK1                            C2       C2       1A         1
                bssBANK1                             DC       DC        D         1

        CLASS   BANK2          
                dataBANK2                           150      150       19         1
                bssBANK2                            110      110       40         1

        CLASS   BANK3          
                dataBANK3                           1C2      1C2       28         1
                bssBANK3                            190      190       32         1

        CLASS   RAM            

        CLASS   ABS1           
                abs_s1                               7E       7E        2         1

        CLASS   SFR0           

        CLASS   SFR1           

        CLASS   SFR2           

        CLASS   SFR3           

        CLASS   CONFIG         
                config                             2007     2007        2         0

        CLASS   IDLOC          

        CLASS   EEDATA         



SEGMENTS        Name                           Load    Length   Top    Selector   Space  Class     Delta

                reset_vec                      000000  000003  000003         0       0  CODE        2
                text2                          000007  000023  00002A         E       0  CODE        2
                cstackBANK0                    000020  000050  000070        20       1  BANK0       1
                text7                          00002A  000082  0000AC        54       0  CODE        2
                cstackCOMMON                   000070  00000E  00007E        70       1  COMMON      1
                cstackBANK1                    0000A0  000049  0000E9        A0       1  BANK1       1
                bssBANK2                       000110  000059  000169       110       1  BANK2       1
                text24                         0000AC  00027B  000327       158       0  CODE        2
                bssBANK3                       000190  00005A  0001EA       190       1  BANK3       1
                text4                          000327  00048C  0007B3       64E       0  CODE        2
                cinit                          0007B3  00004D  000800       F66       0  CODE        2
                strings                        000800  000021  000821      1000       0  STRING      2
                text10                         000823  000014  000837      1046       0  CODE        2
                text30                         000837  000015  00084C      106E       0  CODE        2
                text11                         00084C  000019  000865      1098       0  CODE        2
                idataBANK2                     000865  000019  00087E      10CA       0  CODE        2
                idataBANK1                     00087E  00001A  000898      10FC       0  CODE        2
                text12                         000898  00001D  0008B5      1130       0  CODE        2
                idataBANK3                     0008B5  000028  0008DD      116A       0  CODE        2
                text22                         0008DD  00002C  000909      11BA       0  CODE        2
                text16                         000909  00002C  000935      1212       0  CODE        2
                text15                         000935  00002C  000961      126A       0  CODE        2
                text27                         000961  00002E  00098F      12C2       0  CODE        2
                text13                         00098F  000034  0009C3      131E       0  CODE        2
                text29                         0009C3  000046  000A09      1386       0  CODE        2
                text28                         000A09  000046  000A4F      1412       0  CODE        2
                text1                          000A4F  000047  000A96      149E       0  CODE        2
                text6                          000A96  00004C  000AE2      152C       0  CODE        2
                text25                         000AE2  000059  000B3B      15C4       0  CODE        2
                text17                         000B3B  00005D  000B98      1676       0  CODE        2
                text14                         000B98  00005E  000BF6      1730       0  CODE        2
                text5                          000BF6  000061  000C57      17EC       0  CODE        2
                text3                          000C57  000065  000CBC      18AE       0  CODE        2
                text26                         000CBC  00007D  000D39      1978       0  CODE        2
                text23                         000D39  0000E1  000E1A      1A72       0  CODE        2
                maintext                       000E1A  0001E6  001000      1C34       0  CODE        2
                text20                         0017AE  000007  0017B5      2F5C       0  CODE        2
                text19                         0017B5  000007  0017BC      2F6A       0  CODE        2
                text18                         0017BC  000008  0017C4      2F78       0  CODE        2
                text9                          0017C4  000008  0017CC      2F88       0  CODE        2
                clrtext                        0017CC  000008  0017D4      2F98       0  CODE        2
                text21                         0017D4  000009  0017DD      2FA8       0  CODE        2
                inittext                       0017DD  000011  0017EE      2FBA       0  CODE        2
                text8                          0017EE  000012  001800      2FDC       0  CODE        2
                config                         002007  000002  002009      400E       0  CONFIG      2


UNUSED ADDRESS RANGES

        Name                Unused          Largest block    Delta
        BANK1            00E9-00EF              7           1
        BANK2            0169-016F              7           1
        BANK3            01EA-01EF              6           1
        CODE             0003-0006              4           2
                         0821-0822              2
                         1000-17AD            7AE
                         1800-1FFF            800
        CONST            0003-0006              4           2
                         0821-0822              2
                         1000-17AD            100
                         1800-1FFF            100
        EEDATA           2100-21FF            100           2
        ENTRY            0003-0006              4           2
                         0821-0822              2
                         1000-17AD            100
                         1800-1FFF            100
        IDLOC            2000-2003              4           2
        RAM              00E9-00EF              7           1
                         0169-016F              7
                         01EA-01EF              6
        SFR0             0000-001F             20           1
        SFR1             0080-009F             20           1
        SFR2             0100-010F             10           1
        SFR3             0180-018F             10           1
        STACK            00E9-00EF              7           1
        STRCODE          0003-0006              4           2
                         0821-0822              2
                         1000-17AD            7AE
                         1800-1FFF            800
        STRING           0003-0006              4           2
                         0821-0822              2
                         1000-17AD            100
                         1800-1FFF            100

                                  Symbol Table

?___awdiv                     cstackCOMMON 0070
?___lldiv                     cstackCOMMON 0070
?_fcscheck                    cstackCOMMON 0070
?_getbit                      cstackCOMMON 0070
?_printf                      cstackCOMMON 0071
CWTX@Nprg                     cstackBANK0  005E
CWTX@Nref                     cstackBANK0  005C
CWTX@cwtx                     cstackBANK0  0060
EEPROM_Write@Address          cstackCOMMON 0079
EEPROM_Write@EEPROM_address   cstackCOMMON 0078
EEPROM_Write@data             cstackCOMMON 0074
EEPROM_Write@high_address     cstackCOMMON 0072
EEPROM_Write@low_address      cstackCOMMON 0073
FMRX@Nprg                     cstackBANK0  005E
FMRX@Nref                     cstackBANK0  005C
FMRX@fmrx                     cstackBANK0  0060
FMTX@Nprg                     cstackBANK0  005E
FMTX@Nref                     cstackBANK0  005C
FMTX@fmtx                     cstackBANK0  0060
H_OUT@fmcwtxrx                cstackCOMMON 0072
I2C_Master_Write@d            cstackCOMMON 0070
Init_I2C_M@c                  cstackBANK0  0020
L_OUT@fmcwtxrx                cstackCOMMON 0072
NM_waddress@NM_wad_header     cstackCOMMON 0073
NM_waddress@whigh_address     cstackCOMMON 0071
NM_waddress@wlow_address      cstackCOMMON 0072
OPINIT@fmcwtxrx               cstackCOMMON 0074
OUTFQ@Nprg                    cstackCOMMON 007B
OUTFQ@Nprg_b                  cstackBANK0  0030
OUTFQ@count                   cstackBANK0  0054
OUTFQ@fmcwtxrx                cstackCOMMON 0079
OUTFQ@i                       cstackBANK0  0056
OUTFQ@i_466                   cstackBANK0  0052
OUTFQ@i_468                   cstackBANK0  0058
OUTFQ@j                       cstackBANK0  005A
RFDOUT@Nref                   cstackCOMMON 007B
RFDOUT@Nref_b                 cstackBANK0  0023
RFDOUT@fmcwtxrx               cstackCOMMON 0079
RFDOUT@i                      cstackBANK0  003D
RFDOUT@i_477                  cstackBANK0  003B
RFDOUT@i_478                  cstackBANK0  003F
ReceivePacket_data@fcschecker cstackBANK0  003D
ReceivePacket_data@i          cstackBANK0  003F
STBOUT@fmcwtxrx               cstackCOMMON 0072
_ACKDT                        (abs)        048D
_ACKEN                        (abs)        048C
_ANSEL                        (abs)        0188
_ANSELH                       (abs)        0189
_BRGH                         (abs)        04C2
_CREN                         (abs)        00C4
_CWTX                         text22       08DD
_CWTX_Nprg                    dataBANK1    00C8
_CWTX_Nref                    dataBANK1    00C2
_EEPROMData                   bssBANK2     0110
_EEPROM_Write                 text17       0B3B
_FERR                         (abs)        00C2
_FMRX                         text16       0909
_FMRX_Nprg                    dataBANK3    01E0
_FMRX_Nref                    dataBANK1    00C4
_FMTX                         text15       0935
_FMTX_Nprg                    dataBANK1    00D2
_FMTX_Nref                    dataBANK1    00C6
_H_OUT                        text29       09C3
_I2C_Master_Start             text20       17AE
_I2C_Master_Stop              text19       17B5
_I2C_Master_Wait              text21       17D4
_I2C_Master_Write             text18       17BC
_INTCONbits                   (abs)        000B
_Init_I2C_M                   text13       098F
_Init_MPU                     text12       0898
_Init_SERIAL                  text11       084C
_Init_WDT                     text10       0823
_L_OUT                        text28       0A09
_NM_waddress                  text8        17EE
_OERR                         (abs)        00C1
_OPINIT                       text26       0CBC
_OUTFQ                        text24       00AC
_PEN                          (abs)        048A
_PIE1bits                     (abs)        008C
_PIR1bits                     (abs)        000C
_PORTA                        (abs)        0005
_PORTAbits                    (abs)        0005
_PORTB                        (abs)        0006
_PORTC                        (abs)        0007
_PORTCbits                    (abs)        0007
_PORTD                        (abs)        0008
_PORTDbits                    (abs)        0008
_PORTE                        (abs)        0009
_PORTEbits                    (abs)        0009
_RA1                          (abs)        0029
_RB2                          (abs)        0032
_RB4                          (abs)        0034
_RB5                          (abs)        0035
_RC2                          (abs)        003A
_RCEN                         (abs)        048B
_RCIE                         (abs)        0465
_RCIF                         (abs)        0065
_RCREG                        (abs)        001A
_RFDOUT                       text23       0D39
_RSEN                         (abs)        0489
_RX9                          (abs)        00C6
_ReceivePacket_data           text3        0C57
_Reset_EPS                    text2        0007
_SEN                          (abs)        0488
_SPBRG                        (abs)        0099
_SPEN                         (abs)        00C7
_SREN                         (abs)        00C5
_SSPADD                       (abs)        0093
_SSPBUF                       (abs)        0013
_SSPCON                       (abs)        0014
_SSPCON2                      (abs)        0091
_SSPSTAT                      (abs)        0094
_STATUS                       (abs)        0003
_STBOUT                       text27       0961
_SYNC                         (abs)        04C4
_T1CONbits                    (abs)        0010
_TMR1                         (abs)        000E
_TRISA                        (abs)        0085
_TRISB                        (abs)        0086
_TRISC                        (abs)        0087
_TRISD                        (abs)        0088
_TRISE                        (abs)        0089
_TX9                          (abs)        04C6
_TXEN                         (abs)        04C5
_TXIE                         (abs)        0464
_TXIF                         (abs)        0064
_TXREG                        (abs)        0019
__CFG_BOR4V$BOR21V            (abs)        0000
__CFG_BOREN$ON                (abs)        0000
__CFG_CP$OFF                  (abs)        0000
__CFG_CPD$OFF                 (abs)        0000
__CFG_FCMEN$OFF               (abs)        0000
__CFG_FOSC$HS                 (abs)        0000
__CFG_IESO$OFF                (abs)        0000
__CFG_LVP$OFF                 (abs)        0000
__CFG_MCLRE$ON                (abs)        0000
__CFG_PWRTE$ON                (abs)        0000
__CFG_WDTE$OFF                (abs)        0000
__CFG_WRT$OFF                 (abs)        0000
__Habs1                       abs1         0000
__Hbank0                      bank0        0000
__Hbank1                      bank1        0000
__Hbank2                      bank2        0000
__Hbank3                      bank3        0000
__HbssBANK0                   bssBANK0     0000
__HbssBANK1                   bssBANK1     0000
__HbssBANK2                   bssBANK2     0000
__HbssBANK3                   bssBANK3     0000
__Hcinit                      cinit        0800
__Hclrtext                    clrtext      0000
__Hcode                       code         0000
__Hcommon                     common       0000
__Hconfig                     config       2009
__HcstackBANK0                cstackBANK0  0000
__HcstackBANK1                cstackBANK1  0000
__HcstackCOMMON               cstackCOMMON 0000
__HdataBANK1                  dataBANK1    0000
__HdataBANK2                  dataBANK2    0000
__HdataBANK3                  dataBANK3    0000
__Heeprom_data                eeprom_data  0000
__Hend_init                   end_init     0003
__Hfunctab                    functab      0000
__HidataBANK1                 idataBANK1   0000
__HidataBANK2                 idataBANK2   0000
__HidataBANK3                 idataBANK3   0000
__Hidloc                      idloc        0000
__Hinit                       init         0000
__Hinittext                   inittext     0000
__Hintentry                   intentry     0000
__Hmaintext                   maintext     0000
__Hpowerup                    powerup      0000
__Hram                        ram          0000
__Hreset_vec                  reset_vec    0000
__Hsfr0                       sfr0         0000
__Hsfr1                       sfr1         0000
__Hsfr2                       sfr2         0000
__Hsfr3                       sfr3         0000
__Hspace_0                    (abs)        2009
__Hspace_1                    (abs)        01EA
__Hspace_2                    (abs)        0000
__Hspace_3                    (abs)        0000
__Hstack                      stack        0000
__Hstrings                    strings      0000
__Htext                       text         0000
__Labs1                       abs1         0000
__Lbank0                      bank0        0000
__Lbank1                      bank1        0000
__Lbank2                      bank2        0000
__Lbank3                      bank3        0000
__LbssBANK0                   bssBANK0     0000
__LbssBANK1                   bssBANK1     0000
__LbssBANK2                   bssBANK2     0000
__LbssBANK3                   bssBANK3     0000
__Lcinit                      cinit        07B3
__Lclrtext                    clrtext      0000
__Lcode                       code         0000
__Lcommon                     common       0000
__Lconfig                     config       2007
__LcstackBANK0                cstackBANK0  0000
__LcstackBANK1                cstackBANK1  0000
__LcstackCOMMON               cstackCOMMON 0000
__LdataBANK1                  dataBANK1    0000
__LdataBANK2                  dataBANK2    0000
__LdataBANK3                  dataBANK3    0000
__Leeprom_data                eeprom_data  0000
__Lend_init                   end_init     0000
__Lfunctab                    functab      0000
__LidataBANK1                 idataBANK1   0000
__LidataBANK2                 idataBANK2   0000
__LidataBANK3                 idataBANK3   0000
__Lidloc                      idloc        0000
__Linit                       init         0000
__Linittext                   inittext     0000
__Lintentry                   intentry     0000
__Lmaintext                   maintext     0000
__Lpowerup                    powerup      0000
__Lram                        ram          0000
__Lreset_vec                  reset_vec    0000
__Lsfr0                       sfr0         0000
__Lsfr1                       sfr1         0000
__Lsfr2                       sfr2         0000
__Lsfr3                       sfr3         0000
__Lspace_0                    (abs)        0000
__Lspace_1                    (abs)        0000
__Lspace_2                    (abs)        0000
__Lspace_3                    (abs)        0000
__Lstack                      stack        0000
__Lstrings                    strings      0000
__Ltext                       text         0000
__NOP                         text30       0837
__NOP@i                       cstackCOMMON 0070
__S0                          (abs)        2009
__S1                          (abs)        01EA
__S2                          (abs)        0000
__S3                          (abs)        0000
___awdiv                      text25       0AE2
___awdiv@counter              cstackCOMMON 0075
___awdiv@dividend             cstackCOMMON 0072
___awdiv@divisor              cstackCOMMON 0070
___awdiv@quotient             cstackCOMMON 0077
___awdiv@sign                 cstackCOMMON 0076
___int_sp                     stack        0000
___latbits                    (abs)        0002
___lldiv                      text14       0B98
___lldiv@counter              cstackCOMMON 007D
___lldiv@dividend             cstackCOMMON 0074
___lldiv@divisor              cstackCOMMON 0070
___lldiv@quotient             cstackCOMMON 0079
___sp                         stack        0000
__end_of_CWTX                 text22       0909
__end_of_EEPROM_Write         text17       0B98
__end_of_FMRX                 text16       0935
__end_of_FMTX                 text15       0961
__end_of_H_OUT                text29       0A09
__end_of_I2C_Master_Start     text20       17B5
__end_of_I2C_Master_Stop      text19       17BC
__end_of_I2C_Master_Wait      text21       17DD
__end_of_I2C_Master_Write     text18       17C4
__end_of_Init_I2C_M           text13       09C3
__end_of_Init_MPU             text12       08B5
__end_of_Init_SERIAL          text11       0865
__end_of_Init_WDT             text10       0837
__end_of_L_OUT                text28       0A4F
__end_of_NM_waddress          text8        1800
__end_of_OPINIT               text26       0D39
__end_of_OUTFQ                text24       0327
__end_of_RFDOUT               text23       0E1A
__end_of_ReceivePacket_data   text3        0CBC
__end_of_Reset_EPS            text2        002A
__end_of_STBOUT               text27       098F
__end_of__NOP                 text30       084C
__end_of___awdiv              text25       0B3B
__end_of___lldiv              text14       0BF6
__end_of__initialization      cinit        07FC
__end_of__stringtab           strings      0806
__end_of_commandSize          strings      0808
__end_of_fcscheck             text7        00AC
__end_of_getbit               text6        0AE2
__end_of_getdata              text5        0C57
__end_of_main                 maintext     1000
__end_of_printf               text1        0A96
__end_of_putch                text9        17CC
__end_of_waitFlag             text4        07B3
__initialization              cinit        07B3
__pbssBANK0                   bssBANK0     0066
__pbssBANK1                   bssBANK1     00DC
__pbssBANK2                   bssBANK2     0110
__pbssBANK3                   bssBANK3     0190
__pcstackBANK0                cstackBANK0  0020
__pcstackBANK1                cstackBANK1  00A0
__pcstackCOMMON               cstackCOMMON 0070
__pdataBANK1                  dataBANK1    00C2
__pdataBANK2                  dataBANK2    0150
__pdataBANK3                  dataBANK3    01C2
__pidataBANK1                 idataBANK1   087E
__pidataBANK2                 idataBANK2   0865
__pidataBANK3                 idataBANK3   08B5
__pmaintext                   maintext     0E1A
__pstrings                    strings      0800
__ptext1                      text1        0A4F
__ptext10                     text10       0823
__ptext11                     text11       084C
__ptext12                     text12       0898
__ptext13                     text13       098F
__ptext14                     text14       0B98
__ptext15                     text15       0935
__ptext16                     text16       0909
__ptext17                     text17       0B3B
__ptext18                     text18       17BC
__ptext19                     text19       17B5
__ptext2                      text2        0007
__ptext20                     text20       17AE
__ptext21                     text21       17D4
__ptext22                     text22       08DD
__ptext23                     text23       0D39
__ptext24                     text24       00AC
__ptext25                     text25       0AE2
__ptext26                     text26       0CBC
__ptext27                     text27       0961
__ptext28                     text28       0A09
__ptext29                     text29       09C3
__ptext3                      text3        0C57
__ptext30                     text30       0837
__ptext4                      text4        0327
__ptext5                      text5        0BF6
__ptext6                      text6        0A96
__ptext7                      text7        002A
__ptext8                      text8        17EE
__ptext9                      text9        17C4
__size_of_CWTX                (abs)        0000
__size_of_EEPROM_Write        (abs)        0000
__size_of_FMRX                (abs)        0000
__size_of_FMTX                (abs)        0000
__size_of_H_OUT               (abs)        0000
__size_of_I2C_Master_Start    (abs)        0000
__size_of_I2C_Master_Stop     (abs)        0000
__size_of_I2C_Master_Wait     (abs)        0000
__size_of_I2C_Master_Write    (abs)        0000
__size_of_Init_I2C_M          (abs)        0000
__size_of_Init_MPU            (abs)        0000
__size_of_Init_SERIAL         (abs)        0000
__size_of_Init_WDT            (abs)        0000
__size_of_L_OUT               (abs)        0000
__size_of_NM_waddress         (abs)        0000
__size_of_OPINIT              (abs)        0000
__size_of_OUTFQ               (abs)        0000
__size_of_RFDOUT              (abs)        0000
__size_of_ReceivePacket_data  (abs)        0000
__size_of_Reset_EPS           (abs)        0000
__size_of_STBOUT              (abs)        0000
__size_of__NOP                (abs)        0000
__size_of___awdiv             (abs)        0000
__size_of___lldiv             (abs)        0000
__size_of_fcscheck            (abs)        0000
__size_of_getbit              (abs)        0000
__size_of_getdata             (abs)        0000
__size_of_main                (abs)        0000
__size_of_printf              (abs)        0000
__size_of_putch               (abs)        0000
__size_of_waitFlag            (abs)        0000
__stringbase                  strings      0805
__stringtab                   strings      0800
_commandSize                  strings      0806
_dData                        bssBANK2     0130
_dPacket                      bssBANK3     0190
_dPacketnum                   bssBANK0     0066
_dfcshi                       bssBANK0     006C
_dfcslo                       bssBANK0     006D
_eDataField                   dataBANK2    0150
_ePacket                      bssBANK1     00DC
_ebitstatus                   bssBANK1     00E1
_efcsflag                     bssBANK1     00E3
_efcshi                       bssBANK0     006E
_efcslo                       bssBANK0     006F
_eflag                        bssBANK0     0068
_estuff                       bssBANK1     00E5
_fcscheck                     text7        002A
_getbit                       text6        0A96
_getdata                      text5        0BF6
_main                         maintext     0E1A
_printf                       text1        0A4F
_putch                        text9        17C4
_rcv_state                    bssBANK0     006A
_waitFlag                     text4        0327
btemp                         (abs)        007E
clear_ram0                    clrtext      17CC
end_of_initialization         cinit        07FC
fcscheck@bt                   cstackCOMMON 0074
fcscheck@byte                 cstackCOMMON 0079
fcscheck@i                    cstackCOMMON 0075
fcscheck@i_142                cstackCOMMON 0077
getbit@i                      cstackCOMMON 0074
getbit@oldbit                 bssBANK1     00E7
getdata@buf                   cstackBANK0  0026
getdata@bufstore_counter      cstackBANK0  0020
getdata@dbitstatus            cstackBANK0  0024
getdata@dstuff                cstackBANK0  0022
init_fetch0                   inittext     17DD
init_ram0                     inittext     17E1
intlevel0                     functab      0000
intlevel1                     functab      0000
intlevel2                     functab      0000
intlevel3                     functab      0000
intlevel4                     functab      0000
intlevel5                     functab      0000
ltemp                         (abs)        007E
ltemp0                        (abs)        007E
ltemp1                        (abs)        0082
ltemp2                        (abs)        0086
ltemp3                        (abs)        0080
main@CWTX_Nprg                cstackBANK1  00AA
main@F2007                    dataBANK3    01C2
main@F2009                    dataBANK3    01CC
main@F2011                    dataBANK3    01D6
main@FMRX_Nprg                cstackBANK1  00B4
main@FMTX_Nprg                cstackBANK1  00A0
main@NM_wad_header            cstackBANK1  00BE
main@dData                    cstackBANK1  00C1
main@i                        cstackBANK1  00BF
printf@ap                     cstackCOMMON 0075
printf@c                      cstackCOMMON 0077
printf@f                      cstackCOMMON 0076
printf@flag                   cstackCOMMON 0074
putch@byte                    cstackCOMMON 0070
reset_vec                     reset_vec    0000
stackhi                       (abs)        0000
stacklo                       (abs)        0000
start                         init         0000
start_initialization          cinit        07B3
ttemp                         (abs)        007E
ttemp0                        (abs)        007E
ttemp1                        (abs)        0081
ttemp2                        (abs)        0084
ttemp3                        (abs)        0087
ttemp4                        (abs)        007F
waitFlag@buf                  cstackBANK0  003C
waitFlag@flag_judge           cstackBANK0  003A
waitFlag@i                    cstackBANK0  0020
waitFlag@j                    cstackBANK0  0022
waitFlag@j_111                cstackBANK0  0024
waitFlag@j_113                cstackBANK0  0026
waitFlag@j_115                cstackBANK0  0028
waitFlag@j_117                cstackBANK0  002A
waitFlag@j_119                cstackBANK0  002C
waitFlag@j_120                cstackBANK0  002E
waitFlag@j_122                cstackBANK0  0030
waitFlag@j_124                cstackBANK0  0032
waitFlag@j_126                cstackBANK0  0034
waitFlag@j_128                cstackBANK0  0036
waitFlag@j_130                cstackBANK0  0038
wtemp                         (abs)        007E
wtemp0                        (abs)        007E
wtemp1                        (abs)        0080
wtemp2                        (abs)        0082
wtemp3                        (abs)        0084
wtemp4                        (abs)        0086
wtemp5                        (abs)        0088
wtemp6                        (abs)        007F


FUNCTION INFORMATION:

 *************** function _main *****************
 Defined at:
		line 38 in file "main.c"
 Parameters:    Size  Location     Type
		None
 Auto vars:     Size  Location     Type
  FMRX_Nprg      10   20[BANK1 ] int [5]
  CWTX_Nprg      10   10[BANK1 ] int [5]
  FMTX_Nprg      10    0[BANK1 ] int [5]
  NM_wad_heade    1   30[BANK1 ] unsigned char 
  i               2   31[BANK1 ] unsigned int 
  dData           1   33[BANK1 ] PTR unsigned char 
		 -> NULL(0), dData(32), 
 Return value:  Size  Location     Type
                  1    wreg      void 
 Registers used:
		wreg, fsr0l, fsr0h, status,2, status,0, btemp+1, pclath, cstack
 Tracked objects:
		On entry : 
		On exit  : 
		Unchanged: 
 Data sizes:     COMMON   BANK0   BANK1   BANK3   BANK2
      Params:         0       0       0       0       0
      Locals:         0       0      34       0       0
      Temps:          0       4       0       0       0
      Totals:         0       4      34       0       0
Total ram usage:       38 bytes
 Hardware stack levels required when called:    4
 This function calls:
		_CWTX
		_EEPROM_Write
		_FMRX
		_FMTX
		_Init_I2C_M
		_Init_MPU
		_Init_SERIAL
		_Init_WDT
		_NM_waddress
		_ReceivePacket_data
		_Reset_EPS
		_printf
 This function is called by:
		Startup code after reset
 This function uses a non-reentrant model


 *************** function _printf *****************
 Defined at:
		line 464 in file "C:\Program Files (x86)\Microchip\xc8\v1.38\sources\common\doprnt.c"
 Parameters:    Size  Location     Type
  f               1    wreg     PTR const unsigned char 
		 -> STR_16(3), STR_15(8), 
 Auto vars:     Size  Location     Type
  f               1    6[COMMON] PTR const unsigned char 
		 -> STR_16(3), STR_15(8), 
  tmpval          4    0        struct .
  cp              2    0        PTR const unsigned char 
  len             2    0        unsigned int 
  val             2    0        unsigned int 
  c               1    7[COMMON] char 
  ap              1    5[COMMON] PTR void [1]
		 -> ?_printf(2), 
  flag            1    4[COMMON] unsigned char 
  prec            1    0        char 
 Return value:  Size  Location     Type
                  2    1[COMMON] int 
 Registers used:
		wreg, fsr0l, fsr0h, status,2, status,0, pclath, cstack
 Tracked objects:
		On entry : 
		On exit  : 
		Unchanged: 
 Data sizes:     COMMON   BANK0   BANK1   BANK3   BANK2
      Params:         2       0       0       0       0
      Locals:         4       0       0       0       0
      Temps:          1       0       0       0       0
      Totals:         7       0       0       0       0
Total ram usage:        7 bytes
 Hardware stack levels used:    1
 Hardware stack levels required when called:    1
 This function calls:
		_putch
 This function is called by:
		_main
 This function uses a non-reentrant model


 *************** function _Reset_EPS *****************
 Defined at:
		line 19 in file "EPS.c"
 Parameters:    Size  Location     Type
		None
 Auto vars:     Size  Location     Type
		None
 Return value:  Size  Location     Type
                  1    wreg      void 
 Registers used:
		wreg
 Tracked objects:
		On entry : 
		On exit  : 
		Unchanged: 
 Data sizes:     COMMON   BANK0   BANK1   BANK3   BANK2
      Params:         0       0       0       0       0
      Locals:         0       0       0       0       0
      Temps:          3       0       0       0       0
      Totals:         3       0       0       0       0
Total ram usage:        3 bytes
 Hardware stack levels used:    1
 This function calls:
		Nothing
 This function is called by:
		_main
 This function uses a non-reentrant model


 *************** function _ReceivePacket_data *****************
 Defined at:
		line 359 in file "decode_AX25.c"
 Parameters:    Size  Location     Type
		None
 Auto vars:     Size  Location     Type
  i               2   31[BANK0 ] unsigned int 
  fcschecker      2   29[BANK0 ] unsigned int 
 Return value:  Size  Location     Type
                  1    wreg      PTR unsigned char 
 Registers used:
		wreg, fsr0l, fsr0h, status,2, status,0, btemp+1, pclath, cstack
 Tracked objects:
		On entry : 
		On exit  : 
		Unchanged: 
 Data sizes:     COMMON   BANK0   BANK1   BANK3   BANK2
      Params:         0       0       0       0       0
      Locals:         0       4       0       0       0
      Temps:          2       0       0       0       0
      Totals:         2       4       0       0       0
Total ram usage:        6 bytes
 Hardware stack levels used:    1
 Hardware stack levels required when called:    2
 This function calls:
		_fcscheck
		_getdata
		_waitFlag
 This function is called by:
		_main
 This function uses a non-reentrant model


 *************** function _waitFlag *****************
 Defined at:
		line 54 in file "decode_AX25.c"
 Parameters:    Size  Location     Type
		None
 Auto vars:     Size  Location     Type
  j               2   24[BANK0 ] unsigned int 
  j               2   10[BANK0 ] unsigned int 
  j               2   22[BANK0 ] unsigned int 
  j               2    8[BANK0 ] unsigned int 
  j               2   20[BANK0 ] unsigned int 
  j               2    6[BANK0 ] unsigned int 
  j               2   18[BANK0 ] unsigned int 
  j               2    4[BANK0 ] unsigned int 
  j               2   16[BANK0 ] unsigned int 
  j               2    2[BANK0 ] unsigned int 
  i               2    0[BANK0 ] unsigned int 
  j               2   14[BANK0 ] unsigned int 
  j               2   12[BANK0 ] unsigned int 
  flag_judge      2   26[BANK0 ] unsigned int 
  buf             1   28[BANK0 ] unsigned char 
 Return value:  Size  Location     Type
                  1    wreg      void 
 Registers used:
		wreg, fsr0l, fsr0h, status,2, status,0, pclath, cstack
 Tracked objects:
		On entry : 
		On exit  : 
		Unchanged: 
 Data sizes:     COMMON   BANK0   BANK1   BANK3   BANK2
      Params:         0       0       0       0       0
      Locals:         0      29       0       0       0
      Temps:          4       0       0       0       0
      Totals:         4      29       0       0       0
Total ram usage:       33 bytes
 Hardware stack levels used:    1
 Hardware stack levels required when called:    1
 This function calls:
		_getbit
 This function is called by:
		_ReceivePacket_data
		_ReceivePacket
 This function uses a non-reentrant model


 *************** function _getdata *****************
 Defined at:
		line 278 in file "decode_AX25.c"
 Parameters:    Size  Location     Type
		None
 Auto vars:     Size  Location     Type
  dbitstatus      2    4[BANK0 ] unsigned int 
  dstuff          2    2[BANK0 ] unsigned int 
  bufstore_cou    2    0[BANK0 ] unsigned int 
  buf             1    6[BANK0 ] unsigned char 
  dammy_data      1    0        unsigned char 
 Return value:  Size  Location     Type
                  1    wreg      void 
 Registers used:
		wreg, fsr0l, fsr0h, status,2, status,0, pclath, cstack
 Tracked objects:
		On entry : 
		On exit  : 
		Unchanged: 
 Data sizes:     COMMON   BANK0   BANK1   BANK3   BANK2
      Params:         0       0       0       0       0
      Locals:         0       7       0       0       0
      Temps:          2       0       0       0       0
      Totals:         2       7       0       0       0
Total ram usage:        9 bytes
 Hardware stack levels used:    1
 Hardware stack levels required when called:    1
 This function calls:
		_getbit
 This function is called by:
		_ReceivePacket_data
		_ReceivePacket
 This function uses a non-reentrant model


 *************** function _getbit *****************
 Defined at:
		line 40 in file "decode_AX25.c"
 Parameters:    Size  Location     Type
		None
 Auto vars:     Size  Location     Type
  i               2    4[COMMON] unsigned int 
 Return value:  Size  Location     Type
                  2    0[COMMON] unsigned int 
 Registers used:
		wreg, status,2, status,0
 Tracked objects:
		On entry : 
		On exit  : 
		Unchanged: 
 Data sizes:     COMMON   BANK0   BANK1   BANK3   BANK2
      Params:         2       0       0       0       0
      Locals:         2       0       0       0       0
      Temps:          2       0       0       0       0
      Totals:         6       0       0       0       0
Total ram usage:        6 bytes
 Hardware stack levels used:    1
 This function calls:
		Nothing
 This function is called by:
		_waitFlag
		_getdata
		_conv_DI_UARTRX
 This function uses a non-reentrant model


 *************** function _fcscheck *****************
 Defined at:
		line 313 in file "decode_AX25.c"
 Parameters:    Size  Location     Type
		None
 Auto vars:     Size  Location     Type
  i               2    7[COMMON] unsigned int 
  i               2    5[COMMON] unsigned int 
  byte            1    9[COMMON] unsigned char 
  bt              1    4[COMMON] unsigned char 
 Return value:  Size  Location     Type
                  2    0[COMMON] unsigned int 
 Registers used:
		wreg, fsr0l, fsr0h, status,2, status,0
 Tracked objects:
		On entry : 
		On exit  : 
		Unchanged: 
 Data sizes:     COMMON   BANK0   BANK1   BANK3   BANK2
      Params:         2       0       0       0       0
      Locals:         6       0       0       0       0
      Temps:          2       0       0       0       0
      Totals:        10       0       0       0       0
Total ram usage:       10 bytes
 Hardware stack levels used:    1
 This function calls:
		Nothing
 This function is called by:
		_ReceivePacket_data
		_ReceivePacket
 This function uses a non-reentrant model


 *************** function _NM_waddress *****************
 Defined at:
		line 71 in file "UART.c"
 Parameters:    Size  Location     Type
  NM_wad_heade    1    wreg     unsigned char 
  whigh_addres    1    1[COMMON] unsigned char 
  wlow_address    1    2[COMMON] unsigned char 
 Auto vars:     Size  Location     Type
  NM_wad_heade    1    3[COMMON] unsigned char 
 Return value:  Size  Location     Type
                  1    wreg      void 
 Registers used:
		wreg, status,2, status,0, pclath, cstack
 Tracked objects:
		On entry : 
		On exit  : 
		Unchanged: 
 Data sizes:     COMMON   BANK0   BANK1   BANK3   BANK2
      Params:         2       0       0       0       0
      Locals:         1       0       0       0       0
      Temps:          0       0       0       0       0
      Totals:         3       0       0       0       0
Total ram usage:        3 bytes
 Hardware stack levels used:    1
 Hardware stack levels required when called:    1
 This function calls:
		_putch
 This function is called by:
		_main
 This function uses a non-reentrant model


 *************** function _putch *****************
 Defined at:
		line 38 in file "UART.c"
 Parameters:    Size  Location     Type
  byte            1    wreg     unsigned char 
 Auto vars:     Size  Location     Type
  byte            1    0[COMMON] unsigned char 
 Return value:  Size  Location     Type
                  1    wreg      void 
 Registers used:
		wreg
 Tracked objects:
		On entry : 
		On exit  : 
		Unchanged: 
 Data sizes:     COMMON   BANK0   BANK1   BANK3   BANK2
      Params:         0       0       0       0       0
      Locals:         1       0       0       0       0
      Temps:          0       0       0       0       0
      Totals:         1       0       0       0       0
Total ram usage:        1 bytes
 Hardware stack levels used:    1
 This function calls:
		Nothing
 This function is called by:
		_NM_waddress
		_printf
		_putstr
		_putcrlf
		_put_error
		_put_ok
		_putAX25
		_conv_DI_UARTRX
		_test_Packetmaker
		_EEPROM_Read
 This function uses a non-reentrant model


 *************** function _Init_WDT *****************
 Defined at:
		line 5 in file "WDT.c"
 Parameters:    Size  Location     Type
		None
 Auto vars:     Size  Location     Type
		None
 Return value:  Size  Location     Type
                  2  400[None  ] int 
 Registers used:
		wreg, status,2, status,0
 Tracked objects:
		On entry : 
		On exit  : 
		Unchanged: 
 Data sizes:     COMMON   BANK0   BANK1   BANK3   BANK2
      Params:         0       0       0       0       0
      Locals:         0       0       0       0       0
      Temps:          0       0       0       0       0
      Totals:         0       0       0       0       0
Total ram usage:        0 bytes
 Hardware stack levels used:    1
 This function calls:
		Nothing
 This function is called by:
		_main
 This function uses a non-reentrant model


 *************** function _Init_SERIAL *****************
 Defined at:
		line 5 in file "UART.c"
 Parameters:    Size  Location     Type
		None
 Auto vars:     Size  Location     Type
		None
 Return value:  Size  Location     Type
                  1    wreg      void 
 Registers used:
		wreg
 Tracked objects:
		On entry : 
		On exit  : 
		Unchanged: 
 Data sizes:     COMMON   BANK0   BANK1   BANK3   BANK2
      Params:         0       0       0       0       0
      Locals:         0       0       0       0       0
      Temps:          0       0       0       0       0
      Totals:         0       0       0       0       0
Total ram usage:        0 bytes
 Hardware stack levels used:    1
 This function calls:
		Nothing
 This function is called by:
		_main
 This function uses a non-reentrant model


 *************** function _Init_MPU *****************
 Defined at:
		line 8 in file "Init_MPU.c"
 Parameters:    Size  Location     Type
		None
 Auto vars:     Size  Location     Type
		None
 Return value:  Size  Location     Type
                  1    wreg      void 
 Registers used:
		wreg, status,2
 Tracked objects:
		On entry : 
		On exit  : 
		Unchanged: 
 Data sizes:     COMMON   BANK0   BANK1   BANK3   BANK2
      Params:         0       0       0       0       0
      Locals:         0       0       0       0       0
      Temps:          0       0       0       0       0
      Totals:         0       0       0       0       0
Total ram usage:        0 bytes
 Hardware stack levels used:    1
 This function calls:
		Nothing
 This function is called by:
		_main
 This function uses a non-reentrant model


 *************** function _Init_I2C_M *****************
 Defined at:
		line 8 in file "I2C.c"
 Parameters:    Size  Location     Type
  c               4    0[BANK0 ] const unsigned long 
 Auto vars:     Size  Location     Type
		None
 Return value:  Size  Location     Type
                  1    wreg      void 
 Registers used:
		wreg, status,2, status,0, pclath, cstack
 Tracked objects:
		On entry : 
		On exit  : 
		Unchanged: 
 Data sizes:     COMMON   BANK0   BANK1   BANK3   BANK2
      Params:         0       4       0       0       0
      Locals:         0       0       0       0       0
      Temps:          0       4       0       0       0
      Totals:         0       8       0       0       0
Total ram usage:        8 bytes
 Hardware stack levels used:    1
 Hardware stack levels required when called:    1
 This function calls:
		___lldiv
 This function is called by:
		_main
 This function uses a non-reentrant model


 *************** function ___lldiv *****************
 Defined at:
		line 6 in file "C:\Program Files (x86)\Microchip\xc8\v1.38\sources\common\lldiv.c"
 Parameters:    Size  Location     Type
  divisor         4    0[COMMON] unsigned long 
  dividend        4    4[COMMON] unsigned long 
 Auto vars:     Size  Location     Type
  quotient        4    9[COMMON] unsigned long 
  counter         1   13[COMMON] unsigned char 
 Return value:  Size  Location     Type
                  4    0[COMMON] unsigned long 
 Registers used:
		wreg, status,2, status,0
 Tracked objects:
		On entry : 
		On exit  : 
		Unchanged: 
 Data sizes:     COMMON   BANK0   BANK1   BANK3   BANK2
      Params:         8       0       0       0       0
      Locals:         5       0       0       0       0
      Temps:          1       0       0       0       0
      Totals:        14       0       0       0       0
Total ram usage:       14 bytes
 Hardware stack levels used:    1
 This function calls:
		Nothing
 This function is called by:
		_Init_I2C_M
 This function uses a non-reentrant model


 *************** function _FMTX *****************
 Defined at:
		line 270 in file "FMCW.c"
 Parameters:    Size  Location     Type
  Nref            2   60[BANK0 ] int 
  Nprg            2   62[BANK0 ] PTR int 
		 -> RAM(512), main@FMTX_Nprg(10), FMTX_Nprg(10), 
 Auto vars:     Size  Location     Type
  fmtx            2   64[BANK0 ] int 
 Return value:  Size  Location     Type
                  1    wreg      void 
 Registers used:
		wreg, fsr0l, fsr0h, status,2, status,0, btemp+1, pclath, cstack
 Tracked objects:
		On entry : 
		On exit  : 
		Unchanged: 
 Data sizes:     COMMON   BANK0   BANK1   BANK3   BANK2
      Params:         0       4       0       0       0
      Locals:         0       2       0       0       0
      Temps:          0       0       0       0       0
      Totals:         0       6       0       0       0
Total ram usage:        6 bytes
 Hardware stack levels used:    1
 Hardware stack levels required when called:    3
 This function calls:
		_OPINIT
		_OUTFQ
		_RFDOUT
 This function is called by:
		_main
		_SetPLL
 This function uses a non-reentrant model


 *************** function _FMRX *****************
 Defined at:
		line 298 in file "FMCW.c"
 Parameters:    Size  Location     Type
  Nref            2   60[BANK0 ] int 
  Nprg            2   62[BANK0 ] PTR int 
		 -> RAM(512), main@FMRX_Nprg(10), FMRX_Nprg(10), 
 Auto vars:     Size  Location     Type
  fmrx            2   64[BANK0 ] int 
 Return value:  Size  Location     Type
                  1    wreg      void 
 Registers used:
		wreg, fsr0l, fsr0h, status,2, status,0, btemp+1, pclath, cstack
 Tracked objects:
		On entry : 
		On exit  : 
		Unchanged: 
 Data sizes:     COMMON   BANK0   BANK1   BANK3   BANK2
      Params:         0       4       0       0       0
      Locals:         0       2       0       0       0
      Temps:          0       0       0       0       0
      Totals:         0       6       0       0       0
Total ram usage:        6 bytes
 Hardware stack levels used:    1
 Hardware stack levels required when called:    3
 This function calls:
		_OPINIT
		_OUTFQ
		_RFDOUT
 This function is called by:
		_main
		_SetPLL
 This function uses a non-reentrant model


 *************** function _EEPROM_Write *****************
 Defined at:
		line 51 in file "I2C.c"
 Parameters:    Size  Location     Type
  EEPROM_addre    1    wreg     unsigned char 
  high_address    1    2[COMMON] unsigned char 
  low_address     1    3[COMMON] unsigned char 
  data            1    4[COMMON] PTR unsigned char 
		 -> NULL(0), dData(32), 
 Auto vars:     Size  Location     Type
  EEPROM_addre    1    8[COMMON] unsigned char 
  Address         1    9[COMMON] unsigned char 
 Return value:  Size  Location     Type
                  1    wreg      void 
 Registers used:
		wreg, fsr0l, fsr0h, status,2, status,0, pclath, cstack
 Tracked objects:
		On entry : 
		On exit  : 
		Unchanged: 
 Data sizes:     COMMON   BANK0   BANK1   BANK3   BANK2
      Params:         3       0       0       0       0
      Locals:         2       0       0       0       0
      Temps:          3       0       0       0       0
      Totals:         8       0       0       0       0
Total ram usage:        8 bytes
 Hardware stack levels used:    1
 Hardware stack levels required when called:    2
 This function calls:
		_I2C_Master_Start
		_I2C_Master_Stop
		_I2C_Master_Write
 This function is called by:
		_main
 This function uses a non-reentrant model


 *************** function _I2C_Master_Write *****************
 Defined at:
		line 34 in file "I2C.c"
 Parameters:    Size  Location     Type
  d               2    0[COMMON] unsigned int 
 Auto vars:     Size  Location     Type
		None
 Return value:  Size  Location     Type
                  1    wreg      void 
 Registers used:
		wreg, status,2, status,0, pclath, cstack
 Tracked objects:
		On entry : 
		On exit  : 
		Unchanged: 
 Data sizes:     COMMON   BANK0   BANK1   BANK3   BANK2
      Params:         2       0       0       0       0
      Locals:         0       0       0       0       0
      Temps:          0       0       0       0       0
      Totals:         2       0       0       0       0
Total ram usage:        2 bytes
 Hardware stack levels used:    1
 Hardware stack levels required when called:    1
 This function calls:
		_I2C_Master_Wait
 This function is called by:
		_EEPROM_Write
		_EEPROM_Read
 This function uses a non-reentrant model


 *************** function _I2C_Master_Stop *****************
 Defined at:
		line 29 in file "I2C.c"
 Parameters:    Size  Location     Type
		None
 Auto vars:     Size  Location     Type
		None
 Return value:  Size  Location     Type
                  1    wreg      void 
 Registers used:
		wreg, status,2, status,0, pclath, cstack
 Tracked objects:
		On entry : 
		On exit  : 
		Unchanged: 
 Data sizes:     COMMON   BANK0   BANK1   BANK3   BANK2
      Params:         0       0       0       0       0
      Locals:         0       0       0       0       0
      Temps:          0       0       0       0       0
      Totals:         0       0       0       0       0
Total ram usage:        0 bytes
 Hardware stack levels used:    1
 Hardware stack levels required when called:    1
 This function calls:
		_I2C_Master_Wait
 This function is called by:
		_EEPROM_Write
		_EEPROM_Read
 This function uses a non-reentrant model


 *************** function _I2C_Master_Start *****************
 Defined at:
		line 19 in file "I2C.c"
 Parameters:    Size  Location     Type
		None
 Auto vars:     Size  Location     Type
		None
 Return value:  Size  Location     Type
                  1    wreg      void 
 Registers used:
		wreg, status,2, status,0, pclath, cstack
 Tracked objects:
		On entry : 
		On exit  : 
		Unchanged: 
 Data sizes:     COMMON   BANK0   BANK1   BANK3   BANK2
      Params:         0       0       0       0       0
      Locals:         0       0       0       0       0
      Temps:          0       0       0       0       0
      Totals:         0       0       0       0       0
Total ram usage:        0 bytes
 Hardware stack levels used:    1
 Hardware stack levels required when called:    1
 This function calls:
		_I2C_Master_Wait
 This function is called by:
		_EEPROM_Write
		_EEPROM_Read
 This function uses a non-reentrant model


 *************** function _I2C_Master_Wait *****************
 Defined at:
		line 15 in file "I2C.c"
 Parameters:    Size  Location     Type
		None
 Auto vars:     Size  Location     Type
		None
 Return value:  Size  Location     Type
                  1    wreg      void 
 Registers used:
		wreg, status,2
 Tracked objects:
		On entry : 
		On exit  : 
		Unchanged: 
 Data sizes:     COMMON   BANK0   BANK1   BANK3   BANK2
      Params:         0       0       0       0       0
      Locals:         0       0       0       0       0
      Temps:          0       0       0       0       0
      Totals:         0       0       0       0       0
Total ram usage:        0 bytes
 Hardware stack levels used:    1
 This function calls:
		Nothing
 This function is called by:
		_I2C_Master_Start
		_I2C_Master_Stop
		_I2C_Master_Write
		_I2C_Master_RepeatedStart
		_I2C_Master_Read
 This function uses a non-reentrant model


 *************** function _CWTX *****************
 Defined at:
		line 284 in file "FMCW.c"
 Parameters:    Size  Location     Type
  Nref            2   60[BANK0 ] int 
  Nprg            2   62[BANK0 ] PTR int 
		 -> RAM(512), main@CWTX_Nprg(10), CWTX_Nprg(10), 
 Auto vars:     Size  Location     Type
  cwtx            2   64[BANK0 ] int 
 Return value:  Size  Location     Type
                  1    wreg      void 
 Registers used:
		wreg, fsr0l, fsr0h, status,2, status,0, btemp+1, pclath, cstack
 Tracked objects:
		On entry : 
		On exit  : 
		Unchanged: 
 Data sizes:     COMMON   BANK0   BANK1   BANK3   BANK2
      Params:         0       4       0       0       0
      Locals:         0       2       0       0       0
      Temps:          0       0       0       0       0
      Totals:         0       6       0       0       0
Total ram usage:        6 bytes
 Hardware stack levels used:    1
 Hardware stack levels required when called:    3
 This function calls:
		_OPINIT
		_OUTFQ
		_RFDOUT
 This function is called by:
		_main
		_SetPLL
 This function uses a non-reentrant model


 *************** function _RFDOUT *****************
 Defined at:
		line 200 in file "FMCW.c"
 Parameters:    Size  Location     Type
  fmcwtxrx        2    9[COMMON] int 
  Nref            2   11[COMMON] int 
 Auto vars:     Size  Location     Type
  i               2   31[BANK0 ] int 
  i               2   27[BANK0 ] int 
  i               2   29[BANK0 ] int 
  Nref_b         24    3[BANK0 ] int [12]
 Return value:  Size  Location     Type
                  1    wreg      void 
 Registers used:
		wreg, fsr0l, fsr0h, status,2, status,0, btemp+1, pclath, cstack
 Tracked objects:
		On entry : 
		On exit  : 
		Unchanged: 
 Data sizes:     COMMON   BANK0   BANK1   BANK3   BANK2
      Params:         4       0       0       0       0
      Locals:         0      30       0       0       0
      Temps:          0       3       0       0       0
      Totals:         4      33       0       0       0
Total ram usage:       37 bytes
 Hardware stack levels used:    1
 Hardware stack levels required when called:    2
 This function calls:
		_H_OUT
		_L_OUT
		_STBOUT
		___awdiv
 This function is called by:
		_FMTX
		_CWTX
		_FMRX
 This function uses a non-reentrant model


 *************** function _OUTFQ *****************
 Defined at:
		line 136 in file "FMCW.c"
 Parameters:    Size  Location     Type
  fmcwtxrx        2    9[COMMON] int 
  Nprg            2   11[COMMON] PTR int 
		 -> RAM(512), main@FMRX_Nprg(10), main@CWTX_Nprg(10), main@FMTX_Nprg(10), 
		 -> FMRX_Nprg(10), CWTX_Nprg(10), FMTX_Nprg(10), 
 Auto vars:     Size  Location     Type
  j               2   58[BANK0 ] int 
  i               2   56[BANK0 ] int 
  i               2   50[BANK0 ] int 
  i               2   54[BANK0 ] int 
  Nprg_b         34   16[BANK0 ] int [17]
  count           2   52[BANK0 ] int 
 Return value:  Size  Location     Type
                  1    wreg      void 
 Registers used:
		wreg, fsr0l, fsr0h, status,2, status,0, btemp+1, pclath, cstack
 Tracked objects:
		On entry : 
		On exit  : 
		Unchanged: 
 Data sizes:     COMMON   BANK0   BANK1   BANK3   BANK2
      Params:         4       0       0       0       0
      Locals:         0      44       0       0       0
      Temps:          0      16       0       0       0
      Totals:         4      60       0       0       0
Total ram usage:       64 bytes
 Hardware stack levels used:    1
 Hardware stack levels required when called:    2
 This function calls:
		_H_OUT
		_L_OUT
		_STBOUT
		___awdiv
 This function is called by:
		_FMTX
		_CWTX
		_FMRX
 This function uses a non-reentrant model


 *************** function ___awdiv *****************
 Defined at:
		line 6 in file "C:\Program Files (x86)\Microchip\xc8\v1.38\sources\common\awdiv.c"
 Parameters:    Size  Location     Type
  divisor         2    0[COMMON] int 
  dividend        2    2[COMMON] int 
 Auto vars:     Size  Location     Type
  quotient        2    7[COMMON] int 
  sign            1    6[COMMON] unsigned char 
  counter         1    5[COMMON] unsigned char 
 Return value:  Size  Location     Type
                  2    0[COMMON] int 
 Registers used:
		wreg, status,2, status,0
 Tracked objects:
		On entry : 
		On exit  : 
		Unchanged: 
 Data sizes:     COMMON   BANK0   BANK1   BANK3   BANK2
      Params:         4       0       0       0       0
      Locals:         4       0       0       0       0
      Temps:          1       0       0       0       0
      Totals:         9       0       0       0       0
Total ram usage:        9 bytes
 Hardware stack levels used:    1
 This function calls:
		Nothing
 This function is called by:
		_OUTFQ
		_RFDOUT
 This function uses a non-reentrant model


 *************** function _OPINIT *****************
 Defined at:
		line 241 in file "FMCW.c"
 Parameters:    Size  Location     Type
  fmcwtxrx        2    4[COMMON] int 
 Auto vars:     Size  Location     Type
		None
 Return value:  Size  Location     Type
                  1    wreg      void 
 Registers used:
		wreg, status,2, status,0, btemp+1, pclath, cstack
 Tracked objects:
		On entry : 
		On exit  : 
		Unchanged: 
 Data sizes:     COMMON   BANK0   BANK1   BANK3   BANK2
      Params:         2       0       0       0       0
      Locals:         0       0       0       0       0
      Temps:          0       0       0       0       0
      Totals:         2       0       0       0       0
Total ram usage:        2 bytes
 Hardware stack levels used:    1
 Hardware stack levels required when called:    2
 This function calls:
		_H_OUT
		_L_OUT
		_STBOUT
 This function is called by:
		_FMTX
		_CWTX
		_FMRX
 This function uses a non-reentrant model


 *************** function _STBOUT *****************
 Defined at:
		line 107 in file "FMCW.c"
 Parameters:    Size  Location     Type
  fmcwtxrx        2    2[COMMON] int 
 Auto vars:     Size  Location     Type
		None
 Return value:  Size  Location     Type
                  1    wreg      void 
 Registers used:
		wreg, status,2, status,0, btemp+1, pclath, cstack
 Tracked objects:
		On entry : 
		On exit  : 
		Unchanged: 
 Data sizes:     COMMON   BANK0   BANK1   BANK3   BANK2
      Params:         2       0       0       0       0
      Locals:         0       0       0       0       0
      Temps:          0       0       0       0       0
      Totals:         2       0       0       0       0
Total ram usage:        2 bytes
 Hardware stack levels used:    1
 Hardware stack levels required when called:    1
 This function calls:
		__NOP
 This function is called by:
		_OUTFQ
		_RFDOUT
		_OPINIT
 This function uses a non-reentrant model


 *************** function _L_OUT *****************
 Defined at:
		line 40 in file "FMCW.c"
 Parameters:    Size  Location     Type
  fmcwtxrx        2    2[COMMON] int 
 Auto vars:     Size  Location     Type
		None
 Return value:  Size  Location     Type
                  1    wreg      void 
 Registers used:
		wreg, status,2, status,0, btemp+1, pclath, cstack
 Tracked objects:
		On entry : 
		On exit  : 
		Unchanged: 
 Data sizes:     COMMON   BANK0   BANK1   BANK3   BANK2
      Params:         2       0       0       0       0
      Locals:         0       0       0       0       0
      Temps:          0       0       0       0       0
      Totals:         2       0       0       0       0
Total ram usage:        2 bytes
 Hardware stack levels used:    1
 Hardware stack levels required when called:    1
 This function calls:
		__NOP
 This function is called by:
		_OUTFQ
		_RFDOUT
		_OPINIT
 This function uses a non-reentrant model


 *************** function _H_OUT *****************
 Defined at:
		line 74 in file "FMCW.c"
 Parameters:    Size  Location     Type
  fmcwtxrx        2    2[COMMON] int 
 Auto vars:     Size  Location     Type
		None
 Return value:  Size  Location     Type
                  1    wreg      void 
 Registers used:
		wreg, status,2, status,0, btemp+1, pclath, cstack
 Tracked objects:
		On entry : 
		On exit  : 
		Unchanged: 
 Data sizes:     COMMON   BANK0   BANK1   BANK3   BANK2
      Params:         2       0       0       0       0
      Locals:         0       0       0       0       0
      Temps:          0       0       0       0       0
      Totals:         2       0       0       0       0
Total ram usage:        2 bytes
 Hardware stack levels used:    1
 Hardware stack levels required when called:    1
 This function calls:
		__NOP
 This function is called by:
		_OUTFQ
		_RFDOUT
		_OPINIT
 This function uses a non-reentrant model


 *************** function __NOP *****************
 Defined at:
		line 349 in file "FMCW.c"
 Parameters:    Size  Location     Type
		None
 Auto vars:     Size  Location     Type
  i               2    0[COMMON] int 
 Return value:  Size  Location     Type
                  1    wreg      void 
 Registers used:
		wreg, status,2, btemp+1
 Tracked objects:
		On entry : 
		On exit  : 
		Unchanged: 
 Data sizes:     COMMON   BANK0   BANK1   BANK3   BANK2
      Params:         0       0       0       0       0
      Locals:         2       0       0       0       0
      Temps:          0       0       0       0       0
      Totals:         2       0       0       0       0
Total ram usage:        2 bytes
 Hardware stack levels used:    1
 This function calls:
		Nothing
 This function is called by:
		_L_OUT
		_H_OUT
		_STBOUT
 This function uses a non-reentrant model



MODULE INFORMATION

Module		Function		Class		Link	Load	Size
UART.c
		_Init_SERIAL   		CODE           	084C	0000	26
		_putch         		CODE           	17C4	0000	9
		_NM_waddress   		CODE           	17EE	0000	19

UART.c estimated size: 54

Init_MPU.c
		_Init_MPU      		CODE           	0898	0000	30

Init_MPU.c estimated size: 30

I2C.c
		_I2C_Master_Wait		CODE           	17D4	0000	10
		_EEPROM_Write  		CODE           	0B3B	0000	94
		_I2C_Master_Stop		CODE           	17B5	0000	8
		_Init_I2C_M    		CODE           	098F	0000	53
		_I2C_Master_Write		CODE           	17BC	0000	9
		_I2C_Master_Start		CODE           	17AE	0000	8

I2C.c estimated size: 182

C:\Program Files (x86)\Microchip\xc8\v1.38\sources\common\awdiv.c
		___awdiv       		CODE           	0AE2	0000	90

C:\Program Files (x86)\Microchip\xc8\v1.38\sources\common\awdiv.c estimated size: 90

FMCW.c
		_H_OUT         		CODE           	09C3	0000	71
		__NOP          		CODE           	0837	0000	22
		_L_OUT         		CODE           	0A09	0000	71
		_OUTFQ         		CODE           	00AC	0000	636
		_FMRX          		CODE           	0909	0000	45
		_FMTX          		CODE           	0935	0000	45
		_RFDOUT        		CODE           	0D39	0000	226
		_CWTX          		CODE           	08DD	0000	45
		_STBOUT        		CODE           	0961	0000	47
		_OPINIT        		CODE           	0CBC	0000	126

FMCW.c estimated size: 1334

C:\Program Files (x86)\Microchip\xc8\v1.38\sources\common\lldiv.c
		___lldiv       		CODE           	0B98	0000	95

C:\Program Files (x86)\Microchip\xc8\v1.38\sources\common\lldiv.c estimated size: 95

WDT.c
		_Init_WDT      		CODE           	0823	0000	21

WDT.c estimated size: 21

shared
		__stringtab    		STRING         	0800	0000	7
		__initialization		CODE           	07B3	0000	74
		_commandSize   		STRING         	0806	0000	3

shared estimated size: 84

decode_AX25.c
		_getdata       		CODE           	0BF6	0000	98
		_fcscheck      		CODE           	002A	0000	131
		_ReceivePacket_data		CODE           	0C57	0000	102
		_getbit        		CODE           	0A96	0000	77
		_waitFlag      		CODE           	0327	0000	1165

decode_AX25.c estimated size: 1573

C:\Program Files (x86)\Microchip\xc8\v1.38\sources\common\doprnt.c
		_printf        		CODE           	0A4F	0000	72

C:\Program Files (x86)\Microchip\xc8\v1.38\sources\common\doprnt.c estimated size: 72

EPS.c
		_Reset_EPS     		CODE           	0007	0000	36

EPS.c estimated size: 36

main.c
		_main          		CODE           	0E1A	0000	487

main.c estimated size: 487

